Archive member included to satisfy reference by file (symbol)

c:/nxp/mcuxpressoide_11.8.1_1197/ide/plugins/com.nxp.mcuxpresso.tools.win32_11.8.1.202308071233/tools/bin/../lib/gcc/arm-none-eabi/12.2.1/../../../../arm-none-eabi/lib/thumb/v7e-m+dp/hard\libcr_nohost_nf.a(_cr__main.o)
                              ./startup/startup_mimxrt1021.o (__main)
c:/nxp/mcuxpressoide_11.8.1_1197/ide/plugins/com.nxp.mcuxpresso.tools.win32_11.8.1.202308071233/tools/bin/../lib/gcc/arm-none-eabi/12.2.1/../../../../arm-none-eabi/lib/thumb/v7e-m+dp/hard\libcr_c.a(memset.o)
                              ./utilities/fsl_debug_console.o (memset)
c:/nxp/mcuxpressoide_11.8.1_1197/ide/plugins/com.nxp.mcuxpresso.tools.win32_11.8.1.202308071233/tools/bin/../lib/gcc/arm-none-eabi/12.2.1/../../../../arm-none-eabi/lib/thumb/v7e-m+dp/hard\libcr_c.a(alloc.o)
                              ./drivers/fsl_common.o (malloc)
c:/nxp/mcuxpressoide_11.8.1_1197/ide/plugins/com.nxp.mcuxpresso.tools.win32_11.8.1.202308071233/tools/bin/../lib/gcc/arm-none-eabi/12.2.1/../../../../arm-none-eabi/lib/thumb/v7e-m+dp/hard\libcr_c.a(errno.o)
                              ./utilities/fsl_str.o (errno)
c:/nxp/mcuxpressoide_11.8.1_1197/ide/plugins/com.nxp.mcuxpresso.tools.win32_11.8.1.202308071233/tools/bin/../lib/gcc/arm-none-eabi/12.2.1/../../../../arm-none-eabi/lib/thumb/v7e-m+dp/hard\libcr_c.a(initio.o)
                              c:/nxp/mcuxpressoide_11.8.1_1197/ide/plugins/com.nxp.mcuxpresso.tools.win32_11.8.1.202308071233/tools/bin/../lib/gcc/arm-none-eabi/12.2.1/../../../../arm-none-eabi/lib/thumb/v7e-m+dp/hard\libcr_nohost_nf.a(_cr__main.o) (_initio)
c:/nxp/mcuxpressoide_11.8.1_1197/ide/plugins/com.nxp.mcuxpresso.tools.win32_11.8.1.202308071233/tools/bin/../lib/gcc/arm-none-eabi/12.2.1/../../../../arm-none-eabi/lib/thumb/v7e-m+dp/hard\libcr_c.a(scanf.o)
                              ./utilities/fsl_str.o (strtoul)
c:/nxp/mcuxpressoide_11.8.1_1197/ide/plugins/com.nxp.mcuxpresso.tools.win32_11.8.1.202308071233/tools/bin/../lib/gcc/arm-none-eabi/12.2.1/../../../../arm-none-eabi/lib/thumb/v7e-m+dp/hard\libcr_c.a(setvbuf.o)
                              c:/nxp/mcuxpressoide_11.8.1_1197/ide/plugins/com.nxp.mcuxpresso.tools.win32_11.8.1.202308071233/tools/bin/../lib/gcc/arm-none-eabi/12.2.1/../../../../arm-none-eabi/lib/thumb/v7e-m+dp/hard\libcr_c.a(initio.o) (setvbuf)
c:/nxp/mcuxpressoide_11.8.1_1197/ide/plugins/com.nxp.mcuxpresso.tools.win32_11.8.1.202308071233/tools/bin/../lib/gcc/arm-none-eabi/12.2.1/../../../../arm-none-eabi/lib/thumb/v7e-m+dp/hard\libcr_c.a(strlen.o)
                              ./utilities/fsl_str.o (strlen)
c:/nxp/mcuxpressoide_11.8.1_1197/ide/plugins/com.nxp.mcuxpresso.tools.win32_11.8.1.202308071233/tools/bin/../lib/gcc/arm-none-eabi/12.2.1/../../../../arm-none-eabi/lib/thumb/v7e-m+dp/hard\libcr_c.a(ungetc.o)
                              c:/nxp/mcuxpressoide_11.8.1_1197/ide/plugins/com.nxp.mcuxpresso.tools.win32_11.8.1.202308071233/tools/bin/../lib/gcc/arm-none-eabi/12.2.1/../../../../arm-none-eabi/lib/thumb/v7e-m+dp/hard\libcr_c.a(scanf.o) (ungetc)
c:/nxp/mcuxpressoide_11.8.1_1197/ide/plugins/com.nxp.mcuxpresso.tools.win32_11.8.1.202308071233/tools/bin/../lib/gcc/arm-none-eabi/12.2.1/../../../../arm-none-eabi/lib/thumb/v7e-m+dp/hard\libcr_c.a(__fillbuf.o)
                              c:/nxp/mcuxpressoide_11.8.1_1197/ide/plugins/com.nxp.mcuxpresso.tools.win32_11.8.1.202308071233/tools/bin/../lib/gcc/arm-none-eabi/12.2.1/../../../../arm-none-eabi/lib/thumb/v7e-m+dp/hard\libcr_c.a(scanf.o) (__filbuf)
c:/nxp/mcuxpressoide_11.8.1_1197/ide/plugins/com.nxp.mcuxpresso.tools.win32_11.8.1.202308071233/tools/bin/../lib/gcc/arm-none-eabi/12.2.1/../../../../arm-none-eabi/lib/thumb/v7e-m+dp/hard\libcr_c.a(__init_alloc.o)
                              c:/nxp/mcuxpressoide_11.8.1_1197/ide/plugins/com.nxp.mcuxpresso.tools.win32_11.8.1.202308071233/tools/bin/../lib/gcc/arm-none-eabi/12.2.1/../../../../arm-none-eabi/lib/thumb/v7e-m+dp/hard\libcr_c.a(alloc.o) (__heaps)
c:/nxp/mcuxpressoide_11.8.1_1197/ide/plugins/com.nxp.mcuxpresso.tools.win32_11.8.1.202308071233/tools/bin/../lib/gcc/arm-none-eabi/12.2.1/../../../../arm-none-eabi/lib/thumb/v7e-m+dp/hard\libcr_c.a(_cr_sbrk.o)
                              c:/nxp/mcuxpressoide_11.8.1_1197/ide/plugins/com.nxp.mcuxpresso.tools.win32_11.8.1.202308071233/tools/bin/../lib/gcc/arm-none-eabi/12.2.1/../../../../arm-none-eabi/lib/thumb/v7e-m+dp/hard\libcr_c.a(alloc.o) (_sbrk)
c:/nxp/mcuxpressoide_11.8.1_1197/ide/plugins/com.nxp.mcuxpresso.tools.win32_11.8.1.202308071233/tools/bin/../lib/gcc/arm-none-eabi/12.2.1/../../../../arm-none-eabi/lib/thumb/v7e-m+dp/hard\libcr_c.a(_deferredlazyseek.o)
                              c:/nxp/mcuxpressoide_11.8.1_1197/ide/plugins/com.nxp.mcuxpresso.tools.win32_11.8.1.202308071233/tools/bin/../lib/gcc/arm-none-eabi/12.2.1/../../../../arm-none-eabi/lib/thumb/v7e-m+dp/hard\libcr_c.a(__fillbuf.o) (_deferredlazyseek)
[...]
Memory Configuration

Name             Origin             Length             Attributes
BOARD_FLASH      0x60000000         0x00800000         xr
SRAM_DTC         0x20000000         0x00010000         xrw
SRAM_ITC         0x00000000         0x00010000         xrw
SRAM_OC          0x20200000         0x00020000         xrw
BOARD_SDRAM      0x80000000         0x01e00000         xrw
NCACHE_REGION    0x81e00000         0x00200000         xrw
*default*        0x00000000         0xffffffff

Linker script and memory map

LOAD ./xip/evkmimxrt1020_flexspi_nor_config.o
LOAD ./xip/fsl_flexspi_nor_boot.o
LOAD ./utilities/fsl_assert.o
LOAD ./utilities/fsl_debug_console.o
LOAD ./utilities/fsl_memcpy.o
LOAD ./utilities/fsl_str.o
LOAD ./startup/startup_mimxrt1021.o
LOAD ./source/freertos_generic.o
LOAD ./source/semihost_hardfault.o
LOAD ./freertos/freertos-kernel/portable/MemMang/heap_4.o
LOAD ./freertos/freertos-kernel/portable/GCC/ARM_CM4F/port.o
LOAD ./freertos/freertos-kernel/croutine.o
LOAD ./freertos/freertos-kernel/event_groups.o
LOAD ./freertos/freertos-kernel/list.o
LOAD ./freertos/freertos-kernel/queue.o
LOAD ./freertos/freertos-kernel/stream_buffer.o
LOAD ./freertos/freertos-kernel/tasks.o
LOAD ./freertos/freertos-kernel/timers.o
LOAD ./drivers/fsl_clock.o
LOAD ./drivers/fsl_common.o
LOAD ./drivers/fsl_common_arm.o
LOAD ./drivers/fsl_gpio.o
LOAD ./drivers/fsl_lpuart.o
LOAD ./device/system_MIMXRT1021.o
LOAD ./component/uart/fsl_adapter_lpuart.o
LOAD ./component/serial_manager/fsl_component_serial_manager.o
LOAD ./component/serial_manager/fsl_component_serial_port_uart.o
LOAD ./component/lists/fsl_component_generic_list.o
LOAD ./board/board.o
LOAD ./board/clock_config.o
LOAD ./board/dcd.o
LOAD ./board/pin_mux.o
START GROUP
LOAD c:/nxp/mcuxpressoide_11.8.1_1197/ide/plugins/com.nxp.mcuxpresso.tools.win32_11.8.1.202308071233/tools/bin/../lib/gcc/arm-none-eabi/12.2.1/../../../../arm-none-eabi/lib/thumb/v7e-m+dp/hard\libcr_nohost_nf.a
LOAD c:/nxp/mcuxpressoide_11.8.1_1197/ide/plugins/com.nxp.mcuxpresso.tools.win32_11.8.1.202308071233/tools/bin/../lib/gcc/arm-none-eabi/12.2.1/../../../../arm-none-eabi/lib/thumb/v7e-m+dp/hard\libcr_c.a
LOAD c:/nxp/mcuxpressoide_11.8.1_1197/ide/plugins/com.nxp.mcuxpresso.tools.win32_11.8.1.202308071233/tools/bin/../lib/gcc/arm-none-eabi/12.2.1/thumb/v7e-m+dp/hard\libcr_eabihelpers.a
LOAD c:/nxp/mcuxpressoide_11.8.1_1197/ide/plugins/com.nxp.mcuxpresso.tools.win32_11.8.1.202308071233/tools/bin/../lib/gcc/arm-none-eabi/12.2.1/thumb/v7e-m+dp/hard\libgcc.a
END GROUP
                0x60000000                __base_BOARD_FLASH = 0x60000000
                0x60000000                __base_Flash = 0x60000000
                0x60800000                __top_BOARD_FLASH = 0x60800000
                0x60800000                __top_Flash = 0x60800000
                0x20000000                __base_SRAM_DTC = 0x20000000
                0x20000000                __base_RAM = 0x20000000
                0x20010000                __top_SRAM_DTC = 0x20010000
                0x20010000                __top_RAM = 0x20010000
                0x00000000                __base_SRAM_ITC = 0x0
                0x00000000                __base_RAM2 = 0x0
                0x00010000                __top_SRAM_ITC = 0x10000
                0x00010000                __top_RAM2 = 0x10000
                0x20200000                __base_SRAM_OC = 0x20200000
                0x20200000                __base_RAM3 = 0x20200000
                0x20220000                __top_SRAM_OC = 0x20220000
                0x20220000                __top_RAM3 = 0x20220000
                0x80000000                __base_BOARD_SDRAM = 0x80000000
                0x80000000                __base_RAM4 = 0x80000000
                0x81e00000                __top_BOARD_SDRAM = 0x81e00000
                0x81e00000                __top_RAM4 = 0x81e00000
                0x81e00000                __base_NCACHE_REGION = 0x81e00000
                0x81e00000                __base_RAM5 = 0x81e00000
                0x82000000                __top_NCACHE_REGION = 0x82000000
                0x82000000                __top_RAM5 = 0x82000000

.boot_hdr       0x60000000     0x2000
 FILL mask 0xff
                0x60000000                __boot_hdr_start__ = ABSOLUTE (.)
 *(SORT_BY_ALIGNMENT(.boot_hdr.conf))
 .boot_hdr.conf
                0x60000000      0x200 ./xip/evkmimxrt1020_flexspi_nor_config.o
                0x60000000                qspiflash_config
                0x00001000                . = 0x1000
 *fill*         0x60000200      0xe00 ff
 *(SORT_BY_ALIGNMENT(.boot_hdr.ivt))
 .boot_hdr.ivt  0x60001000       0x20 ./xip/fsl_flexspi_nor_boot.o
                0x60001000                image_vector_table
                0x00001020                . = 0x1020
 *(SORT_BY_ALIGNMENT(.boot_hdr.boot_data))
 .boot_hdr.boot_data
                0x60001020       0x10 ./xip/fsl_flexspi_nor_boot.o
                0x60001020                g_boot_data
                0x00001030                . = 0x1030
 *(SORT_BY_ALIGNMENT(.boot_hdr.dcd_data))
                0x60001030                __boot_hdr_end__ = ABSOLUTE (.)
                0x00002000                . = 0x2000
 *fill*         0x60001030      0xfd0 ff

.text           0x60002000     0x7294
 FILL mask 0xff
                0x60002000                __vectors_start__ = ABSOLUTE (.)
 *(SORT_BY_ALIGNMENT(.isr_vector))
 .isr_vector    0x60002000      0x278 ./startup/startup_mimxrt1021.o
                0x60002000                g_pfnVectors
                0x60002000                __Vectors
                0x60002278                . = ALIGN (0x4)
                0x60002278                __section_table_start = .
                0x60002278                __data_section_table = .
                0x60002278        0x4 LONG 0x60009294 LOADADDR (.data)
                0x6000227c        0x4 LONG 0x20000000 ADDR (.data)
                0x60002280        0x4 LONG 0xc SIZEOF (.data)
                0x60002284        0x4 LONG 0x60009294 LOADADDR (.data_RAM2)
                0x60002288        0x4 LONG 0x0 ADDR (.data_RAM2)
                0x6000228c        0x4 LONG 0x0 SIZEOF (.data_RAM2)
                0x60002290        0x4 LONG 0x60009294 LOADADDR (.data_RAM3)
                0x60002294        0x4 LONG 0x20200000 ADDR (.data_RAM3)
                0x60002298        0x4 LONG 0x0 SIZEOF (.data_RAM3)
                0x6000229c        0x4 LONG 0x60009294 LOADADDR (.data_RAM4)
                0x600022a0        0x4 LONG 0x80000000 ADDR (.data_RAM4)
                0x600022a4        0x4 LONG 0x0 SIZEOF (.data_RAM4)
                0x600022a8        0x4 LONG 0x60009294 LOADADDR (.data_RAM5)
                0x600022ac        0x4 LONG 0x81e00000 ADDR (.data_RAM5)
                0x600022b0        0x4 LONG 0x0 SIZEOF (.data_RAM5)
                0x600022b4                __data_section_table_end = .
                0x600022b4                __bss_section_table = .
                0x600022b4        0x4 LONG 0x2000000c ADDR (.bss)
                0x600022b8        0x4 LONG 0x2ae8 SIZEOF (.bss)
                0x600022bc        0x4 LONG 0x0 ADDR (.bss_RAM2)
                0x600022c0        0x4 LONG 0x0 SIZEOF (.bss_RAM2)
                0x600022c4        0x4 LONG 0x20200000 ADDR (.bss_RAM3)
                0x600022c8        0x4 LONG 0x0 SIZEOF (.bss_RAM3)
                0x600022cc        0x4 LONG 0x80000000 ADDR (.bss_RAM4)
                0x600022d0        0x4 LONG 0x0 SIZEOF (.bss_RAM4)
                0x600022d4        0x4 LONG 0x81e00000 ADDR (.bss_RAM5)
                0x600022d8        0x4 LONG 0x0 SIZEOF (.bss_RAM5)
                0x600022dc                __bss_section_table_end = .
                0x600022dc                __section_table_end = .
 *(SORT_BY_ALIGNMENT(.after_vectors*))
 .after_vectors.reset
                0x600022dc       0x54 ./startup/startup_mimxrt1021.o
                0x600022dc                ResetISR
 .after_vectors.init_data
                0x60002330       0x1e ./startup/startup_mimxrt1021.o
                0x60002330                data_init
 .after_vectors.init_bss
                0x6000234e       0x12 ./startup/startup_mimxrt1021.o
                0x6000234e                bss_init
 .after_vectors
                0x60002360       0x14 ./startup/startup_mimxrt1021.o
                0x60002360                NMI_Handler
                0x60002364                MemManage_Handler
                0x60002366                BusFault_Handler
                0x60002368                UsageFault_Handler
                0x6000236c                DebugMon_Handler
                0x60002372                SAI3_RX_DriverIRQHandler
                0x60002372                CCM_2_DriverIRQHandler
                0x60002372                PIT_DriverIRQHandler
                0x60002372                Reserved102_DriverIRQHandler
                0x60002372                Reserved152_DriverIRQHandler
                0x60002372                DMA13_DMA29_DriverIRQHandler
                0x60002372                FLEXRAM_DriverIRQHandler
                0x60002372                LPSPI4_DriverIRQHandler
                0x60002372                SEMC_DriverIRQHandler
                0x60002372                SPDIF_DriverIRQHandler
                0x60002372                KPP_DriverIRQHandler
                0x60002372                USB_PHY_DriverIRQHandler
                0x60002372                GPIO3_Combined_0_15_DriverIRQHandler
                0x60002372                Reserved82_DriverIRQHandler
                0x60002372                DMA7_DMA23_DriverIRQHandler
                0x60002372                BEE_DriverIRQHandler
                0x60002372                LPI2C3_DriverIRQHandler
                0x60002372                GPR_IRQ_DriverIRQHandler
                0x60002372                Reserved103_DriverIRQHandler
                0x60002372                PWM2_FAULT_DriverIRQHandler
                0x60002372                Reserved56_DriverIRQHandler
                0x60002372                DMA14_DMA30_DriverIRQHandler
                0x60002372                TMR1_DriverIRQHandler
                0x60002372                TRNG_DriverIRQHandler
                0x60002372                ENET_1588_Timer_DriverIRQHandler
                0x60002372                GPIO2_Combined_16_31_DriverIRQHandler
                0x60002372                Reserved143_DriverIRQHandler
                0x60002372                LPSPI2_DriverIRQHandler
                0x60002372                Reserved151_DriverIRQHandler
                0x60002372                DMA0_DMA16_DriverIRQHandler
                0x60002372                IntDefaultHandler
                0x60002372                DMA2_DMA18_DriverIRQHandler
                0x60002372                SRC_DriverIRQHandler
                0x60002372                GPIO1_INT4_DriverIRQHandler
                0x60002372                Reserved144_DriverIRQHandler
                0x60002372                USDHC1_DriverIRQHandler
                0x60002372                SNVS_LP_HP_WRAPPER_DriverIRQHandler
                0x60002372                Reserved87_DriverIRQHandler
                0x60002372                WDOG1_DriverIRQHandler
                0x60002372                FLEXIO1_DriverIRQHandler
                0x60002372                ENET_DriverIRQHandler
                0x60002372                Reserved78_DriverIRQHandler
                0x60002372                ENC2_DriverIRQHandler
                0x60002372                ADC_ETC_IRQ2_DriverIRQHandler
                0x60002372                GPIO1_Combined_16_31_DriverIRQHandler
                0x60002372                GPIO1_INT7_DriverIRQHandler
                0x60002372                SAI1_DriverIRQHandler
                0x60002372                DCDC_DriverIRQHandler
                0x60002372                DMA12_DMA28_DriverIRQHandler
                0x60002372                ADC_ETC_ERROR_IRQ_DriverIRQHandler
                0x60002372                ACMP2_DriverIRQHandler
                0x60002372                GPIO5_Combined_0_15_DriverIRQHandler
                0x60002372                GPIO1_INT0_DriverIRQHandler
                0x60002372                GPIO1_INT2_DriverIRQHandler
                0x60002372                RTWDOG_DriverIRQHandler
                0x60002372                FLEXSPI_DriverIRQHandler
                0x60002372                GPT2_DriverIRQHandler
                0x60002372                DMA10_DMA26_DriverIRQHandler
                0x60002372                PWM2_1_DriverIRQHandler
                0x60002372                PWM1_1_DriverIRQHandler
                0x60002372                ADC1_DriverIRQHandler
                0x60002372                Reserved148_DriverIRQHandler
                0x60002372                PWM1_0_DriverIRQHandler
                0x60002372                DMA1_DMA17_DriverIRQHandler
                0x60002372                ENC1_DriverIRQHandler
                0x60002372                CAN2_DriverIRQHandler
                0x60002372                DCP_DriverIRQHandler
                0x60002372                CTI0_ERROR_DriverIRQHandler
                0x60002372                DMA8_DMA24_DriverIRQHandler
                0x60002372                GPT1_DriverIRQHandler
                0x60002372                ACMP3_DriverIRQHandler
                0x60002372                DMA6_DMA22_DriverIRQHandler
                0x60002372                CSU_DriverIRQHandler
                0x60002372                GPIO1_INT5_DriverIRQHandler
                0x60002372                TMR2_DriverIRQHandler
                0x60002372                CTI1_ERROR_DriverIRQHandler
                0x60002372                GPIO1_Combined_0_15_DriverIRQHandler
                0x60002372                USDHC2_DriverIRQHandler
                0x60002372                EWM_DriverIRQHandler
                0x60002372                SAI2_DriverIRQHandler
                0x60002372                CORE_DriverIRQHandler
                0x60002372                Reserved147_DriverIRQHandler
                0x60002372                DMA11_DMA27_DriverIRQHandler
                0x60002372                PWM2_3_DriverIRQHandler
                0x60002372                Reserved60_DriverIRQHandler
                0x60002372                XBAR1_IRQ_2_3_DriverIRQHandler
                0x60002372                SNVS_HP_WRAPPER_TZ_DriverIRQHandler
                0x60002372                GPIO3_Combined_16_31_DriverIRQHandler
                0x60002372                PWM1_FAULT_DriverIRQHandler
                0x60002372                LPI2C1_DriverIRQHandler
                0x60002372                PWM2_2_DriverIRQHandler
                0x60002372                Reserved128_DriverIRQHandler
                0x60002372                DMA4_DMA20_DriverIRQHandler
                0x60002372                DMA9_DMA25_DriverIRQHandler
                0x60002372                SNVS_HP_WRAPPER_DriverIRQHandler
                0x60002372                XBAR1_IRQ_0_1_DriverIRQHandler
                0x60002372                ADC_ETC_IRQ1_DriverIRQHandler
                0x60002372                LPSPI1_DriverIRQHandler
                0x60002372                DMA3_DMA19_DriverIRQHandler
                0x60002372                GPIO1_INT3_DriverIRQHandler
                0x60002372                DCP_VMI_DriverIRQHandler
                0x60002372                LPI2C4_DriverIRQHandler
                0x60002372                GPC_DriverIRQHandler
                0x60002372                Reserved123_DriverIRQHandler
                0x60002372                GPIO2_Combined_0_15_DriverIRQHandler
                0x60002372                PWM1_2_DriverIRQHandler
                0x60002372                USB_OTG1_DriverIRQHandler
                0x60002372                TEMP_LOW_HIGH_DriverIRQHandler
                0x60002372                SAI3_TX_DriverIRQHandler
                0x60002372                WDOG2_DriverIRQHandler
                0x60002372                Reserved68_DriverIRQHandler
                0x60002372                PMU_DriverIRQHandler
                0x60002372                Reserved59_DriverIRQHandler
                0x60002372                GPIO5_Combined_16_31_DriverIRQHandler
                0x60002372                DMA5_DMA21_DriverIRQHandler
                0x60002372                CCM_1_DriverIRQHandler
                0x60002372                ADC2_DriverIRQHandler
                0x60002372                Reserved58_DriverIRQHandler
                0x60002372                Reserved115_DriverIRQHandler
                0x60002372                TEMP_PANIC_DriverIRQHandler
                0x60002372                ACMP4_DriverIRQHandler
                0x60002372                DMA15_DMA31_DriverIRQHandler
                0x60002372                Reserved107_DriverIRQHandler
                0x60002372                LPSPI3_DriverIRQHandler
                0x60002372                PWM1_3_DriverIRQHandler
                0x60002372                Reserved70_DriverIRQHandler
                0x60002372                ACMP1_DriverIRQHandler
                0x60002372                LPI2C2_DriverIRQHandler
                0x60002372                Reserved86_DriverIRQHandler
                0x60002372                DMA_ERROR_DriverIRQHandler
                0x60002372                ADC_ETC_IRQ0_DriverIRQHandler
                0x60002372                CAN1_DriverIRQHandler
                0x60002372                GPIO1_INT6_DriverIRQHandler
                0x60002372                GPIO1_INT1_DriverIRQHandler
                0x60002372                PWM2_0_DriverIRQHandler
 *(SORT_BY_ALIGNMENT(.text*))
 *fill*         0x60002374        0xc ff
 .text.SVC_Handler
                0x60002380       0x28 ./freertos/freertos-kernel/portable/GCC/ARM_CM4F/port.o
                0x60002380                SVC_Handler
 *fill*         0x600023a8        0x8 ff
 .text.PendSV_Handler
                0x600023b0       0x68 ./freertos/freertos-kernel/portable/GCC/ARM_CM4F/port.o
                0x600023b0                PendSV_Handler
 .text.__assertion_failed
                0x60002418       0x18 ./utilities/fsl_assert.o
                0x60002418                __assertion_failed
 .text.DbgConsole_SendDataReliable
                0x60002430       0x54 ./utilities/fsl_debug_console.o
                0x60002430                DbgConsole_SendDataReliable
 .text.DbgConsole_Init
                0x60002484      0x138 ./utilities/fsl_debug_console.o
                0x60002484                DbgConsole_Init
 .text.DbgConsole_Vprintf
                0x600025bc       0x6c ./utilities/fsl_debug_console.o
                0x600025bc                DbgConsole_Vprintf
 .text          0x60002628       0xa0 ./utilities/fsl_memcpy.o
                0x60002628                memcpy
 .text.main     0x600026c8      0x12c ./source/freertos_generic.o
                0x600026c8                main
 .text.vExampleTimerCallback
                0x600027f4       0x24 ./source/freertos_generic.o
 .text.prvQueueSendTask
                0x60002818       0x38 ./source/freertos_generic.o
 .text.prvQueueReceiveTask
                0x60002850       0x44 ./source/freertos_generic.o
 .text.prvEventSemaphoreTask
                0x60002894       0x44 ./source/freertos_generic.o
 .text.vApplicationTickHook
                0x600028d8       0x44 ./source/freertos_generic.o
                0x600028d8                vApplicationTickHook
 .text.pvPortMalloc
                0x6000291c      0x17c ./freertos/freertos-kernel/portable/MemMang/heap_4.o
                0x6000291c                pvPortMalloc
 .text.vPortFree
                0x60002a98       0xb8 ./freertos/freertos-kernel/portable/MemMang/heap_4.o
                0x60002a98                vPortFree
 .text.xPortGetFreeHeapSize
                0x60002b50       0x18 ./freertos/freertos-kernel/portable/MemMang/heap_4.o
                0x60002b50                xPortGetFreeHeapSize
 .text.prvHeapInit
                0x60002b68       0xb8 ./freertos/freertos-kernel/portable/MemMang/heap_4.o
 .text.prvInsertBlockIntoFreeList
                0x60002c20       0xb4 ./freertos/freertos-kernel/portable/MemMang/heap_4.o
 .text.pxPortInitialiseStack
                0x60002cd4       0x68 ./freertos/freertos-kernel/portable/GCC/ARM_CM4F/port.o
                0x60002cd4                pxPortInitialiseStack
 .text.prvTaskExitError
                0x60002d3c       0x58 ./freertos/freertos-kernel/portable/GCC/ARM_CM4F/port.o
 .text.prvPortStartFirstTask
                0x60002d94       0x2c ./freertos/freertos-kernel/portable/GCC/ARM_CM4F/port.o
 .text.xPortStartScheduler
                0x60002dc0      0x144 ./freertos/freertos-kernel/portable/GCC/ARM_CM4F/port.o
                0x60002dc0                xPortStartScheduler
 .text.vPortEnterCritical
                0x60002f04       0x60 ./freertos/freertos-kernel/portable/GCC/ARM_CM4F/port.o
                0x60002f04                vPortEnterCritical
 .text.vPortExitCritical
                0x60002f64       0x54 ./freertos/freertos-kernel/portable/GCC/ARM_CM4F/port.o
                0x60002f64                vPortExitCritical
 .text.SysTick_Handler
                0x60002fb8       0x44 ./freertos/freertos-kernel/portable/GCC/ARM_CM4F/port.o
                0x60002fb8                SysTick_Handler
 .text.vPortSetupTimerInterrupt
                0x60002ffc       0x48 ./freertos/freertos-kernel/portable/GCC/ARM_CM4F/port.o
                0x60002ffc                vPortSetupTimerInterrupt
 .text.vPortEnableVFP
                0x60003044       0x18 ./freertos/freertos-kernel/portable/GCC/ARM_CM4F/port.o
 .text.vPortValidateInterruptPriority
                0x6000305c       0x80 ./freertos/freertos-kernel/portable/GCC/ARM_CM4F/port.o
                0x6000305c                vPortValidateInterruptPriority
 .text.xQueueGenericReset
                0x600030dc      0x120 ./freertos/freertos-kernel/queue.o
                0x600030dc                xQueueGenericReset
 .text.xQueueGenericSend
                0x600031fc      0x1fc ./freertos/freertos-kernel/queue.o
                0x600031fc                xQueueGenericSend
 .text.xQueueReceive
                0x600033f8      0x1c0 ./freertos/freertos-kernel/queue.o
                0x600033f8                xQueueReceive
 .text.xQueueSemaphoreTake
                0x600035b8      0x200 ./freertos/freertos-kernel/queue.o
                0x600035b8                xQueueSemaphoreTake
 .text.vQueueAddToRegistry
                0x600037b8       0x9c ./freertos/freertos-kernel/queue.o
                0x600037b8                vQueueAddToRegistry
 .text.prvAddNewTaskToReadyList
                0x60003854      0x12c ./freertos/freertos-kernel/tasks.o
 .text.xTaskDelayUntil
                0x60003980       0xfc ./freertos/freertos-kernel/tasks.o
                0x60003980                xTaskDelayUntil
 .text.vTaskStartScheduler
                0x60003a7c       0xa4 ./freertos/freertos-kernel/tasks.o
                0x60003a7c                vTaskStartScheduler
 .text.vTaskSuspendAll
                0x60003b20       0x1c ./freertos/freertos-kernel/tasks.o
                0x60003b20                vTaskSuspendAll
 .text.xTaskResumeAll
                0x60003b3c      0x1f8 ./freertos/freertos-kernel/tasks.o
                0x60003b3c                xTaskResumeAll
 .text.xTaskGetTickCount
                0x60003d34       0x20 ./freertos/freertos-kernel/tasks.o
                0x60003d34                xTaskGetTickCount
 .text.uxTaskGetNumberOfTasks
                0x60003d54       0x18 ./freertos/freertos-kernel/tasks.o
                0x60003d54                uxTaskGetNumberOfTasks
 .text.xTaskIncrementTick
                0x60003d6c      0x220 ./freertos/freertos-kernel/tasks.o
                0x60003d6c                xTaskIncrementTick
 .text.vTaskSwitchContext
                0x60003f8c      0x100 ./freertos/freertos-kernel/tasks.o
                0x60003f8c                vTaskSwitchContext
 .text.vTaskPlaceOnEventList
                0x6000408c       0x48 ./freertos/freertos-kernel/tasks.o
                0x6000408c                vTaskPlaceOnEventList
 .text.vTaskPlaceOnEventListRestricted
                0x600040d4       0x8c ./freertos/freertos-kernel/tasks.o
                0x600040d4                vTaskPlaceOnEventListRestricted
 .text.xTaskRemoveFromEventList
                0x60004160      0x1ac ./freertos/freertos-kernel/tasks.o
                0x60004160                xTaskRemoveFromEventList
 .text.vTaskInternalSetTimeOutState
                0x6000430c       0x2c ./freertos/freertos-kernel/tasks.o
                0x6000430c                vTaskInternalSetTimeOutState
 .text.xTaskCheckForTimeOut
                0x60004338       0xcc ./freertos/freertos-kernel/tasks.o
                0x60004338                xTaskCheckForTimeOut
 .text.vTaskMissedYield
                0x60004404       0x18 ./freertos/freertos-kernel/tasks.o
                0x60004404                vTaskMissedYield
 .text.prvIdleTask
                0x6000441c       0x34 ./freertos/freertos-kernel/tasks.o
 .text.prvInitialiseTaskLists
                0x60004450       0x80 ./freertos/freertos-kernel/tasks.o
 .text.prvCheckTasksWaitingTermination
                0x600044d0       0x5c ./freertos/freertos-kernel/tasks.o
 .text.prvResetNextTaskUnblockTime
                0x6000452c       0x38 ./freertos/freertos-kernel/tasks.o
 .text.xTaskGetSchedulerState
                0x60004564       0x3c ./freertos/freertos-kernel/tasks.o
                0x60004564                xTaskGetSchedulerState
 .text.xTaskPriorityInherit
                0x600045a0      0x13c ./freertos/freertos-kernel/tasks.o
                0x600045a0                xTaskPriorityInherit
 .text.xTaskPriorityDisinherit
                0x600046dc      0x148 ./freertos/freertos-kernel/tasks.o
                0x600046dc                xTaskPriorityDisinherit
 .text.vTaskPriorityDisinheritAfterTimeout
                0x60004824      0x170 ./freertos/freertos-kernel/tasks.o
                0x60004824                vTaskPriorityDisinheritAfterTimeout
 .text.pvTaskIncrementMutexHeldCount
                0x60004994       0x28 ./freertos/freertos-kernel/tasks.o
                0x60004994                pvTaskIncrementMutexHeldCount
 .text.prvAddCurrentTaskToDelayedList
                0x600049bc      0x100 ./freertos/freertos-kernel/tasks.o
 .text.xTimerCreateTimerTask
                0x60004abc       0x64 ./freertos/freertos-kernel/timers.o
                0x60004abc                xTimerCreateTimerTask
 .text.xTimerGenericCommand
                0x60004b20       0x9c ./freertos/freertos-kernel/timers.o
                0x60004b20                xTimerGenericCommand
 .text.prvProcessExpiredTimer
                0x60004bbc       0x60 ./freertos/freertos-kernel/timers.o
 .text.prvProcessTimerOrBlockTask
                0x60004c1c       0x9c ./freertos/freertos-kernel/timers.o
 .text.prvGetNextExpireTime
                0x60004cb8       0x48 ./freertos/freertos-kernel/timers.o
 .text.prvSampleTimeNow
                0x60004d00       0x40 ./freertos/freertos-kernel/timers.o
 .text.prvInsertTimerInActiveList
                0x60004d40       0x84 ./freertos/freertos-kernel/timers.o
 .text.prvProcessReceivedCommands
                0x60004dc4      0x1b4 ./freertos/freertos-kernel/timers.o
 .text.prvSwitchTimerLists
                0x60004f78       0x4c ./freertos/freertos-kernel/timers.o
 .text.prvCheckForValidListAndQueue
                0x60004fc4       0x6c ./freertos/freertos-kernel/timers.o
 .text.CLOCK_GetOscFreq
                0x60005030       0x30 ./drivers/fsl_clock.o
 .text.CLOCK_InitExternalClk
                0x60005060       0x6c ./drivers/fsl_clock.o
                0x60005060                CLOCK_InitExternalClk
 .text.CLOCK_SwitchOsc
                0x600050cc       0x34 ./drivers/fsl_clock.o
                0x600050cc                CLOCK_SwitchOsc
 .text.CLOCK_InitRcOsc24M
                0x60005100       0x24 ./drivers/fsl_clock.o
                0x60005100                CLOCK_InitRcOsc24M
 .text.CLOCK_InitSysPll
                0x60005124       0x9c ./drivers/fsl_clock.o
                0x60005124                CLOCK_InitSysPll
 .text.CLOCK_DeinitAudioPll
                0x600051c0       0x1c ./drivers/fsl_clock.o
                0x600051c0                CLOCK_DeinitAudioPll
 .text.CLOCK_InitEnetPll
                0x600051dc       0xa4 ./drivers/fsl_clock.o
                0x600051dc                CLOCK_InitEnetPll
 .text.CLOCK_GetPllFreq
                0x60005280      0x26c ./drivers/fsl_clock.o
                0x60005280                CLOCK_GetPllFreq
 .text.CLOCK_InitSysPfd
                0x600054ec       0x64 ./drivers/fsl_clock.o
                0x600054ec                CLOCK_InitSysPfd
 .text.CLOCK_ControlGate
                0x60005550       0x60 ./drivers/fsl_lpuart.o
 .text.LPUART_GetInstance
                0x600055b0       0x4c ./drivers/fsl_lpuart.o
                0x600055b0                LPUART_GetInstance
 .text.LPUART_Init
                0x600055fc      0x320 ./drivers/fsl_lpuart.o
                0x600055fc                LPUART_Init
 .text.LPUART_GetDefaultConfig
                0x6000591c       0x88 ./drivers/fsl_lpuart.o
                0x6000591c                LPUART_GetDefaultConfig
 .text.LPUART_WriteBlocking
                0x600059a4       0x68 ./drivers/fsl_lpuart.o
                0x600059a4                LPUART_WriteBlocking
 .text.LPUART1_DriverIRQHandler
                0x60005a0c       0x28 ./drivers/fsl_lpuart.o
                0x60005a0c                LPUART1_DriverIRQHandler
 .text.LPUART2_DriverIRQHandler
                0x60005a34       0x28 ./drivers/fsl_lpuart.o
                0x60005a34                LPUART2_DriverIRQHandler
 .text.LPUART3_DriverIRQHandler
                0x60005a5c       0x28 ./drivers/fsl_lpuart.o
                0x60005a5c                LPUART3_DriverIRQHandler
 .text.LPUART4_DriverIRQHandler
                0x60005a84       0x28 ./drivers/fsl_lpuart.o
                0x60005a84                LPUART4_DriverIRQHandler
 .text.LPUART5_DriverIRQHandler
                0x60005aac       0x28 ./drivers/fsl_lpuart.o
                0x60005aac                LPUART5_DriverIRQHandler
 .text.LPUART6_DriverIRQHandler
                0x60005ad4       0x28 ./drivers/fsl_lpuart.o
                0x60005ad4                LPUART6_DriverIRQHandler
 .text.LPUART7_DriverIRQHandler
                0x60005afc       0x28 ./drivers/fsl_lpuart.o
                0x60005afc                LPUART7_DriverIRQHandler
 .text.LPUART8_DriverIRQHandler
                0x60005b24       0x28 ./drivers/fsl_lpuart.o
                0x60005b24                LPUART8_DriverIRQHandler
 .text.SystemInit
                0x60005b4c      0x144 ./device/system_MIMXRT1021.o
                0x60005b4c                SystemInit
 .text.HAL_UartInitCommon
                0x60005c90       0xe0 ./component/uart/fsl_adapter_lpuart.o
 .text.HAL_UartInit
                0x60005d70       0x84 ./component/uart/fsl_adapter_lpuart.o
                0x60005d70                HAL_UartInit
 .text.HAL_UartSendBlocking
                0x60005df4       0x64 ./component/uart/fsl_adapter_lpuart.o
                0x60005df4                HAL_UartSendBlocking
 .text.ARM_MPU_Enable
                0x60005e58       0x44 ./board/board.o
 .text.ARM_MPU_Disable
                0x60005e9c       0x40 ./board/board.o
 .text.CLOCK_GetMux
                0x60005edc       0x44 ./board/board.o
 .text.CLOCK_GetDiv
                0x60005f20       0x44 ./board/board.o
 .text.CLOCK_GetOscFreq
                0x60005f64       0x30 ./board/board.o
 .text.BOARD_DebugConsoleSrcFreq
                0x60005f94       0x64 ./board/board.o
                0x60005f94                BOARD_DebugConsoleSrcFreq
 .text.BOARD_ConfigMPU
                0x60005ff8      0x324 ./board/board.o
                0x60005ff8                BOARD_ConfigMPU
 .text.CLOCK_SetMux
                0x6000631c       0x9c ./board/clock_config.o
 .text.CLOCK_SetDiv
                0x600063b8       0x9c ./board/clock_config.o
 .text.CLOCK_ControlGate
                0x60006454       0x60 ./board/clock_config.o
 .text.CLOCK_SetXtalFreq
                0x600064b4       0x20 ./board/clock_config.o
 .text.CLOCK_SetRtcXtalFreq
                0x600064d4       0x20 ./board/clock_config.o
 .text.IOMUXC_MQSConfig
                0x600064f4       0x44 ./board/clock_config.o
 .text.BOARD_BootClockRUN
                0x60006538      0x4ec ./board/clock_config.o
                0x60006538                BOARD_BootClockRUN
 .text.CLOCK_ControlGate
                0x60006a24       0x60 ./board/pin_mux.o
 .text.BOARD_InitPins
                0x60006a84       0x78 ./board/pin_mux.o
                0x60006a84                BOARD_InitPins
 .text._initio  0x60006afc       0x78 c:/nxp/mcuxpressoide_11.8.1_1197/ide/plugins/com.nxp.mcuxpresso.tools.win32_11.8.1.202308071233/tools/bin/../lib/gcc/arm-none-eabi/12.2.1/../../../../arm-none-eabi/lib/thumb/v7e-m+dp/hard\libcr_c.a(initio.o)
                0x60006afc                _initio
 .text._Cwritebuf
                0x60006b74       0x6c c:/nxp/mcuxpressoide_11.8.1_1197/ide/plugins/com.nxp.mcuxpresso.tools.win32_11.8.1.202308071233/tools/bin/../lib/gcc/arm-none-eabi/12.2.1/../../../../arm-none-eabi/lib/thumb/v7e-m+dp/hard\libcr_c.a(_writebuf.o)
                0x60006b74                _Cwritebuf
 .text.fflush   0x60006be0       0x3c c:/nxp/mcuxpressoide_11.8.1_1197/ide/plugins/com.nxp.mcuxpresso.tools.win32_11.8.1.202308071233/tools/bin/../lib/gcc/arm-none-eabi/12.2.1/../../../../arm-none-eabi/lib/thumb/v7e-m+dp/hard\libcr_c.a(fflush.o)
                0x60006be0                fflush
 .text.fseek    0x60006c1c       0xf8 c:/nxp/mcuxpressoide_11.8.1_1197/ide/plugins/com.nxp.mcuxpresso.tools.win32_11.8.1.202308071233/tools/bin/../lib/gcc/arm-none-eabi/12.2.1/../../../../arm-none-eabi/lib/thumb/v7e-m+dp/hard\libcr_c.a(fseek.o)
                0x60006c1c                fseek
 .text.ftell    0x60006d14       0x44 c:/nxp/mcuxpressoide_11.8.1_1197/ide/plugins/com.nxp.mcuxpresso.tools.win32_11.8.1.202308071233/tools/bin/../lib/gcc/arm-none-eabi/12.2.1/../../../../arm-none-eabi/lib/thumb/v7e-m+dp/hard\libcr_c.a(ftell.o)
                0x60006d14                ftell
 .text.DbgConsole_PrintCallback
                0x60006d58       0x66 ./utilities/fsl_debug_console.o
 .text.DbgConsole_Printf
                0x60006dbe       0x2c ./utilities/fsl_debug_console.o
                0x60006dbe                DbgConsole_Printf
 .text.PrintGetWidth
                0x60006dea       0x6a ./utilities/fsl_str.o
 .text.PrintGetPrecision
                0x60006e54       0x8c ./utilities/fsl_str.o
 .text.PrintIsobpu
                0x60006ee0       0x38 ./utilities/fsl_str.o
 .text.PrintIsdi
                0x60006f18       0x2c ./utilities/fsl_str.o
 .text.PrintOutputdifFobpu
                0x60006f44       0x44 ./utilities/fsl_str.o
 .text.PrintOutputxX
                0x60006f88       0x44 ./utilities/fsl_str.o
 .text.PrintIsfF
                0x60006fcc       0x2c ./utilities/fsl_str.o
 .text.PrintIsxX
                0x60006ff8       0x2c ./utilities/fsl_str.o
 .text.PrintFilterLengthFlag
                0x60007024       0x3e ./utilities/fsl_str.o
 .text.PrintGetRadixFromobpu
                0x60007062       0x40 ./utilities/fsl_str.o
 .text.ConvertRadixNumToString
                0x600070a2       0xc2 ./utilities/fsl_str.o
 .text.StrFormatPrintf
                0x60007164      0x2ac ./utilities/fsl_str.o
                0x60007164                StrFormatPrintf
 .text.DMA0_DMA16_IRQHandler
                0x60007410        0x8 ./startup/startup_mimxrt1021.o
                0x60007410                DMA0_DMA16_IRQHandler
 .text.DMA1_DMA17_IRQHandler
                0x60007418        0x8 ./startup/startup_mimxrt1021.o
                0x60007418                DMA1_DMA17_IRQHandler
 .text.DMA2_DMA18_IRQHandler
                0x60007420        0x8 ./startup/startup_mimxrt1021.o
                0x60007420                DMA2_DMA18_IRQHandler
 .text.DMA3_DMA19_IRQHandler
                0x60007428        0x8 ./startup/startup_mimxrt1021.o
                0x60007428                DMA3_DMA19_IRQHandler
 .text.DMA4_DMA20_IRQHandler
                0x60007430        0x8 ./startup/startup_mimxrt1021.o
                0x60007430                DMA4_DMA20_IRQHandler
 .text.DMA5_DMA21_IRQHandler
                0x60007438        0x8 ./startup/startup_mimxrt1021.o
                0x60007438                DMA5_DMA21_IRQHandler
 .text.DMA6_DMA22_IRQHandler
                0x60007440        0x8 ./startup/startup_mimxrt1021.o
                0x60007440                DMA6_DMA22_IRQHandler
 .text.DMA7_DMA23_IRQHandler
                0x60007448        0x8 ./startup/startup_mimxrt1021.o
                0x60007448                DMA7_DMA23_IRQHandler
 .text.DMA8_DMA24_IRQHandler
                0x60007450        0x8 ./startup/startup_mimxrt1021.o
                0x60007450                DMA8_DMA24_IRQHandler
 .text.DMA9_DMA25_IRQHandler
                0x60007458        0x8 ./startup/startup_mimxrt1021.o
                0x60007458                DMA9_DMA25_IRQHandler
 .text.DMA10_DMA26_IRQHandler
                0x60007460        0x8 ./startup/startup_mimxrt1021.o
                0x60007460                DMA10_DMA26_IRQHandler
 .text.DMA11_DMA27_IRQHandler
                0x60007468        0x8 ./startup/startup_mimxrt1021.o
                0x60007468                DMA11_DMA27_IRQHandler
 .text.DMA12_DMA28_IRQHandler
                0x60007470        0x8 ./startup/startup_mimxrt1021.o
                0x60007470                DMA12_DMA28_IRQHandler
 .text.DMA13_DMA29_IRQHandler
                0x60007478        0x8 ./startup/startup_mimxrt1021.o
                0x60007478                DMA13_DMA29_IRQHandler
 .text.DMA14_DMA30_IRQHandler
                0x60007480        0x8 ./startup/startup_mimxrt1021.o
                0x60007480                DMA14_DMA30_IRQHandler
 .text.DMA15_DMA31_IRQHandler
                0x60007488        0x8 ./startup/startup_mimxrt1021.o
                0x60007488                DMA15_DMA31_IRQHandler
 .text.DMA_ERROR_IRQHandler
                0x60007490        0x8 ./startup/startup_mimxrt1021.o
                0x60007490                DMA_ERROR_IRQHandler
 .text.CTI0_ERROR_IRQHandler
                0x60007498        0x8 ./startup/startup_mimxrt1021.o
                0x60007498                CTI0_ERROR_IRQHandler
 .text.CTI1_ERROR_IRQHandler
                0x600074a0        0x8 ./startup/startup_mimxrt1021.o
                0x600074a0                CTI1_ERROR_IRQHandler
 .text.CORE_IRQHandler
                0x600074a8        0x8 ./startup/startup_mimxrt1021.o
                0x600074a8                CORE_IRQHandler
 .text.LPUART1_IRQHandler
                0x600074b0        0x8 ./startup/startup_mimxrt1021.o
                0x600074b0                LPUART1_IRQHandler
 .text.LPUART2_IRQHandler
                0x600074b8        0x8 ./startup/startup_mimxrt1021.o
                0x600074b8                LPUART2_IRQHandler
 .text.LPUART3_IRQHandler
                0x600074c0        0x8 ./startup/startup_mimxrt1021.o
                0x600074c0                LPUART3_IRQHandler
 .text.LPUART4_IRQHandler
                0x600074c8        0x8 ./startup/startup_mimxrt1021.o
                0x600074c8                LPUART4_IRQHandler
 .text.LPUART5_IRQHandler
                0x600074d0        0x8 ./startup/startup_mimxrt1021.o
                0x600074d0                LPUART5_IRQHandler
 .text.LPUART6_IRQHandler
                0x600074d8        0x8 ./startup/startup_mimxrt1021.o
                0x600074d8                LPUART6_IRQHandler
 .text.LPUART7_IRQHandler
                0x600074e0        0x8 ./startup/startup_mimxrt1021.o
                0x600074e0                LPUART7_IRQHandler
 .text.LPUART8_IRQHandler
                0x600074e8        0x8 ./startup/startup_mimxrt1021.o
                0x600074e8                LPUART8_IRQHandler
 .text.LPI2C1_IRQHandler
                0x600074f0        0x8 ./startup/startup_mimxrt1021.o
                0x600074f0                LPI2C1_IRQHandler
 .text.LPI2C2_IRQHandler
                0x600074f8        0x8 ./startup/startup_mimxrt1021.o
                0x600074f8                LPI2C2_IRQHandler
 .text.LPI2C3_IRQHandler
                0x60007500        0x8 ./startup/startup_mimxrt1021.o
                0x60007500                LPI2C3_IRQHandler
 .text.LPI2C4_IRQHandler
                0x60007508        0x8 ./startup/startup_mimxrt1021.o
                0x60007508                LPI2C4_IRQHandler
 .text.LPSPI1_IRQHandler
                0x60007510        0x8 ./startup/startup_mimxrt1021.o
                0x60007510                LPSPI1_IRQHandler
 .text.LPSPI2_IRQHandler
                0x60007518        0x8 ./startup/startup_mimxrt1021.o
                0x60007518                LPSPI2_IRQHandler
 .text.LPSPI3_IRQHandler
                0x60007520        0x8 ./startup/startup_mimxrt1021.o
                0x60007520                LPSPI3_IRQHandler
 .text.LPSPI4_IRQHandler
                0x60007528        0x8 ./startup/startup_mimxrt1021.o
                0x60007528                LPSPI4_IRQHandler
 .text.CAN1_IRQHandler
                0x60007530        0x8 ./startup/startup_mimxrt1021.o
                0x60007530                CAN1_IRQHandler
 .text.CAN2_IRQHandler
                0x60007538        0x8 ./startup/startup_mimxrt1021.o
                0x60007538                CAN2_IRQHandler
 .text.FLEXRAM_IRQHandler
                0x60007540        0x8 ./startup/startup_mimxrt1021.o
                0x60007540                FLEXRAM_IRQHandler
 .text.KPP_IRQHandler
                0x60007548        0x8 ./startup/startup_mimxrt1021.o
                0x60007548                KPP_IRQHandler
 .text.Reserved56_IRQHandler
                0x60007550        0x8 ./startup/startup_mimxrt1021.o
                0x60007550                Reserved56_IRQHandler
 .text.GPR_IRQ_IRQHandler
                0x60007558        0x8 ./startup/startup_mimxrt1021.o
                0x60007558                GPR_IRQ_IRQHandler
 .text.Reserved58_IRQHandler
                0x60007560        0x8 ./startup/startup_mimxrt1021.o
                0x60007560                Reserved58_IRQHandler
 .text.Reserved59_IRQHandler
                0x60007568        0x8 ./startup/startup_mimxrt1021.o
                0x60007568                Reserved59_IRQHandler
 .text.Reserved60_IRQHandler
                0x60007570        0x8 ./startup/startup_mimxrt1021.o
                0x60007570                Reserved60_IRQHandler
 .text.WDOG2_IRQHandler
                0x60007578        0x8 ./startup/startup_mimxrt1021.o
                0x60007578                WDOG2_IRQHandler
 .text.SNVS_HP_WRAPPER_IRQHandler
                0x60007580        0x8 ./startup/startup_mimxrt1021.o
                0x60007580                SNVS_HP_WRAPPER_IRQHandler
 .text.SNVS_HP_WRAPPER_TZ_IRQHandler
                0x60007588        0x8 ./startup/startup_mimxrt1021.o
                0x60007588                SNVS_HP_WRAPPER_TZ_IRQHandler
 .text.SNVS_LP_HP_WRAPPER_IRQHandler
                0x60007590        0x8 ./startup/startup_mimxrt1021.o
                0x60007590                SNVS_LP_HP_WRAPPER_IRQHandler
 .text.CSU_IRQHandler
                0x60007598        0x8 ./startup/startup_mimxrt1021.o
                0x60007598                CSU_IRQHandler
 .text.DCP_IRQHandler
                0x600075a0        0x8 ./startup/startup_mimxrt1021.o
                0x600075a0                DCP_IRQHandler
 .text.DCP_VMI_IRQHandler
                0x600075a8        0x8 ./startup/startup_mimxrt1021.o
                0x600075a8                DCP_VMI_IRQHandler
 .text.Reserved68_IRQHandler
                0x600075b0        0x8 ./startup/startup_mimxrt1021.o
                0x600075b0                Reserved68_IRQHandler
 .text.TRNG_IRQHandler
                0x600075b8        0x8 ./startup/startup_mimxrt1021.o
                0x600075b8                TRNG_IRQHandler
 .text.Reserved70_IRQHandler
                0x600075c0        0x8 ./startup/startup_mimxrt1021.o
                0x600075c0                Reserved70_IRQHandler
 .text.BEE_IRQHandler
                0x600075c8        0x8 ./startup/startup_mimxrt1021.o
                0x600075c8                BEE_IRQHandler
 .text.SAI1_IRQHandler
                0x600075d0        0x8 ./startup/startup_mimxrt1021.o
                0x600075d0                SAI1_IRQHandler
 .text.SAI2_IRQHandler
                0x600075d8        0x8 ./startup/startup_mimxrt1021.o
                0x600075d8                SAI2_IRQHandler
 .text.SAI3_RX_IRQHandler
                0x600075e0        0x8 ./startup/startup_mimxrt1021.o
                0x600075e0                SAI3_RX_IRQHandler
 .text.SAI3_TX_IRQHandler
                0x600075e8        0x8 ./startup/startup_mimxrt1021.o
                0x600075e8                SAI3_TX_IRQHandler
 .text.SPDIF_IRQHandler
                0x600075f0        0x8 ./startup/startup_mimxrt1021.o
                0x600075f0                SPDIF_IRQHandler
 .text.PMU_IRQHandler
                0x600075f8        0x8 ./startup/startup_mimxrt1021.o
                0x600075f8                PMU_IRQHandler
 .text.Reserved78_IRQHandler
                0x60007600        0x8 ./startup/startup_mimxrt1021.o
                0x60007600                Reserved78_IRQHandler
 .text.TEMP_LOW_HIGH_IRQHandler
                0x60007608        0x8 ./startup/startup_mimxrt1021.o
                0x60007608                TEMP_LOW_HIGH_IRQHandler
 .text.TEMP_PANIC_IRQHandler
                0x60007610        0x8 ./startup/startup_mimxrt1021.o
                0x60007610                TEMP_PANIC_IRQHandler
 .text.USB_PHY_IRQHandler
                0x60007618        0x8 ./startup/startup_mimxrt1021.o
                0x60007618                USB_PHY_IRQHandler
 .text.Reserved82_IRQHandler
                0x60007620        0x8 ./startup/startup_mimxrt1021.o
                0x60007620                Reserved82_IRQHandler
 .text.ADC1_IRQHandler
                0x60007628        0x8 ./startup/startup_mimxrt1021.o
                0x60007628                ADC1_IRQHandler
 .text.ADC2_IRQHandler
                0x60007630        0x8 ./startup/startup_mimxrt1021.o
                0x60007630                ADC2_IRQHandler
 .text.DCDC_IRQHandler
                0x60007638        0x8 ./startup/startup_mimxrt1021.o
                0x60007638                DCDC_IRQHandler
 .text.Reserved86_IRQHandler
                0x60007640        0x8 ./startup/startup_mimxrt1021.o
                0x60007640                Reserved86_IRQHandler
 .text.Reserved87_IRQHandler
                0x60007648        0x8 ./startup/startup_mimxrt1021.o
                0x60007648                Reserved87_IRQHandler
 .text.GPIO1_INT0_IRQHandler
                0x60007650        0x8 ./startup/startup_mimxrt1021.o
                0x60007650                GPIO1_INT0_IRQHandler
 .text.GPIO1_INT1_IRQHandler
                0x60007658        0x8 ./startup/startup_mimxrt1021.o
                0x60007658                GPIO1_INT1_IRQHandler
 .text.GPIO1_INT2_IRQHandler
                0x60007660        0x8 ./startup/startup_mimxrt1021.o
                0x60007660                GPIO1_INT2_IRQHandler
 .text.GPIO1_INT3_IRQHandler
                0x60007668        0x8 ./startup/startup_mimxrt1021.o
                0x60007668                GPIO1_INT3_IRQHandler
 .text.GPIO1_INT4_IRQHandler
                0x60007670        0x8 ./startup/startup_mimxrt1021.o
                0x60007670                GPIO1_INT4_IRQHandler
 .text.GPIO1_INT5_IRQHandler
                0x60007678        0x8 ./startup/startup_mimxrt1021.o
                0x60007678                GPIO1_INT5_IRQHandler
 .text.GPIO1_INT6_IRQHandler
                0x60007680        0x8 ./startup/startup_mimxrt1021.o
                0x60007680                GPIO1_INT6_IRQHandler
 .text.GPIO1_INT7_IRQHandler
                0x60007688        0x8 ./startup/startup_mimxrt1021.o
                0x60007688                GPIO1_INT7_IRQHandler
 .text.GPIO1_Combined_0_15_IRQHandler
                0x60007690        0x8 ./startup/startup_mimxrt1021.o
                0x60007690                GPIO1_Combined_0_15_IRQHandler
 .text.GPIO1_Combined_16_31_IRQHandler
                0x60007698        0x8 ./startup/startup_mimxrt1021.o
                0x60007698                GPIO1_Combined_16_31_IRQHandler
 .text.GPIO2_Combined_0_15_IRQHandler
                0x600076a0        0x8 ./startup/startup_mimxrt1021.o
                0x600076a0                GPIO2_Combined_0_15_IRQHandler
 .text.GPIO2_Combined_16_31_IRQHandler
                0x600076a8        0x8 ./startup/startup_mimxrt1021.o
                0x600076a8                GPIO2_Combined_16_31_IRQHandler
 .text.GPIO3_Combined_0_15_IRQHandler
                0x600076b0        0x8 ./startup/startup_mimxrt1021.o
                0x600076b0                GPIO3_Combined_0_15_IRQHandler
 .text.GPIO3_Combined_16_31_IRQHandler
                0x600076b8        0x8 ./startup/startup_mimxrt1021.o
                0x600076b8                GPIO3_Combined_16_31_IRQHandler
 .text.Reserved102_IRQHandler
                0x600076c0        0x8 ./startup/startup_mimxrt1021.o
                0x600076c0                Reserved102_IRQHandler
 .text.Reserved103_IRQHandler
                0x600076c8        0x8 ./startup/startup_mimxrt1021.o
                0x600076c8                Reserved103_IRQHandler
 .text.GPIO5_Combined_0_15_IRQHandler
                0x600076d0        0x8 ./startup/startup_mimxrt1021.o
                0x600076d0                GPIO5_Combined_0_15_IRQHandler
 .text.GPIO5_Combined_16_31_IRQHandler
                0x600076d8        0x8 ./startup/startup_mimxrt1021.o
                0x600076d8                GPIO5_Combined_16_31_IRQHandler
 .text.FLEXIO1_IRQHandler
                0x600076e0        0x8 ./startup/startup_mimxrt1021.o
                0x600076e0                FLEXIO1_IRQHandler
 .text.Reserved107_IRQHandler
                0x600076e8        0x8 ./startup/startup_mimxrt1021.o
                0x600076e8                Reserved107_IRQHandler
 .text.WDOG1_IRQHandler
                0x600076f0        0x8 ./startup/startup_mimxrt1021.o
                0x600076f0                WDOG1_IRQHandler
 .text.RTWDOG_IRQHandler
                0x600076f8        0x8 ./startup/startup_mimxrt1021.o
                0x600076f8                RTWDOG_IRQHandler
 .text.EWM_IRQHandler
                0x60007700        0x8 ./startup/startup_mimxrt1021.o
                0x60007700                EWM_IRQHandler
 .text.CCM_1_IRQHandler
                0x60007708        0x8 ./startup/startup_mimxrt1021.o
                0x60007708                CCM_1_IRQHandler
 .text.CCM_2_IRQHandler
                0x60007710        0x8 ./startup/startup_mimxrt1021.o
                0x60007710                CCM_2_IRQHandler
 .text.GPC_IRQHandler
                0x60007718        0x8 ./startup/startup_mimxrt1021.o
                0x60007718                GPC_IRQHandler
 .text.SRC_IRQHandler
                0x60007720        0x8 ./startup/startup_mimxrt1021.o
                0x60007720                SRC_IRQHandler
 .text.Reserved115_IRQHandler
                0x60007728        0x8 ./startup/startup_mimxrt1021.o
                0x60007728                Reserved115_IRQHandler
 .text.GPT1_IRQHandler
                0x60007730        0x8 ./startup/startup_mimxrt1021.o
                0x60007730                GPT1_IRQHandler
 .text.GPT2_IRQHandler
                0x60007738        0x8 ./startup/startup_mimxrt1021.o
                0x60007738                GPT2_IRQHandler
 .text.PWM1_0_IRQHandler
                0x60007740        0x8 ./startup/startup_mimxrt1021.o
                0x60007740                PWM1_0_IRQHandler
 .text.PWM1_1_IRQHandler
                0x60007748        0x8 ./startup/startup_mimxrt1021.o
                0x60007748                PWM1_1_IRQHandler
 .text.PWM1_2_IRQHandler
                0x60007750        0x8 ./startup/startup_mimxrt1021.o
                0x60007750                PWM1_2_IRQHandler
 .text.PWM1_3_IRQHandler
                0x60007758        0x8 ./startup/startup_mimxrt1021.o
                0x60007758                PWM1_3_IRQHandler
 .text.PWM1_FAULT_IRQHandler
                0x60007760        0x8 ./startup/startup_mimxrt1021.o
                0x60007760                PWM1_FAULT_IRQHandler
 .text.Reserved123_IRQHandler
                0x60007768        0x8 ./startup/startup_mimxrt1021.o
                0x60007768                Reserved123_IRQHandler
 .text.FLEXSPI_IRQHandler
                0x60007770        0x8 ./startup/startup_mimxrt1021.o
                0x60007770                FLEXSPI_IRQHandler
 .text.SEMC_IRQHandler
                0x60007778        0x8 ./startup/startup_mimxrt1021.o
                0x60007778                SEMC_IRQHandler
 .text.USDHC1_IRQHandler
                0x60007780        0x8 ./startup/startup_mimxrt1021.o
                0x60007780                USDHC1_IRQHandler
 .text.USDHC2_IRQHandler
                0x60007788        0x8 ./startup/startup_mimxrt1021.o
                0x60007788                USDHC2_IRQHandler
 .text.Reserved128_IRQHandler
                0x60007790        0x8 ./startup/startup_mimxrt1021.o
                0x60007790                Reserved128_IRQHandler
 .text.USB_OTG1_IRQHandler
                0x60007798        0x8 ./startup/startup_mimxrt1021.o
                0x60007798                USB_OTG1_IRQHandler
 .text.ENET_IRQHandler
                0x600077a0        0x8 ./startup/startup_mimxrt1021.o
                0x600077a0                ENET_IRQHandler
 .text.ENET_1588_Timer_IRQHandler
                0x600077a8        0x8 ./startup/startup_mimxrt1021.o
                0x600077a8                ENET_1588_Timer_IRQHandler
 .text.XBAR1_IRQ_0_1_IRQHandler
                0x600077b0        0x8 ./startup/startup_mimxrt1021.o
                0x600077b0                XBAR1_IRQ_0_1_IRQHandler
 .text.XBAR1_IRQ_2_3_IRQHandler
                0x600077b8        0x8 ./startup/startup_mimxrt1021.o
                0x600077b8                XBAR1_IRQ_2_3_IRQHandler
 .text.ADC_ETC_IRQ0_IRQHandler
                0x600077c0        0x8 ./startup/startup_mimxrt1021.o
                0x600077c0                ADC_ETC_IRQ0_IRQHandler
 .text.ADC_ETC_IRQ1_IRQHandler
                0x600077c8        0x8 ./startup/startup_mimxrt1021.o
                0x600077c8                ADC_ETC_IRQ1_IRQHandler
 .text.ADC_ETC_IRQ2_IRQHandler
                0x600077d0        0x8 ./startup/startup_mimxrt1021.o
                0x600077d0                ADC_ETC_IRQ2_IRQHandler
 .text.ADC_ETC_ERROR_IRQ_IRQHandler
                0x600077d8        0x8 ./startup/startup_mimxrt1021.o
                0x600077d8                ADC_ETC_ERROR_IRQ_IRQHandler
 .text.PIT_IRQHandler
                0x600077e0        0x8 ./startup/startup_mimxrt1021.o
                0x600077e0                PIT_IRQHandler
 .text.ACMP1_IRQHandler
                0x600077e8        0x8 ./startup/startup_mimxrt1021.o
                0x600077e8                ACMP1_IRQHandler
 .text.ACMP2_IRQHandler
                0x600077f0        0x8 ./startup/startup_mimxrt1021.o
                0x600077f0                ACMP2_IRQHandler
 .text.ACMP3_IRQHandler
                0x600077f8        0x8 ./startup/startup_mimxrt1021.o
                0x600077f8                ACMP3_IRQHandler
 .text.ACMP4_IRQHandler
                0x60007800        0x8 ./startup/startup_mimxrt1021.o
                0x60007800                ACMP4_IRQHandler
 .text.Reserved143_IRQHandler
                0x60007808        0x8 ./startup/startup_mimxrt1021.o
                0x60007808                Reserved143_IRQHandler
 .text.Reserved144_IRQHandler
                0x60007810        0x8 ./startup/startup_mimxrt1021.o
                0x60007810                Reserved144_IRQHandler
 .text.ENC1_IRQHandler
                0x60007818        0x8 ./startup/startup_mimxrt1021.o
                0x60007818                ENC1_IRQHandler
 .text.ENC2_IRQHandler
                0x60007820        0x8 ./startup/startup_mimxrt1021.o
                0x60007820                ENC2_IRQHandler
 .text.Reserved147_IRQHandler
                0x60007828        0x8 ./startup/startup_mimxrt1021.o
                0x60007828                Reserved147_IRQHandler
 .text.Reserved148_IRQHandler
                0x60007830        0x8 ./startup/startup_mimxrt1021.o
                0x60007830                Reserved148_IRQHandler
 .text.TMR1_IRQHandler
                0x60007838        0x8 ./startup/startup_mimxrt1021.o
                0x60007838                TMR1_IRQHandler
 .text.TMR2_IRQHandler
                0x60007840        0x8 ./startup/startup_mimxrt1021.o
                0x60007840                TMR2_IRQHandler
 .text.Reserved151_IRQHandler
                0x60007848        0x8 ./startup/startup_mimxrt1021.o
                0x60007848                Reserved151_IRQHandler
 .text.Reserved152_IRQHandler
                0x60007850        0x8 ./startup/startup_mimxrt1021.o
                0x60007850                Reserved152_IRQHandler
 .text.PWM2_0_IRQHandler
                0x60007858        0x8 ./startup/startup_mimxrt1021.o
                0x60007858                PWM2_0_IRQHandler
 .text.PWM2_1_IRQHandler
                0x60007860        0x8 ./startup/startup_mimxrt1021.o
                0x60007860                PWM2_1_IRQHandler
 .text.PWM2_2_IRQHandler
                0x60007868        0x8 ./startup/startup_mimxrt1021.o
                0x60007868                PWM2_2_IRQHandler
 .text.PWM2_3_IRQHandler
                0x60007870        0x8 ./startup/startup_mimxrt1021.o
                0x60007870                PWM2_3_IRQHandler
 .text.PWM2_FAULT_IRQHandler
                0x60007878        0x8 ./startup/startup_mimxrt1021.o
                0x60007878                PWM2_FAULT_IRQHandler
 .text.vApplicationMallocFailedHook
                0x60007880        0x6 ./source/freertos_generic.o
                0x60007880                vApplicationMallocFailedHook
 .text.vApplicationStackOverflowHook
                0x60007886        0xc ./source/freertos_generic.o
                0x60007886                vApplicationStackOverflowHook
 .text.vApplicationIdleHook
                0x60007892       0x18 ./source/freertos_generic.o
                0x60007892                vApplicationIdleHook
 .text.HardFault_Handler
                0x600078aa       0x36 ./source/semihost_hardfault.o
                0x600078aa                HardFault_Handler
 .text.vListInitialise
                0x600078e0       0x40 ./freertos/freertos-kernel/list.o
                0x600078e0                vListInitialise
 .text.vListInitialiseItem
                0x60007920       0x1a ./freertos/freertos-kernel/list.o
                0x60007920                vListInitialiseItem
 .text.vListInsert
                0x6000793a       0x72 ./freertos/freertos-kernel/list.o
                0x6000793a                vListInsert
 .text.uxListRemove
                0x600079ac       0x54 ./freertos/freertos-kernel/list.o
                0x600079ac                uxListRemove
 .text.xQueueGenericCreate
                0x60007a00       0x9c ./freertos/freertos-kernel/queue.o
                0x60007a00                xQueueGenericCreate
 .text.prvInitialiseNewQueue
                0x60007a9c       0x46 ./freertos/freertos-kernel/queue.o
 .text.xQueueGenericSendFromISR
                0x60007ae2      0x164 ./freertos/freertos-kernel/queue.o
                0x60007ae2                xQueueGenericSendFromISR
 .text.xQueueGiveFromISR
                0x60007c46      0x148 ./freertos/freertos-kernel/queue.o
                0x60007c46                xQueueGiveFromISR
 .text.prvGetDisinheritPriorityAfterTimeout
                0x60007d8e       0x30 ./freertos/freertos-kernel/queue.o
 .text.prvCopyDataToQueue
                0x60007dbe       0xd4 ./freertos/freertos-kernel/queue.o
 .text.prvCopyDataFromQueue
                0x60007e92       0x4c ./freertos/freertos-kernel/queue.o
 .text.prvUnlockQueue
                0x60007ede       0xa4 ./freertos/freertos-kernel/queue.o
 .text.prvIsQueueEmpty
                0x60007f82       0x2c ./freertos/freertos-kernel/queue.o
 .text.prvIsQueueFull
                0x60007fae       0x30 ./freertos/freertos-kernel/queue.o
 .text.vQueueWaitForMessageRestricted
                0x60007fde       0x68 ./freertos/freertos-kernel/queue.o
                0x60007fde                vQueueWaitForMessageRestricted
 .text.xTaskCreate
                0x60008046       0x8c ./freertos/freertos-kernel/tasks.o
                0x60008046                xTaskCreate
 .text.prvInitialiseNewTask
                0x600080d2      0x122 ./freertos/freertos-kernel/tasks.o
 .text.prvDeleteTCB
                0x600081f4       0x20 ./freertos/freertos-kernel/tasks.o
 .text.xTimerCreate
                0x60008214       0x42 ./freertos/freertos-kernel/timers.o
                0x60008214                xTimerCreate
 .text.prvInitialiseNewTimer
                0x60008256       0x70 ./freertos/freertos-kernel/timers.o
 .text.prvReloadTimer
                0x600082c6       0x42 ./freertos/freertos-kernel/timers.o
 .text.prvTimerTask
                0x60008308       0x24 ./freertos/freertos-kernel/timers.o
 .text.CLOCK_IsPllBypassed
                0x6000832c       0x32 ./drivers/fsl_clock.o
 .text.CLOCK_IsPllEnabled
                0x6000835e       0x3c ./drivers/fsl_clock.o
 .text.CLOCK_GetPllBypassRefClk
                0x6000839a       0x34 ./drivers/fsl_clock.o
 .text._SDK_AtomicLocalClearAndSet4Byte
                0x600083ce       0x50 ./drivers/fsl_lpuart.o
 .text.CLOCK_EnableClock
                0x6000841e       0x1e ./drivers/fsl_lpuart.o
 .text.LPUART_SoftwareReset
                0x6000843c       0x2c ./drivers/fsl_lpuart.o
 .text.SystemInitHook
                0x60008468        0xe ./device/system_MIMXRT1021.o
                0x60008468                SystemInitHook
 .text.HAL_UartGetStatus
                0x60008476       0x28 ./component/uart/fsl_adapter_lpuart.o
 .text.DisableGlobalIRQ
                0x6000849e       0x22 ./component/serial_manager/fsl_component_serial_manager.o
 .text.EnableGlobalIRQ
                0x600084c0       0x20 ./component/serial_manager/fsl_component_serial_manager.o
 .text.SerialManager_StartWriting
                0x600084e0       0x38 ./component/serial_manager/fsl_component_serial_manager.o
 .text.SerialManager_Write
                0x60008518       0x44 ./component/serial_manager/fsl_component_serial_manager.o
 .text.SerialManager_Init
                0x6000855c       0x60 ./component/serial_manager/fsl_component_serial_manager.o
                0x6000855c                SerialManager_Init
 .text.SerialManager_OpenWriteHandle
                0x600085bc       0x50 ./component/serial_manager/fsl_component_serial_manager.o
                0x600085bc                SerialManager_OpenWriteHandle
 .text.SerialManager_OpenReadHandle
                0x6000860c       0x60 ./component/serial_manager/fsl_component_serial_manager.o
                0x6000860c                SerialManager_OpenReadHandle
 .text.SerialManager_WriteBlocking
                0x6000866c       0x20 ./component/serial_manager/fsl_component_serial_manager.o
                0x6000866c                SerialManager_WriteBlocking
 .text.Serial_UartInit
                0x6000868c       0x3e ./component/serial_manager/fsl_component_serial_port_uart.o
                0x6000868c                Serial_UartInit
 .text.Serial_UartWrite
                0x600086ca       0x38 ./component/serial_manager/fsl_component_serial_port_uart.o
                0x600086ca                Serial_UartWrite
 .text.BOARD_InitDebugConsole
                0x60008702       0x22 ./board/board.o
                0x60008702                BOARD_InitDebugConsole
 .text._SDK_AtomicLocalClearAndSet4Byte
                0x60008724       0x50 ./board/clock_config.o
 .text.CLOCK_DisableClock
                0x60008774       0x1e ./board/clock_config.o
 .text.CLOCK_SetPllBypass
                0x60008792       0x4e ./board/clock_config.o
 .text.IOMUXC_SetSaiMClkClockSource
                0x600087e0       0x6c ./board/clock_config.o
 .text.BOARD_InitBootClocks
                0x6000884c        0xc ./board/clock_config.o
                0x6000884c                BOARD_InitBootClocks
 .text._SDK_AtomicLocalClearAndSet4Byte
                0x60008858       0x50 ./board/pin_mux.o
 .text.CLOCK_EnableClock
                0x600088a8       0x1e ./board/pin_mux.o
 .text.IOMUXC_SetPinMux
                0x600088c6       0x3a ./board/pin_mux.o
 .text.IOMUXC_SetPinConfig
                0x60008900       0x26 ./board/pin_mux.o
 .text.BOARD_InitBootPins
                0x60008926        0xc ./board/pin_mux.o
                0x60008926                BOARD_InitBootPins
 .text.__main   0x60008932        0xe c:/nxp/mcuxpressoide_11.8.1_1197/ide/plugins/com.nxp.mcuxpresso.tools.win32_11.8.1.202308071233/tools/bin/../lib/gcc/arm-none-eabi/12.2.1/../../../../arm-none-eabi/lib/thumb/v7e-m+dp/hard\libcr_nohost_nf.a(_cr__main.o)
                0x60008932                __main
 .text.memset   0x60008940        0x4 c:/nxp/mcuxpressoide_11.8.1_1197/ide/plugins/com.nxp.mcuxpresso.tools.win32_11.8.1.202308071233/tools/bin/../lib/gcc/arm-none-eabi/12.2.1/../../../../arm-none-eabi/lib/thumb/v7e-m+dp/hard\libcr_c.a(memset.o)
                0x60008940                memset
 .text.free     0x60008944       0x30 c:/nxp/mcuxpressoide_11.8.1_1197/ide/plugins/com.nxp.mcuxpresso.tools.win32_11.8.1.202308071233/tools/bin/../lib/gcc/arm-none-eabi/12.2.1/../../../../arm-none-eabi/lib/thumb/v7e-m+dp/hard\libcr_c.a(alloc.o)
                0x60008944                free
 .text.setvbuf  0x60008974       0x3e c:/nxp/mcuxpressoide_11.8.1_1197/ide/plugins/com.nxp.mcuxpresso.tools.win32_11.8.1.202308071233/tools/bin/../lib/gcc/arm-none-eabi/12.2.1/../../../../arm-none-eabi/lib/thumb/v7e-m+dp/hard\libcr_c.a(setvbuf.o)
                0x60008974                setvbuf
 .text.strlen   0x600089b2       0x4e c:/nxp/mcuxpressoide_11.8.1_1197/ide/plugins/com.nxp.mcuxpresso.tools.win32_11.8.1.202308071233/tools/bin/../lib/gcc/arm-none-eabi/12.2.1/../../../../arm-none-eabi/lib/thumb/v7e-m+dp/hard\libcr_c.a(strlen.o)
                0x600089b2                strlen
 .text._deferredlazyseek
                0x60008a00       0x40 c:/nxp/mcuxpressoide_11.8.1_1197/ide/plugins/com.nxp.mcuxpresso.tools.win32_11.8.1.202308071233/tools/bin/../lib/gcc/arm-none-eabi/12.2.1/../../../../arm-none-eabi/lib/thumb/v7e-m+dp/hard\libcr_c.a(_deferredlazyseek.o)
                0x60008a00                _deferredlazyseek
 .text._fdopen  0x60008a40       0x68 c:/nxp/mcuxpressoide_11.8.1_1197/ide/plugins/com.nxp.mcuxpresso.tools.win32_11.8.1.202308071233/tools/bin/../lib/gcc/arm-none-eabi/12.2.1/../../../../arm-none-eabi/lib/thumb/v7e-m+dp/hard\libcr_c.a(_fdopen.o)
                0x60008a40                _fdopen
 .text._fflush  0x60008aa8       0x52 c:/nxp/mcuxpressoide_11.8.1_1197/ide/plugins/com.nxp.mcuxpresso.tools.win32_11.8.1.202308071233/tools/bin/../lib/gcc/arm-none-eabi/12.2.1/../../../../arm-none-eabi/lib/thumb/v7e-m+dp/hard\libcr_c.a(_fflush.o)
                0x60008aa8                _fflush
 .text.fclose   0x60008afa       0x58 c:/nxp/mcuxpressoide_11.8.1_1197/ide/plugins/com.nxp.mcuxpresso.tools.win32_11.8.1.202308071233/tools/bin/../lib/gcc/arm-none-eabi/12.2.1/../../../../arm-none-eabi/lib/thumb/v7e-m+dp/hard\libcr_c.a(fclose.o)
                0x60008afa                fclose
 .text.remove   0x60008b52       0x14 c:/nxp/mcuxpressoide_11.8.1_1197/ide/plugins/com.nxp.mcuxpresso.tools.win32_11.8.1.202308071233/tools/bin/../lib/gcc/arm-none-eabi/12.2.1/../../../../arm-none-eabi/lib/thumb/v7e-m+dp/hard\libcr_c.a(remove.o)
                0x60008b52                remove
 .text._do_fflush
                0x60008b66       0x40 c:/nxp/mcuxpressoide_11.8.1_1197/ide/plugins/com.nxp.mcuxpresso.tools.win32_11.8.1.202308071233/tools/bin/../lib/gcc/arm-none-eabi/12.2.1/../../../../arm-none-eabi/lib/thumb/v7e-m+dp/hard\libcr_c.a(_do_fflush.o)
                0x60008b66                _do_fflush
 .text.__aeabi_memset_lowlevel
                0x60008ba6       0x32 c:/nxp/mcuxpressoide_11.8.1_1197/ide/plugins/com.nxp.mcuxpresso.tools.win32_11.8.1.202308071233/tools/bin/../lib/gcc/arm-none-eabi/12.2.1/thumb/v7e-m+dp/hard\libcr_eabihelpers.a(memcpy.o)
                0x60008ba6                __aeabi_lowlevel_memset
 .text.__sys_close
                0x60008bd8        0x6 c:/nxp/mcuxpressoide_11.8.1_1197/ide/plugins/com.nxp.mcuxpresso.tools.win32_11.8.1.202308071233/tools/bin/../lib/gcc/arm-none-eabi/12.2.1/../../../../arm-none-eabi/lib/thumb/v7e-m+dp/hard\libcr_nohost_nf.a(__sys_close.o)
                0x60008bd8                __sys_close
 .text.__sys_flen
                0x60008bde        0x6 c:/nxp/mcuxpressoide_11.8.1_1197/ide/plugins/com.nxp.mcuxpresso.tools.win32_11.8.1.202308071233/tools/bin/../lib/gcc/arm-none-eabi/12.2.1/../../../../arm-none-eabi/lib/thumb/v7e-m+dp/hard\libcr_nohost_nf.a(__sys_flen.o)
                0x60008bde                __sys_flen
 .text.__sys_istty
                0x60008be4        0x6 c:/nxp/mcuxpressoide_11.8.1_1197/ide/plugins/com.nxp.mcuxpresso.tools.win32_11.8.1.202308071233/tools/bin/../lib/gcc/arm-none-eabi/12.2.1/../../../../arm-none-eabi/lib/thumb/v7e-m+dp/hard\libcr_nohost_nf.a(__sys_istty.o)
                0x60008be4                __sys_istty
 .text.__sys_remove
                0x60008bea        0x6 c:/nxp/mcuxpressoide_11.8.1_1197/ide/plugins/com.nxp.mcuxpresso.tools.win32_11.8.1.202308071233/tools/bin/../lib/gcc/arm-none-eabi/12.2.1/../../../../arm-none-eabi/lib/thumb/v7e-m+dp/hard\libcr_nohost_nf.a(__sys_remove.o)
                0x60008bea                __sys_remove
 .text.__sys_seek
                0x60008bf0        0x6 c:/nxp/mcuxpressoide_11.8.1_1197/ide/plugins/com.nxp.mcuxpresso.tools.win32_11.8.1.202308071233/tools/bin/../lib/gcc/arm-none-eabi/12.2.1/../../../../arm-none-eabi/lib/thumb/v7e-m+dp/hard\libcr_nohost_nf.a(__sys_seek.o)
                0x60008bf0                __sys_seek
 .text.__sys_tmpnam
                0x60008bf6        0x6 c:/nxp/mcuxpressoide_11.8.1_1197/ide/plugins/com.nxp.mcuxpresso.tools.win32_11.8.1.202308071233/tools/bin/../lib/gcc/arm-none-eabi/12.2.1/../../../../arm-none-eabi/lib/thumb/v7e-m+dp/hard\libcr_nohost_nf.a(__sys_tmpnam.o)
                0x60008bf6                __sys_tmpnam
 .text.__sys_write
                0x60008bfc        0x4 c:/nxp/mcuxpressoide_11.8.1_1197/ide/plugins/com.nxp.mcuxpresso.tools.win32_11.8.1.202308071233/tools/bin/../lib/gcc/arm-none-eabi/12.2.1/../../../../arm-none-eabi/lib/thumb/v7e-m+dp/hard\libcr_nohost_nf.a(__sys_write.o)
                0x60008bfc                __sys_write
 *freertos*/tasks.o(SORT_BY_ALIGNMENT(.rodata*))
 .rodata.vTaskStartScheduler.str1.4
                0x60008c00        0x5 ./freertos/freertos-kernel/tasks.o
 *fill*         0x60008c05        0x3 ff
 .rodata        0x60008c08       0x1c ./freertos/freertos-kernel/tasks.o
                0x60008c08                portArch_Name
                0x60008c0c                FreeRTOSDebugConfig
 *(SORT_BY_ALIGNMENT(.rodata) SORT_BY_ALIGNMENT(.rodata.*) SORT_BY_ALIGNMENT(.constdata) SORT_BY_ALIGNMENT(.constdata.*))
 .rodata.__assertion_failed.str1.4
                0x60008c24       0x14 ./utilities/fsl_assert.o
 .rodata.main.str1.4
                0x60008c38       0x39 ./source/freertos_generic.o
 *fill*         0x60008c71        0x3 ff
 .rodata.prvQueueReceiveTask.str1.4
                0x60008c74       0x1f ./source/freertos_generic.o
 *fill*         0x60008c93        0x1 ff
 .rodata.prvEventSemaphoreTask.str1.4
                0x60008c94       0x35 ./source/freertos_generic.o
 *fill*         0x60008cc9        0x3 ff
 .rodata.xTimerCreateTimerTask.str1.4
                0x60008ccc        0x8 ./freertos/freertos-kernel/timers.o
 .rodata.prvCheckForValidListAndQueue.str1.4
                0x60008cd4        0x5 ./freertos/freertos-kernel/timers.o
 *fill*         0x60008cd9        0x3 ff
 .rodata.CLOCK_InitExternalClk.str1.4
                0x60008cdc       0x21 ./drivers/fsl_clock.o
 *fill*         0x60008cfd        0x3 ff
 .rodata.CLOCK_GetPllFreq.str1.4
                0x60008d00       0x30 ./drivers/fsl_clock.o
 .rodata.enetRefClkFreq.0
                0x60008d30       0x10 ./drivers/fsl_clock.o
 .rodata.CLOCK_ControlGate.str1.4
                0x60008d40       0x20 ./drivers/fsl_lpuart.o
 .rodata.s_lpuartBases
                0x60008d60       0x24 ./drivers/fsl_lpuart.o
 .rodata.s_lpuartClock
                0x60008d84       0x12 ./drivers/fsl_lpuart.o
 *fill*         0x60008d96        0x2 ff
 .rodata.LPUART_GetInstance.str1.4
                0x60008d98       0x38 ./drivers/fsl_lpuart.o
 .rodata.LPUART_Init.str1.4
                0x60008dd0      0x10a ./drivers/fsl_lpuart.o
 *fill*         0x60008eda        0x2 ff
 .rodata.LPUART_GetDefaultConfig.str1.4
                0x60008edc       0x22 ./drivers/fsl_lpuart.o
 *fill*         0x60008efe        0x2 ff
 .rodata.LPUART_WriteBlocking.str1.4
                0x60008f00       0x21 ./drivers/fsl_lpuart.o
 *fill*         0x60008f21        0x3 ff
 .rodata.s_LpuartAdapterBase
                0x60008f24       0x24 ./component/uart/fsl_adapter_lpuart.o
 .rodata.HAL_UartInit.str1.4
                0x60008f48      0x116 ./component/uart/fsl_adapter_lpuart.o
 *fill*         0x6000905e        0x2 ff
 .rodata.HAL_UartSendBlocking.str1.4
                0x60009060       0x7b ./component/uart/fsl_adapter_lpuart.o
 *fill*         0x600090db        0x1 ff
 .rodata.BOARD_ConfigMPU.str1.4
                0x600090dc       0x69 ./board/board.o
 *fill*         0x60009145        0x3 ff
 .rodata.CLOCK_SetMux.str1.4
                0x60009148       0x68 ./board/clock_config.o
 .rodata.CLOCK_SetDiv.str1.4
                0x600091b0       0x68 ./board/clock_config.o
 .rodata.CLOCK_ControlGate.str1.4
                0x60009218       0x57 ./board/clock_config.o
 *fill*         0x6000926f        0x1 ff
 .rodata.sysPllConfig_BOARD_BootClockRUN
                0x60009270       0x14 ./board/clock_config.o
                0x60009270                sysPllConfig_BOARD_BootClockRUN
 .rodata.enetPllConfig_BOARD_BootClockRUN
                0x60009284        0x5 ./board/clock_config.o
                0x60009284                enetPllConfig_BOARD_BootClockRUN
 .rodata.CLOCK_ControlGate.str1.4
                0x60009289       0x57 ./board/pin_mux.o
 *fill*         0x60009289        0x3 ff
 .rodata.__num_Ciob_streams
                0x6000928c        0x4 c:/nxp/mcuxpressoide_11.8.1_1197/ide/plugins/com.nxp.mcuxpresso.tools.win32_11.8.1.202308071233/tools/bin/../lib/gcc/arm-none-eabi/12.2.1/../../../../arm-none-eabi/lib/thumb/v7e-m+dp/hard\libcr_nohost_nf.a(__ciob.o)
                0x6000928c                __num_Ciob_streams
 .rodata._initio.str1.1
                0x60009290        0x4 c:/nxp/mcuxpressoide_11.8.1_1197/ide/plugins/com.nxp.mcuxpresso.tools.win32_11.8.1.202308071233/tools/bin/../lib/gcc/arm-none-eabi/12.2.1/../../../../arm-none-eabi/lib/thumb/v7e-m+dp/hard\libcr_c.a(initio.o)
                0x60009294                . = ALIGN (0x4)

.glue_7         0x60009294        0x0
 .glue_7        0x60009294        0x0 linker stubs

.glue_7t        0x60009294        0x0
 .glue_7t       0x60009294        0x0 linker stubs

.vfp11_veneer   0x60009294        0x0
 .vfp11_veneer  0x60009294        0x0 linker stubs

.v4_bx          0x60009294        0x0
 .v4_bx         0x60009294        0x0 linker stubs

.iplt           0x60009294        0x0
 .iplt          0x60009294        0x0 ./xip/fsl_flexspi_nor_boot.o

.rel.dyn        0x60009294        0x0
 .rel.iplt      0x60009294        0x0 ./xip/fsl_flexspi_nor_boot.o

.ARM.extab
 *(SORT_BY_ALIGNMENT(.ARM.extab*) SORT_BY_ALIGNMENT(.gnu.linkonce.armextab.*))

.ARM.exidx      0x60009294        0x0
                0x60009294                __exidx_start = .
 *(SORT_BY_ALIGNMENT(.ARM.exidx*) SORT_BY_ALIGNMENT(.gnu.linkonce.armexidx.*))
                0x60009294                __exidx_end = .
                0x60009294                _etext = .

.data_RAM2      0x00000000        0x0 load address 0x60009294
 FILL mask 0xff
                [!provide]                PROVIDE (__start_data_RAM2 = .)
                [!provide]                PROVIDE (__start_data_SRAM_ITC = .)
 *(SORT_BY_ALIGNMENT(.ramfunc.$RAM2))
 *(SORT_BY_ALIGNMENT(.ramfunc.$SRAM_ITC))
 *(SORT_BY_ALIGNMENT(.data.$RAM2))
 *(SORT_BY_ALIGNMENT(.data.$SRAM_ITC))
 *(SORT_BY_ALIGNMENT(.data.$RAM2.*))
 *(SORT_BY_ALIGNMENT(.data.$SRAM_ITC.*))
                0x00000000                . = ALIGN (0x4)
                [!provide]                PROVIDE (__end_data_RAM2 = .)
                [!provide]                PROVIDE (__end_data_SRAM_ITC = .)

.data_RAM3      0x20200000        0x0 load address 0x60009294
 FILL mask 0xff
                [!provide]                PROVIDE (__start_data_RAM3 = .)
                [!provide]                PROVIDE (__start_data_SRAM_OC = .)
 *(SORT_BY_ALIGNMENT(.ramfunc.$RAM3))
 *(SORT_BY_ALIGNMENT(.ramfunc.$SRAM_OC))
 *(SORT_BY_ALIGNMENT(.data.$RAM3))
 *(SORT_BY_ALIGNMENT(.data.$SRAM_OC))
 *(SORT_BY_ALIGNMENT(.data.$RAM3.*))
 *(SORT_BY_ALIGNMENT(.data.$SRAM_OC.*))
                0x20200000                . = ALIGN (0x4)
                [!provide]                PROVIDE (__end_data_RAM3 = .)
                [!provide]                PROVIDE (__end_data_SRAM_OC = .)

.data_RAM4      0x80000000        0x0 load address 0x60009294
 FILL mask 0xff
                [!provide]                PROVIDE (__start_data_RAM4 = .)
                [!provide]                PROVIDE (__start_data_BOARD_SDRAM = .)
 *(SORT_BY_ALIGNMENT(.ramfunc.$RAM4))
 *(SORT_BY_ALIGNMENT(.ramfunc.$BOARD_SDRAM))
 *(SORT_BY_ALIGNMENT(.data.$RAM4))
 *(SORT_BY_ALIGNMENT(.data.$BOARD_SDRAM))
 *(SORT_BY_ALIGNMENT(.data.$RAM4.*))
 *(SORT_BY_ALIGNMENT(.data.$BOARD_SDRAM.*))
                0x80000000                . = ALIGN (0x4)
                [!provide]                PROVIDE (__end_data_RAM4 = .)
                [!provide]                PROVIDE (__end_data_BOARD_SDRAM = .)

.data_RAM5      0x81e00000        0x0 load address 0x60009294
 FILL mask 0xff
                [!provide]                PROVIDE (__start_data_RAM5 = .)
                [!provide]                PROVIDE (__start_data_NCACHE_REGION = .)
 *(SORT_BY_ALIGNMENT(.ramfunc.$RAM5))
 *(SORT_BY_ALIGNMENT(.ramfunc.$NCACHE_REGION))
 *(SORT_BY_ALIGNMENT(.data.$RAM5))
 *(SORT_BY_ALIGNMENT(.data.$NCACHE_REGION))
 *(SORT_BY_ALIGNMENT(.data.$RAM5.*))
 *(SORT_BY_ALIGNMENT(.data.$NCACHE_REGION.*))
                0x81e00000                . = ALIGN (0x4)
                [!provide]                PROVIDE (__end_data_RAM5 = .)
                [!provide]                PROVIDE (__end_data_NCACHE_REGION = .)

.uninit_RESERVED
                0x20000000        0x0
                0x20000000                _start_uninit_RESERVED = .
 *(SORT_BY_ALIGNMENT(.bss.$RESERVED*))
                0x20000000                . = ALIGN (0x4)
                0x20000000                _end_uninit_RESERVED = .

.data           0x20000000        0xc load address 0x60009294
 FILL mask 0xff
                0x20000000                _data = .
                [!provide]                PROVIDE (__start_data_RAM = .)
                [!provide]                PROVIDE (__start_data_SRAM_DTC = .)
 *(SORT_BY_ALIGNMENT(vtable))
 *(SORT_BY_ALIGNMENT(.ramfunc*))
 *(SORT_BY_ALIGNMENT(CodeQuickAccess))
 *(SORT_BY_ALIGNMENT(DataQuickAccess))
 *(SORT_BY_ALIGNMENT(RamFunction))
 *(SORT_BY_ALIGNMENT(NonCacheable.init))
 *(SORT_BY_ALIGNMENT(.data*))
 .data.uxCriticalNesting
                0x20000000        0x4 ./freertos/freertos-kernel/portable/GCC/ARM_CM4F/port.o
 .data.uxTopUsedPriority
                0x20000004        0x4 ./freertos/freertos-kernel/tasks.o
                0x20000004                uxTopUsedPriority
 .data.SystemCoreClock
                0x20000008        0x4 ./device/system_MIMXRT1021.o
                0x20000008                SystemCoreClock
                0x2000000c                . = ALIGN (0x4)
                0x2000000c                _edata = .
                [!provide]                PROVIDE (__end_data_RAM = .)
                [!provide]                PROVIDE (__end_data_SRAM_DTC = .)

.igot.plt       0x2000000c        0x0 load address 0x600092a0
 .igot.plt      0x2000000c        0x0 ./xip/fsl_flexspi_nor_boot.o

.bss_RAM2       0x00000000        0x0
                [!provide]                PROVIDE (__start_bss_RAM2 = .)
                [!provide]                PROVIDE (__start_bss_SRAM_ITC = .)
 *(SORT_BY_ALIGNMENT(.bss.$RAM2))
 *(SORT_BY_ALIGNMENT(.bss.$SRAM_ITC))
 *(SORT_BY_ALIGNMENT(.bss.$RAM2.*))
 *(SORT_BY_ALIGNMENT(.bss.$SRAM_ITC.*))
                0x00000000                . = ALIGN ((. != 0x0)?0x4:0x1)
                [!provide]                PROVIDE (__end_bss_RAM2 = .)
                [!provide]                PROVIDE (__end_bss_SRAM_ITC = .)

.bss_RAM3       0x20200000        0x0
                [!provide]                PROVIDE (__start_bss_RAM3 = .)
                [!provide]                PROVIDE (__start_bss_SRAM_OC = .)
 *(SORT_BY_ALIGNMENT(.bss.$RAM3))
 *(SORT_BY_ALIGNMENT(.bss.$SRAM_OC))
 *(SORT_BY_ALIGNMENT(.bss.$RAM3.*))
 *(SORT_BY_ALIGNMENT(.bss.$SRAM_OC.*))
                0x20200000                . = ALIGN ((. != 0x0)?0x4:0x1)
                [!provide]                PROVIDE (__end_bss_RAM3 = .)
                [!provide]                PROVIDE (__end_bss_SRAM_OC = .)

.bss_RAM4       0x80000000        0x0
                [!provide]                PROVIDE (__start_bss_RAM4 = .)
                [!provide]                PROVIDE (__start_bss_BOARD_SDRAM = .)
 *(SORT_BY_ALIGNMENT(.bss.$RAM4))
 *(SORT_BY_ALIGNMENT(.bss.$BOARD_SDRAM))
 *(SORT_BY_ALIGNMENT(.bss.$RAM4.*))
 *(SORT_BY_ALIGNMENT(.bss.$BOARD_SDRAM.*))
                0x80000000                . = ALIGN ((. != 0x0)?0x4:0x1)
                [!provide]                PROVIDE (__end_bss_RAM4 = .)
                [!provide]                PROVIDE (__end_bss_BOARD_SDRAM = .)

.bss_RAM5       0x81e00000        0x0
                [!provide]                PROVIDE (__start_bss_RAM5 = .)
                [!provide]                PROVIDE (__start_bss_NCACHE_REGION = .)
 *(SORT_BY_ALIGNMENT(.bss.$RAM5))
 *(SORT_BY_ALIGNMENT(.bss.$NCACHE_REGION))
 *(SORT_BY_ALIGNMENT(.bss.$RAM5.*))
 *(SORT_BY_ALIGNMENT(.bss.$NCACHE_REGION.*))
                0x81e00000                . = ALIGN ((. != 0x0)?0x4:0x1)
                [!provide]                PROVIDE (__end_bss_RAM5 = .)
                [!provide]                PROVIDE (__end_bss_NCACHE_REGION = .)

.bss            0x2000000c     0x2ae8
                0x2000000c                _bss = .
                [!provide]                PROVIDE (__start_bss_RAM = .)
                [!provide]                PROVIDE (__start_bss_SRAM_DTC = .)
 *(SORT_BY_ALIGNMENT(NonCacheable))
 *(SORT_BY_ALIGNMENT(.bss*))
 .bss.s_debugConsoleState
                0x2000000c       0x20 ./utilities/fsl_debug_console.o
 .bss.g_serialHandle
                0x2000002c        0x4 ./utilities/fsl_debug_console.o
                0x2000002c                g_serialHandle
 .bss.xQueue    0x20000030        0x4 ./source/freertos_generic.o
 .bss.xEventSemaphore
                0x20000034        0x4 ./source/freertos_generic.o
 .bss.ulCountOfTimerCallbackExecutions
                0x20000038        0x4 ./source/freertos_generic.o
 .bss.ulCountOfItemsReceivedOnQueue
                0x2000003c        0x4 ./source/freertos_generic.o
 .bss.ulCountOfReceivedSemaphores
                0x20000040        0x4 ./source/freertos_generic.o
 .bss.ulCount.0
                0x20000044        0x4 ./source/freertos_generic.o
 .bss.ucHeap    0x20000048     0x2800 ./freertos/freertos-kernel/portable/MemMang/heap_4.o
 .bss.xStart    0x20002848        0x8 ./freertos/freertos-kernel/portable/MemMang/heap_4.o
 .bss.pxEnd     0x20002850        0x4 ./freertos/freertos-kernel/portable/MemMang/heap_4.o
 .bss.xFreeBytesRemaining
                0x20002854        0x4 ./freertos/freertos-kernel/portable/MemMang/heap_4.o
 .bss.xMinimumEverFreeBytesRemaining
                0x20002858        0x4 ./freertos/freertos-kernel/portable/MemMang/heap_4.o
 .bss.xNumberOfSuccessfulAllocations
                0x2000285c        0x4 ./freertos/freertos-kernel/portable/MemMang/heap_4.o
 .bss.xNumberOfSuccessfulFrees
                0x20002860        0x4 ./freertos/freertos-kernel/portable/MemMang/heap_4.o
 .bss.ulMaxPRIGROUPValue
                0x20002864        0x4 ./freertos/freertos-kernel/portable/GCC/ARM_CM4F/port.o
 .bss.xQueueRegistry
                0x20002868       0x40 ./freertos/freertos-kernel/queue.o
                0x20002868                xQueueRegistry
 .bss.pxCurrentTCB
                0x200028a8        0x4 ./freertos/freertos-kernel/tasks.o
                0x200028a8                pxCurrentTCB
 .bss.pxReadyTasksLists
                0x200028ac       0x64 ./freertos/freertos-kernel/tasks.o
 .bss.xDelayedTaskList1
                0x20002910       0x14 ./freertos/freertos-kernel/tasks.o
 .bss.xDelayedTaskList2
                0x20002924       0x14 ./freertos/freertos-kernel/tasks.o
 .bss.pxDelayedTaskList
                0x20002938        0x4 ./freertos/freertos-kernel/tasks.o
 .bss.pxOverflowDelayedTaskList
                0x2000293c        0x4 ./freertos/freertos-kernel/tasks.o
 .bss.xPendingReadyList
                0x20002940       0x14 ./freertos/freertos-kernel/tasks.o
 .bss.xTasksWaitingTermination
                0x20002954       0x14 ./freertos/freertos-kernel/tasks.o
 .bss.uxDeletedTasksWaitingCleanUp
                0x20002968        0x4 ./freertos/freertos-kernel/tasks.o
 .bss.xSuspendedTaskList
                0x2000296c       0x14 ./freertos/freertos-kernel/tasks.o
 .bss.uxCurrentNumberOfTasks
                0x20002980        0x4 ./freertos/freertos-kernel/tasks.o
 .bss.xTickCount
                0x20002984        0x4 ./freertos/freertos-kernel/tasks.o
 .bss.uxTopReadyPriority
                0x20002988        0x4 ./freertos/freertos-kernel/tasks.o
 .bss.xSchedulerRunning
                0x2000298c        0x4 ./freertos/freertos-kernel/tasks.o
 .bss.xPendedTicks
                0x20002990        0x4 ./freertos/freertos-kernel/tasks.o
 .bss.xYieldPending
                0x20002994        0x4 ./freertos/freertos-kernel/tasks.o
 .bss.xNumOfOverflows
                0x20002998        0x4 ./freertos/freertos-kernel/tasks.o
 .bss.uxTaskNumber
                0x2000299c        0x4 ./freertos/freertos-kernel/tasks.o
 .bss.xNextTaskUnblockTime
                0x200029a0        0x4 ./freertos/freertos-kernel/tasks.o
 .bss.xIdleTaskHandle
                0x200029a4        0x4 ./freertos/freertos-kernel/tasks.o
 .bss.uxSchedulerSuspended
                0x200029a8        0x4 ./freertos/freertos-kernel/tasks.o
 .bss.xActiveTimerList1
                0x200029ac       0x14 ./freertos/freertos-kernel/timers.o
 .bss.xActiveTimerList2
                0x200029c0       0x14 ./freertos/freertos-kernel/timers.o
 .bss.pxCurrentTimerList
                0x200029d4        0x4 ./freertos/freertos-kernel/timers.o
 .bss.pxOverflowTimerList
                0x200029d8        0x4 ./freertos/freertos-kernel/timers.o
 .bss.xTimerQueue
                0x200029dc        0x4 ./freertos/freertos-kernel/timers.o
 .bss.xTimerTaskHandle
                0x200029e0        0x4 ./freertos/freertos-kernel/timers.o
 .bss.xLastTime.0
                0x200029e4        0x4 ./freertos/freertos-kernel/timers.o
 .bss.g_xtalFreq
                0x200029e8        0x4 ./drivers/fsl_clock.o
                0x200029e8                g_xtalFreq
 .bss.g_rtcXtalFreq
                0x200029ec        0x4 ./drivers/fsl_clock.o
                0x200029ec                g_rtcXtalFreq
 .bss.s_lpuartHandle
                0x200029f0       0x24 ./drivers/fsl_lpuart.o
                0x200029f0                s_lpuartHandle
 .bss.s_lpuartIsr
                0x20002a14       0x24 ./drivers/fsl_lpuart.o
                0x20002a14                s_lpuartIsr
 .bss.errno     0x20002a38        0x4 c:/nxp/mcuxpressoide_11.8.1_1197/ide/plugins/com.nxp.mcuxpresso.tools.win32_11.8.1.202308071233/tools/bin/../lib/gcc/arm-none-eabi/12.2.1/../../../../arm-none-eabi/lib/thumb/v7e-m+dp/hard\libcr_c.a(errno.o)
                0x20002a38                errno
 .bss.__Ciob    0x20002a3c       0xb4 c:/nxp/mcuxpressoide_11.8.1_1197/ide/plugins/com.nxp.mcuxpresso.tools.win32_11.8.1.202308071233/tools/bin/../lib/gcc/arm-none-eabi/12.2.1/../../../../arm-none-eabi/lib/thumb/v7e-m+dp/hard\libcr_nohost_nf.a(__ciob.o)
                0x20002a3c                __Ciob
 .bss.s_debugConsoleReadWaitSemaphore
                0x20002af0        0x1 ./utilities/fsl_debug_console.o
 .bss.ucMaxSysCallPriority
                0x20002af1        0x1 ./freertos/freertos-kernel/portable/GCC/ARM_CM4F/port.o
 *(SORT_BY_ALIGNMENT(COMMON))
                0x20002af4                . = ALIGN (0x4)
 *fill*         0x20002af2        0x2 
                0x20002af4                _ebss = .
                [!provide]                PROVIDE (__end_bss_RAM = .)
                [!provide]                PROVIDE (__end_bss_SRAM_DTC = .)
                [!provide]                PROVIDE (end = .)

.noinit_RAM2    0x00000000        0x0
                [!provide]                PROVIDE (__start_noinit_RAM2 = .)
                [!provide]                PROVIDE (__start_noinit_SRAM_ITC = .)
 *(SORT_BY_ALIGNMENT(.noinit.$RAM2))
 *(SORT_BY_ALIGNMENT(.noinit.$SRAM_ITC))
 *(SORT_BY_ALIGNMENT(.noinit.$RAM2.*))
 *(SORT_BY_ALIGNMENT(.noinit.$SRAM_ITC.*))
                0x00000000                . = ALIGN (0x4)
                [!provide]                PROVIDE (__end_noinit_RAM2 = .)
                [!provide]                PROVIDE (__end_noinit_SRAM_ITC = .)

.noinit_RAM3    0x20200000        0x0
                [!provide]                PROVIDE (__start_noinit_RAM3 = .)
                [!provide]                PROVIDE (__start_noinit_SRAM_OC = .)
 *(SORT_BY_ALIGNMENT(.noinit.$RAM3))
 *(SORT_BY_ALIGNMENT(.noinit.$SRAM_OC))
 *(SORT_BY_ALIGNMENT(.noinit.$RAM3.*))
 *(SORT_BY_ALIGNMENT(.noinit.$SRAM_OC.*))
                0x20200000                . = ALIGN (0x4)
                [!provide]                PROVIDE (__end_noinit_RAM3 = .)
                [!provide]                PROVIDE (__end_noinit_SRAM_OC = .)

.noinit_RAM4    0x80000000        0x0
                [!provide]                PROVIDE (__start_noinit_RAM4 = .)
                [!provide]                PROVIDE (__start_noinit_BOARD_SDRAM = .)
 *(SORT_BY_ALIGNMENT(.noinit.$RAM4))
 *(SORT_BY_ALIGNMENT(.noinit.$BOARD_SDRAM))
 *(SORT_BY_ALIGNMENT(.noinit.$RAM4.*))
 *(SORT_BY_ALIGNMENT(.noinit.$BOARD_SDRAM.*))
                0x80000000                . = ALIGN (0x4)
                [!provide]                PROVIDE (__end_noinit_RAM4 = .)
                [!provide]                PROVIDE (__end_noinit_BOARD_SDRAM = .)

.noinit_RAM5    0x81e00000        0x0
                [!provide]                PROVIDE (__start_noinit_RAM5 = .)
                [!provide]                PROVIDE (__start_noinit_NCACHE_REGION = .)
 *(SORT_BY_ALIGNMENT(.noinit.$RAM5))
 *(SORT_BY_ALIGNMENT(.noinit.$NCACHE_REGION))
 *(SORT_BY_ALIGNMENT(.noinit.$RAM5.*))
 *(SORT_BY_ALIGNMENT(.noinit.$NCACHE_REGION.*))
                0x81e00000                . = ALIGN (0x4)
                [!provide]                PROVIDE (__end_noinit_RAM5 = .)
                [!provide]                PROVIDE (__end_noinit_NCACHE_REGION = .)

.noinit         0x20002af4        0x0
                0x20002af4                _noinit = .
                [!provide]                PROVIDE (__start_noinit_RAM = .)
                [!provide]                PROVIDE (__start_noinit_SRAM_DTC = .)
 *(SORT_BY_ALIGNMENT(.noinit*))
                0x20002af4                . = ALIGN (0x4)
                0x20002af4                _end_noinit = .
                [!provide]                PROVIDE (__end_noinit_RAM = .)
                [!provide]                PROVIDE (__end_noinit_SRAM_DTC = .)
                0x00001000                _HeapSize = 0x1000

.heap           0x20002af4     0x1000
                0x20002af4                _pvHeapStart = .
                0x20003af4                . = (. + _HeapSize)
 *fill*         0x20002af4     0x1000 
                0x20003af4                . = ALIGN (0x4)
                0x20003af4                _pvHeapLimit = .
                0x00001000                _StackSize = 0x1000

.heap2stackfill
                0x20003af4     0x1000
                0x20004af4                . = (. + _StackSize)
 *fill*         0x20003af4     0x1000 

.stack          0x2000f000        0x0
                0x2000f000                _vStackBase = .
                0x2000f000                . = ALIGN (0x4)
                0x20010000                _vStackTop = (. + _StackSize)
                0x60002000                _image_start = LOADADDR (.text)
                0x600092a0                _image_end = (LOADADDR (.data) + SIZEOF (.data))
                0x000072a0                _image_size = (_image_end - _image_start)
OUTPUT(evkmimxrt1020_freertos_generic.axf elf32-littlearm)
LOAD linker stubs

.debug_info     0x00000000    0x13b27
 .debug_info    0x00000000      0x802 ./xip/evkmimxrt1020_flexspi_nor_config.o
 .debug_info    0x00000802      0x45e ./xip/fsl_flexspi_nor_boot.o
 .debug_info    0x00000c60       0xd2 ./utilities/fsl_assert.o
 .debug_info    0x00000d32      0xdae ./utilities/fsl_debug_console.o
 .debug_info    0x00001ae0       0x25 ./utilities/fsl_memcpy.o
 .debug_info    0x00001b05      0xaed ./utilities/fsl_str.o
 .debug_info    0x000025f2     0x1242 ./startup/startup_mimxrt1021.o
 .debug_info    0x00003834      0x880 ./source/freertos_generic.o
 .debug_info    0x000040b4       0x3d ./source/semihost_hardfault.o
 .debug_info    0x000040f1      0x515 ./freertos/freertos-kernel/portable/MemMang/heap_4.o