Archive member included to satisfy reference by file (symbol)

c:/nxp/mcuxpressoide_11.8.1_1197/ide/plugins/com.nxp.mcuxpresso.tools.win32_11.8.1.202308071233/tools/bin/../lib/gcc/arm-none-eabi/12.2.1/../../../../arm-none-eabi/lib/thumb/v7e-m+dp/hard\libcr_nohost_nf.a(_cr__main.o)
                              ./startup/startup_mimxrt1021.o (__main)
c:/nxp/mcuxpressoide_11.8.1_1197/ide/plugins/com.nxp.mcuxpresso.tools.win32_11.8.1.202308071233/tools/bin/../lib/gcc/arm-none-eabi/12.2.1/../../../../arm-none-eabi/lib/thumb/v7e-m+dp/hard\libcr_c.a(memset.o)
                              ./utilities/fsl_debug_console.o (memset)
c:/nxp/mcuxpressoide_11.8.1_1197/ide/plugins/com.nxp.mcuxpresso.tools.win32_11.8.1.202308071233/tools/bin/../lib/gcc/arm-none-eabi/12.2.1/../../../../arm-none-eabi/lib/thumb/v7e-m+dp/hard\libcr_c.a(alloc.o)
                              ./drivers/fsl_common.o (malloc)
c:/nxp/mcuxpressoide_11.8.1_1197/ide/plugins/com.nxp.mcuxpresso.tools.win32_11.8.1.202308071233/tools/bin/../lib/gcc/arm-none-eabi/12.2.1/../../../../arm-none-eabi/lib/thumb/v7e-m+dp/hard\libcr_c.a(errno.o)
                              ./utilities/fsl_str.o (errno)
c:/nxp/mcuxpressoide_11.8.1_1197/ide/plugins/com.nxp.mcuxpresso.tools.win32_11.8.1.202308071233/tools/bin/../lib/gcc/arm-none-eabi/12.2.1/../../../../arm-none-eabi/lib/thumb/v7e-m+dp/hard\libcr_c.a(initio.o)
                              c:/nxp/mcuxpressoide_11.8.1_1197/ide/plugins/com.nxp.mcuxpresso.tools.win32_11.8.1.202308071233/tools/bin/../lib/gcc/arm-none-eabi/12.2.1/../../../../arm-none-eabi/lib/thumb/v7e-m+dp/hard\libcr_nohost_nf.a(_cr__main.o) (_initio)
c:/nxp/mcuxpressoide_11.8.1_1197/ide/plugins/com.nxp.mcuxpresso.tools.win32_11.8.1.202308071233/tools/bin/../lib/gcc/arm-none-eabi/12.2.1/../../../../arm-none-eabi/lib/thumb/v7e-m+dp/hard\libcr_c.a(scanf.o)
                              ./utilities/fsl_str.o (strtoul)
c:/nxp/mcuxpressoide_11.8.1_1197/ide/plugins/com.nxp.mcuxpresso.tools.win32_11.8.1.202308071233/tools/bin/../lib/gcc/arm-none-eabi/12.2.1/../../../../arm-none-eabi/lib/thumb/v7e-m+dp/hard\libcr_c.a(setvbuf.o)
                              c:/nxp/mcuxpressoide_11.8.1_1197/ide/plugins/com.nxp.mcuxpresso.tools.win32_11.8.1.202308071233/tools/bin/../lib/gcc/arm-none-eabi/12.2.1/../../../../arm-none-eabi/lib/thumb/v7e-m+dp/hard\libcr_c.a(initio.o) (setvbuf)
c:/nxp/mcuxpressoide_11.8.1_1197/ide/plugins/com.nxp.mcuxpresso.tools.win32_11.8.1.202308071233/tools/bin/../lib/gcc/arm-none-eabi/12.2.1/../../../../arm-none-eabi/lib/thumb/v7e-m+dp/hard\libcr_c.a(strlen.o)
                              ./utilities/fsl_str.o (strlen)
c:/nxp/mcuxpressoide_11.8.1_1197/ide/plugins/com.nxp.mcuxpresso.tools.win32_11.8.1.202308071233/tools/bin/../lib/gcc/arm-none-eabi/12.2.1/../../../../arm-none-eabi/lib/thumb/v7e-m+dp/hard\libcr_c.a(ungetc.o)
                              c:/nxp/mcuxpressoide_11.8.1_1197/ide/plugins/com.nxp.mcuxpresso.tools.win32_11.8.1.202308071233/tools/bin/../lib/gcc/arm-none-eabi/12.2.1/../../../../arm-none-eabi/lib/thumb/v7e-m+dp/hard\libcr_c.a(scanf.o) (ungetc)
c:/nxp/mcuxpressoide_11.8.1_1197/ide/plugins/com.nxp.mcuxpresso.tools.win32_11.8.1.202308071233/tools/bin/../lib/gcc/arm-none-eabi/12.2.1/../../../../arm-none-eabi/lib/thumb/v7e-m+dp/hard\libcr_c.a(__fillbuf.o)
                              c:/nxp/mcuxpressoide_11.8.1_1197/ide/plugins/com.nxp.mcuxpresso.tools.win32_11.8.1.202308071233/tools/bin/../lib/gcc/arm-none-eabi/12.2.1/../../../../arm-none-eabi/lib/thumb/v7e-m+dp/hard\libcr_c.a(scanf.o) (__filbuf)
c:/nxp/mcuxpressoide_11.8.1_1197/ide/plugins/com.nxp.mcuxpresso.tools.win32_11.8.1.202308071233/tools/bin/../lib/gcc/arm-none-eabi/12.2.1/../../../../arm-none-eabi/lib/thumb/v7e-m+dp/hard\libcr_c.a(__init_alloc.o)
                              c:/nxp/mcuxpressoide_11.8.1_1197/ide/plugins/com.nxp.mcuxpresso.tools.win32_11.8.1.202308071233/tools/bin/../lib/gcc/arm-none-eabi/12.2.1/../../../../arm-none-eabi/lib/thumb/v7e-m+dp/hard\libcr_c.a(alloc.o) (__heaps)
c:/nxp/mcuxpressoide_11.8.1_1197/ide/plugins/com.nxp.mcuxpresso.tools.win32_11.8.1.202308071233/tools/bin/../lib/gcc/arm-none-eabi/12.2.1/../../../../arm-none-eabi/lib/thumb/v7e-m+dp/hard\libcr_c.a(_cr_sbrk.o)
                              c:/nxp/mcuxpressoide_11.8.1_1197/ide/plugins/com.nxp.mcuxpresso.tools.win32_11.8.1.202308071233/tools/bin/../lib/gcc/arm-none-eabi/12.2.1/../../../../arm-none-eabi/lib/thumb/v7e-m+dp/hard\libcr_c.a(alloc.o) (_sbrk)
c:/nxp/mcuxpressoide_11.8.1_1197/ide/plugins/com.nxp.mcuxpresso.tools.win32_11.8.1.202308071233/tools/bin/../lib/gcc/arm-none-eabi/12.2.1/../../../../arm-none-eabi/lib/thumb/v7e-m+dp/hard\libcr_c.a(_deferredlazyseek.o)
                              c:/nxp/mcuxpressoide_11.8.1_1197/ide/plugins/com.nxp.mcuxpresso.tools.win32_11.8.1.202308071233/tools/bin/../lib/gcc/arm-none-eabi/12.2.1/../../../../arm-none-eabi/lib/thumb/v7e-m+dp/hard\libcr_c.a(__fillbuf.o) (_deferredlazyseek)
[...]
Memory Configuration

Name             Origin             Length             Attributes
BOARD_FLASH      0x60000000         0x00800000         xr
SRAM_DTC         0x20000000         0x00010000         xrw
SRAM_ITC         0x00000000         0x00010000         xrw
SRAM_OC          0x20200000         0x00020000         xrw
BOARD_SDRAM      0x80000000         0x01e00000         xrw
NCACHE_REGION    0x81e00000         0x00200000         xrw
*default*        0x00000000         0xffffffff

Linker script and memory map

LOAD ./xip/evkmimxrt1020_flexspi_nor_config.o
LOAD ./xip/fsl_flexspi_nor_boot.o
LOAD ./utilities/fsl_assert.o
LOAD ./utilities/fsl_debug_console.o
LOAD ./utilities/fsl_memcpy.o
LOAD ./utilities/fsl_str.o
LOAD ./startup/startup_mimxrt1021.o
LOAD ./source/Sentry_Simulator.o
LOAD ./source/semihost_hardfault.o
LOAD ./freertos/freertos-kernel/portable/MemMang/heap_4.o
LOAD ./freertos/freertos-kernel/portable/GCC/ARM_CM4F/port.o
LOAD ./freertos/freertos-kernel/croutine.o
LOAD ./freertos/freertos-kernel/event_groups.o
LOAD ./freertos/freertos-kernel/list.o
LOAD ./freertos/freertos-kernel/queue.o
LOAD ./freertos/freertos-kernel/stream_buffer.o
LOAD ./freertos/freertos-kernel/tasks.o
LOAD ./freertos/freertos-kernel/timers.o
LOAD ./drivers/fsl_clock.o
LOAD ./drivers/fsl_common.o
LOAD ./drivers/fsl_common_arm.o
LOAD ./drivers/fsl_gpio.o
LOAD ./drivers/fsl_lpuart.o
LOAD ./device/system_MIMXRT1021.o
LOAD ./component/uart/fsl_adapter_lpuart.o
LOAD ./component/serial_manager/fsl_component_serial_manager.o
LOAD ./component/serial_manager/fsl_component_serial_port_uart.o
LOAD ./component/lists/fsl_component_generic_list.o
LOAD ./board/board.o
LOAD ./board/clock_config.o
LOAD ./board/dcd.o
LOAD ./board/pin_mux.o
START GROUP
LOAD c:/nxp/mcuxpressoide_11.8.1_1197/ide/plugins/com.nxp.mcuxpresso.tools.win32_11.8.1.202308071233/tools/bin/../lib/gcc/arm-none-eabi/12.2.1/../../../../arm-none-eabi/lib/thumb/v7e-m+dp/hard\libcr_nohost_nf.a
LOAD c:/nxp/mcuxpressoide_11.8.1_1197/ide/plugins/com.nxp.mcuxpresso.tools.win32_11.8.1.202308071233/tools/bin/../lib/gcc/arm-none-eabi/12.2.1/../../../../arm-none-eabi/lib/thumb/v7e-m+dp/hard\libcr_c.a
LOAD c:/nxp/mcuxpressoide_11.8.1_1197/ide/plugins/com.nxp.mcuxpresso.tools.win32_11.8.1.202308071233/tools/bin/../lib/gcc/arm-none-eabi/12.2.1/thumb/v7e-m+dp/hard\libcr_eabihelpers.a
LOAD c:/nxp/mcuxpressoide_11.8.1_1197/ide/plugins/com.nxp.mcuxpresso.tools.win32_11.8.1.202308071233/tools/bin/../lib/gcc/arm-none-eabi/12.2.1/thumb/v7e-m+dp/hard\libgcc.a
END GROUP
                0x60000000                __base_BOARD_FLASH = 0x60000000
                0x60000000                __base_Flash = 0x60000000
                0x60800000                __top_BOARD_FLASH = 0x60800000
                0x60800000                __top_Flash = 0x60800000
                0x20000000                __base_SRAM_DTC = 0x20000000
                0x20000000                __base_RAM = 0x20000000
                0x20010000                __top_SRAM_DTC = 0x20010000
                0x20010000                __top_RAM = 0x20010000
                0x00000000                __base_SRAM_ITC = 0x0
                0x00000000                __base_RAM2 = 0x0
                0x00010000                __top_SRAM_ITC = 0x10000
                0x00010000                __top_RAM2 = 0x10000
                0x20200000                __base_SRAM_OC = 0x20200000
                0x20200000                __base_RAM3 = 0x20200000
                0x20220000                __top_SRAM_OC = 0x20220000
                0x20220000                __top_RAM3 = 0x20220000
                0x80000000                __base_BOARD_SDRAM = 0x80000000
                0x80000000                __base_RAM4 = 0x80000000
                0x81e00000                __top_BOARD_SDRAM = 0x81e00000
                0x81e00000                __top_RAM4 = 0x81e00000
                0x81e00000                __base_NCACHE_REGION = 0x81e00000
                0x81e00000                __base_RAM5 = 0x81e00000
                0x82000000                __top_NCACHE_REGION = 0x82000000
                0x82000000                __top_RAM5 = 0x82000000

.boot_hdr       0x60000000     0x2000
 FILL mask 0xff
                0x60000000                __boot_hdr_start__ = ABSOLUTE (.)
 *(SORT_BY_ALIGNMENT(.boot_hdr.conf))
 .boot_hdr.conf
                0x60000000      0x200 ./xip/evkmimxrt1020_flexspi_nor_config.o
                0x60000000                qspiflash_config
                0x00001000                . = 0x1000
 *fill*         0x60000200      0xe00 ff
 *(SORT_BY_ALIGNMENT(.boot_hdr.ivt))
 .boot_hdr.ivt  0x60001000       0x20 ./xip/fsl_flexspi_nor_boot.o
                0x60001000                image_vector_table
                0x00001020                . = 0x1020
 *(SORT_BY_ALIGNMENT(.boot_hdr.boot_data))
 .boot_hdr.boot_data
                0x60001020       0x10 ./xip/fsl_flexspi_nor_boot.o
                0x60001020                g_boot_data
                0x00001030                . = 0x1030
 *(SORT_BY_ALIGNMENT(.boot_hdr.dcd_data))
                0x60001030                __boot_hdr_end__ = ABSOLUTE (.)
                0x00002000                . = 0x2000
 *fill*         0x60001030      0xfd0 ff

.text           0x60002000     0x5940
 FILL mask 0xff
                0x60002000                __vectors_start__ = ABSOLUTE (.)
 *(SORT_BY_ALIGNMENT(.isr_vector))
 .isr_vector    0x60002000      0x278 ./startup/startup_mimxrt1021.o
                0x60002000                g_pfnVectors
                0x60002000                __Vectors
                0x60002278                . = ALIGN (0x4)
                0x60002278                __section_table_start = .
                0x60002278                __data_section_table = .
                0x60002278        0x4 LONG 0x60007940 LOADADDR (.data)
                0x6000227c        0x4 LONG 0x20000000 ADDR (.data)
                0x60002280        0x4 LONG 0xc SIZEOF (.data)
                0x60002284        0x4 LONG 0x60007940 LOADADDR (.data_RAM2)
                0x60002288        0x4 LONG 0x0 ADDR (.data_RAM2)
                0x6000228c        0x4 LONG 0x0 SIZEOF (.data_RAM2)
                0x60002290        0x4 LONG 0x60007940 LOADADDR (.data_RAM3)
                0x60002294        0x4 LONG 0x20200000 ADDR (.data_RAM3)
                0x60002298        0x4 LONG 0x0 SIZEOF (.data_RAM3)
                0x6000229c        0x4 LONG 0x60007940 LOADADDR (.data_RAM4)
                0x600022a0        0x4 LONG 0x80000000 ADDR (.data_RAM4)
                0x600022a4        0x4 LONG 0x0 SIZEOF (.data_RAM4)
                0x600022a8        0x4 LONG 0x60007940 LOADADDR (.data_RAM5)
                0x600022ac        0x4 LONG 0x81e00000 ADDR (.data_RAM5)
                0x600022b0        0x4 LONG 0x0 SIZEOF (.data_RAM5)
                0x600022b4                __data_section_table_end = .
                0x600022b4                __bss_section_table = .
                0x600022b4        0x4 LONG 0x20000010 ADDR (.bss)
                0x600022b8        0x4 LONG 0x2ae0 SIZEOF (.bss)
                0x600022bc        0x4 LONG 0x0 ADDR (.bss_RAM2)
                0x600022c0        0x4 LONG 0x0 SIZEOF (.bss_RAM2)
                0x600022c4        0x4 LONG 0x20200000 ADDR (.bss_RAM3)
                0x600022c8        0x4 LONG 0x0 SIZEOF (.bss_RAM3)
                0x600022cc        0x4 LONG 0x80000000 ADDR (.bss_RAM4)
                0x600022d0        0x4 LONG 0x0 SIZEOF (.bss_RAM4)
                0x600022d4        0x4 LONG 0x81e00000 ADDR (.bss_RAM5)
                0x600022d8        0x4 LONG 0x0 SIZEOF (.bss_RAM5)
                0x600022dc                __bss_section_table_end = .
                0x600022dc                __section_table_end = .
 *(SORT_BY_ALIGNMENT(.after_vectors*))
 .after_vectors
                0x600022dc       0x28 ./startup/startup_mimxrt1021.o
                0x600022dc                NMI_Handler
                0x600022e4                MemManage_Handler
                0x600022e8                BusFault_Handler
                0x600022ec                UsageFault_Handler
                0x600022f4                DebugMon_Handler
                0x60002300                SAI3_RX_DriverIRQHandler
                0x60002300                CCM_2_DriverIRQHandler
                0x60002300                PIT_DriverIRQHandler
                0x60002300                Reserved102_DriverIRQHandler
                0x60002300                Reserved152_DriverIRQHandler
                0x60002300                DMA13_DMA29_DriverIRQHandler
                0x60002300                FLEXRAM_DriverIRQHandler
                0x60002300                LPSPI4_DriverIRQHandler
                0x60002300                SEMC_DriverIRQHandler
                0x60002300                SPDIF_DriverIRQHandler
                0x60002300                KPP_DriverIRQHandler
                0x60002300                USB_PHY_DriverIRQHandler
                0x60002300                GPIO3_Combined_0_15_DriverIRQHandler
                0x60002300                Reserved82_DriverIRQHandler
                0x60002300                DMA7_DMA23_DriverIRQHandler
                0x60002300                BEE_DriverIRQHandler
                0x60002300                LPI2C3_DriverIRQHandler
                0x60002300                GPR_IRQ_DriverIRQHandler
                0x60002300                Reserved103_DriverIRQHandler
                0x60002300                PWM2_FAULT_DriverIRQHandler
                0x60002300                Reserved56_DriverIRQHandler
                0x60002300                DMA14_DMA30_DriverIRQHandler
                0x60002300                TMR1_DriverIRQHandler
                0x60002300                TRNG_DriverIRQHandler
                0x60002300                ENET_1588_Timer_DriverIRQHandler
                0x60002300                GPIO2_Combined_16_31_DriverIRQHandler
                0x60002300                Reserved143_DriverIRQHandler
                0x60002300                LPSPI2_DriverIRQHandler
                0x60002300                Reserved151_DriverIRQHandler
                0x60002300                DMA0_DMA16_DriverIRQHandler
                0x60002300                IntDefaultHandler
                0x60002300                DMA2_DMA18_DriverIRQHandler
                0x60002300                SRC_DriverIRQHandler
                0x60002300                GPIO1_INT4_DriverIRQHandler
                0x60002300                Reserved144_DriverIRQHandler
                0x60002300                USDHC1_DriverIRQHandler
                0x60002300                SNVS_LP_HP_WRAPPER_DriverIRQHandler
                0x60002300                Reserved87_DriverIRQHandler
                0x60002300                WDOG1_DriverIRQHandler
                0x60002300                FLEXIO1_DriverIRQHandler
                0x60002300                ENET_DriverIRQHandler
                0x60002300                Reserved78_DriverIRQHandler
                0x60002300                ENC2_DriverIRQHandler
                0x60002300                ADC_ETC_IRQ2_DriverIRQHandler
                0x60002300                GPIO1_Combined_16_31_DriverIRQHandler
                0x60002300                GPIO1_INT7_DriverIRQHandler
                0x60002300                SAI1_DriverIRQHandler
                0x60002300                DCDC_DriverIRQHandler
                0x60002300                DMA12_DMA28_DriverIRQHandler
                0x60002300                ADC_ETC_ERROR_IRQ_DriverIRQHandler
                0x60002300                ACMP2_DriverIRQHandler
                0x60002300                GPIO5_Combined_0_15_DriverIRQHandler
                0x60002300                GPIO1_INT0_DriverIRQHandler
                0x60002300                GPIO1_INT2_DriverIRQHandler
                0x60002300                RTWDOG_DriverIRQHandler
                0x60002300                FLEXSPI_DriverIRQHandler
                0x60002300                GPT2_DriverIRQHandler
                0x60002300                DMA10_DMA26_DriverIRQHandler
                0x60002300                PWM2_1_DriverIRQHandler
                0x60002300                PWM1_1_DriverIRQHandler
                0x60002300                ADC1_DriverIRQHandler
                0x60002300                Reserved148_DriverIRQHandler
                0x60002300                PWM1_0_DriverIRQHandler
                0x60002300                DMA1_DMA17_DriverIRQHandler
                0x60002300                ENC1_DriverIRQHandler
                0x60002300                CAN2_DriverIRQHandler
                0x60002300                DCP_DriverIRQHandler
                0x60002300                CTI0_ERROR_DriverIRQHandler
                0x60002300                DMA8_DMA24_DriverIRQHandler
                0x60002300                GPT1_DriverIRQHandler
                0x60002300                ACMP3_DriverIRQHandler
                0x60002300                DMA6_DMA22_DriverIRQHandler
                0x60002300                CSU_DriverIRQHandler
                0x60002300                GPIO1_INT5_DriverIRQHandler
                0x60002300                TMR2_DriverIRQHandler
                0x60002300                CTI1_ERROR_DriverIRQHandler
                0x60002300                GPIO1_Combined_0_15_DriverIRQHandler
                0x60002300                USDHC2_DriverIRQHandler
                0x60002300                EWM_DriverIRQHandler
                0x60002300                SAI2_DriverIRQHandler
                0x60002300                CORE_DriverIRQHandler
                0x60002300                Reserved147_DriverIRQHandler
                0x60002300                DMA11_DMA27_DriverIRQHandler
                0x60002300                PWM2_3_DriverIRQHandler
                0x60002300                Reserved60_DriverIRQHandler
                0x60002300                XBAR1_IRQ_2_3_DriverIRQHandler
                0x60002300                SNVS_HP_WRAPPER_TZ_DriverIRQHandler
                0x60002300                GPIO3_Combined_16_31_DriverIRQHandler
                0x60002300                PWM1_FAULT_DriverIRQHandler
                0x60002300                LPI2C1_DriverIRQHandler
                0x60002300                PWM2_2_DriverIRQHandler
                0x60002300                Reserved128_DriverIRQHandler
                0x60002300                DMA4_DMA20_DriverIRQHandler
                0x60002300                DMA9_DMA25_DriverIRQHandler
                0x60002300                SNVS_HP_WRAPPER_DriverIRQHandler
                0x60002300                XBAR1_IRQ_0_1_DriverIRQHandler
                0x60002300                ADC_ETC_IRQ1_DriverIRQHandler
                0x60002300                LPSPI1_DriverIRQHandler
                0x60002300                DMA3_DMA19_DriverIRQHandler
                0x60002300                GPIO1_INT3_DriverIRQHandler
                0x60002300                DCP_VMI_DriverIRQHandler
                0x60002300                LPI2C4_DriverIRQHandler
                0x60002300                GPC_DriverIRQHandler
                0x60002300                Reserved123_DriverIRQHandler
                0x60002300                GPIO2_Combined_0_15_DriverIRQHandler
                0x60002300                PWM1_2_DriverIRQHandler
                0x60002300                USB_OTG1_DriverIRQHandler
                0x60002300                TEMP_LOW_HIGH_DriverIRQHandler
                0x60002300                SAI3_TX_DriverIRQHandler
                0x60002300                WDOG2_DriverIRQHandler
                0x60002300                Reserved68_DriverIRQHandler
                0x60002300                PMU_DriverIRQHandler
                0x60002300                Reserved59_DriverIRQHandler
                0x60002300                GPIO5_Combined_16_31_DriverIRQHandler
                0x60002300                DMA5_DMA21_DriverIRQHandler
                0x60002300                CCM_1_DriverIRQHandler
                0x60002300                ADC2_DriverIRQHandler
                0x60002300                Reserved58_DriverIRQHandler
                0x60002300                Reserved115_DriverIRQHandler
                0x60002300                TEMP_PANIC_DriverIRQHandler
                0x60002300                ACMP4_DriverIRQHandler
                0x60002300                DMA15_DMA31_DriverIRQHandler
                0x60002300                Reserved107_DriverIRQHandler
                0x60002300                LPSPI3_DriverIRQHandler
                0x60002300                PWM1_3_DriverIRQHandler
                0x60002300                Reserved70_DriverIRQHandler
                0x60002300                ACMP1_DriverIRQHandler
                0x60002300                LPI2C2_DriverIRQHandler
                0x60002300                Reserved86_DriverIRQHandler
                0x60002300                DMA_ERROR_DriverIRQHandler
                0x60002300                ADC_ETC_IRQ0_DriverIRQHandler
                0x60002300                CAN1_DriverIRQHandler
                0x60002300                GPIO1_INT6_DriverIRQHandler
                0x60002300                GPIO1_INT1_DriverIRQHandler
                0x60002300                PWM2_0_DriverIRQHandler
 .after_vectors.init_data
                0x60002304       0x20 ./startup/startup_mimxrt1021.o
                0x60002304                data_init
 .after_vectors.init_bss
                0x60002324       0x14 ./startup/startup_mimxrt1021.o
                0x60002324                bss_init
 .after_vectors.reset
                0x60002338       0x58 ./startup/startup_mimxrt1021.o
                0x60002338                ResetISR
 *(SORT_BY_ALIGNMENT(.text*))
 .text.SVC_Handler
                0x60002390       0x24 ./freertos/freertos-kernel/portable/GCC/ARM_CM4F/port.o
                0x60002390                SVC_Handler
 *fill*         0x600023b4        0xc ff
 .text.PendSV_Handler
                0x600023c0       0x64 ./freertos/freertos-kernel/portable/GCC/ARM_CM4F/port.o
                0x600023c0                PendSV_Handler
 .text.__assertion_failed
                0x60002424       0x14 ./utilities/fsl_assert.o
                0x60002424                __assertion_failed
 .text.DbgConsole_PrintCallback
                0x60002438       0x64 ./utilities/fsl_debug_console.o
 .text.DbgConsole_Init
                0x6000249c       0x94 ./utilities/fsl_debug_console.o
                0x6000249c                DbgConsole_Init
 .text.DbgConsole_Printf
                0x60002530       0x64 ./utilities/fsl_debug_console.o
                0x60002530                DbgConsole_Printf
 .text          0x60002594       0xa0 ./utilities/fsl_memcpy.o
                0x60002594                memcpy
 .text.StrFormatPrintf
                0x60002634      0x300 ./utilities/fsl_str.o
                0x60002634                StrFormatPrintf
 .text.DMA0_DMA16_IRQHandler
                0x60002934        0x8 ./startup/startup_mimxrt1021.o
                0x60002934                DMA0_DMA16_IRQHandler
 .text.DMA1_DMA17_IRQHandler
                0x6000293c        0x8 ./startup/startup_mimxrt1021.o
                0x6000293c                DMA1_DMA17_IRQHandler
 .text.DMA2_DMA18_IRQHandler
                0x60002944        0x8 ./startup/startup_mimxrt1021.o
                0x60002944                DMA2_DMA18_IRQHandler
 .text.DMA3_DMA19_IRQHandler
                0x6000294c        0x8 ./startup/startup_mimxrt1021.o
                0x6000294c                DMA3_DMA19_IRQHandler
 .text.DMA4_DMA20_IRQHandler
                0x60002954        0x8 ./startup/startup_mimxrt1021.o
                0x60002954                DMA4_DMA20_IRQHandler
 .text.DMA5_DMA21_IRQHandler
                0x6000295c        0x8 ./startup/startup_mimxrt1021.o
                0x6000295c                DMA5_DMA21_IRQHandler
 .text.DMA6_DMA22_IRQHandler
                0x60002964        0x8 ./startup/startup_mimxrt1021.o
                0x60002964                DMA6_DMA22_IRQHandler
 .text.DMA7_DMA23_IRQHandler
                0x6000296c        0x8 ./startup/startup_mimxrt1021.o
                0x6000296c                DMA7_DMA23_IRQHandler
 .text.DMA8_DMA24_IRQHandler
                0x60002974        0x8 ./startup/startup_mimxrt1021.o
                0x60002974                DMA8_DMA24_IRQHandler
 .text.DMA9_DMA25_IRQHandler
                0x6000297c        0x8 ./startup/startup_mimxrt1021.o
                0x6000297c                DMA9_DMA25_IRQHandler
 .text.DMA10_DMA26_IRQHandler
                0x60002984        0x8 ./startup/startup_mimxrt1021.o
                0x60002984                DMA10_DMA26_IRQHandler
 .text.DMA11_DMA27_IRQHandler
                0x6000298c        0x8 ./startup/startup_mimxrt1021.o
                0x6000298c                DMA11_DMA27_IRQHandler
 .text.DMA12_DMA28_IRQHandler
                0x60002994        0x8 ./startup/startup_mimxrt1021.o
                0x60002994                DMA12_DMA28_IRQHandler
 .text.DMA13_DMA29_IRQHandler
                0x6000299c        0x8 ./startup/startup_mimxrt1021.o
                0x6000299c                DMA13_DMA29_IRQHandler
 .text.DMA14_DMA30_IRQHandler
                0x600029a4        0x8 ./startup/startup_mimxrt1021.o
                0x600029a4                DMA14_DMA30_IRQHandler
 .text.DMA15_DMA31_IRQHandler
                0x600029ac        0x8 ./startup/startup_mimxrt1021.o
                0x600029ac                DMA15_DMA31_IRQHandler
 .text.DMA_ERROR_IRQHandler
                0x600029b4        0x8 ./startup/startup_mimxrt1021.o
                0x600029b4                DMA_ERROR_IRQHandler
 .text.CTI0_ERROR_IRQHandler
                0x600029bc        0x8 ./startup/startup_mimxrt1021.o
                0x600029bc                CTI0_ERROR_IRQHandler
 .text.CTI1_ERROR_IRQHandler
                0x600029c4        0x8 ./startup/startup_mimxrt1021.o
                0x600029c4                CTI1_ERROR_IRQHandler
 .text.CORE_IRQHandler
                0x600029cc        0x8 ./startup/startup_mimxrt1021.o
                0x600029cc                CORE_IRQHandler
 .text.LPUART1_IRQHandler
                0x600029d4        0x8 ./startup/startup_mimxrt1021.o
                0x600029d4                LPUART1_IRQHandler
 .text.LPUART2_IRQHandler
                0x600029dc        0x8 ./startup/startup_mimxrt1021.o
                0x600029dc                LPUART2_IRQHandler
 .text.LPUART3_IRQHandler
                0x600029e4        0x8 ./startup/startup_mimxrt1021.o
                0x600029e4                LPUART3_IRQHandler
 .text.LPUART4_IRQHandler
                0x600029ec        0x8 ./startup/startup_mimxrt1021.o
                0x600029ec                LPUART4_IRQHandler
 .text.LPUART5_IRQHandler
                0x600029f4        0x8 ./startup/startup_mimxrt1021.o
                0x600029f4                LPUART5_IRQHandler
 .text.LPUART6_IRQHandler
                0x600029fc        0x8 ./startup/startup_mimxrt1021.o
                0x600029fc                LPUART6_IRQHandler
 .text.LPUART7_IRQHandler
                0x60002a04        0x8 ./startup/startup_mimxrt1021.o
                0x60002a04                LPUART7_IRQHandler
 .text.LPUART8_IRQHandler
                0x60002a0c        0x8 ./startup/startup_mimxrt1021.o
                0x60002a0c                LPUART8_IRQHandler
 .text.LPI2C1_IRQHandler
                0x60002a14        0x8 ./startup/startup_mimxrt1021.o
                0x60002a14                LPI2C1_IRQHandler
 .text.LPI2C2_IRQHandler
                0x60002a1c        0x8 ./startup/startup_mimxrt1021.o
                0x60002a1c                LPI2C2_IRQHandler
 .text.LPI2C3_IRQHandler
                0x60002a24        0x8 ./startup/startup_mimxrt1021.o
                0x60002a24                LPI2C3_IRQHandler
 .text.LPI2C4_IRQHandler
                0x60002a2c        0x8 ./startup/startup_mimxrt1021.o
                0x60002a2c                LPI2C4_IRQHandler
 .text.LPSPI1_IRQHandler
                0x60002a34        0x8 ./startup/startup_mimxrt1021.o
                0x60002a34                LPSPI1_IRQHandler
 .text.LPSPI2_IRQHandler
                0x60002a3c        0x8 ./startup/startup_mimxrt1021.o
                0x60002a3c                LPSPI2_IRQHandler
 .text.LPSPI3_IRQHandler
                0x60002a44        0x8 ./startup/startup_mimxrt1021.o
                0x60002a44                LPSPI3_IRQHandler
 .text.LPSPI4_IRQHandler
                0x60002a4c        0x8 ./startup/startup_mimxrt1021.o
                0x60002a4c                LPSPI4_IRQHandler
 .text.CAN1_IRQHandler
                0x60002a54        0x8 ./startup/startup_mimxrt1021.o
                0x60002a54                CAN1_IRQHandler
 .text.CAN2_IRQHandler
                0x60002a5c        0x8 ./startup/startup_mimxrt1021.o
                0x60002a5c                CAN2_IRQHandler
 .text.FLEXRAM_IRQHandler
                0x60002a64        0x8 ./startup/startup_mimxrt1021.o
                0x60002a64                FLEXRAM_IRQHandler
 .text.KPP_IRQHandler
                0x60002a6c        0x8 ./startup/startup_mimxrt1021.o
                0x60002a6c                KPP_IRQHandler
 .text.Reserved56_IRQHandler
                0x60002a74        0x8 ./startup/startup_mimxrt1021.o
                0x60002a74                Reserved56_IRQHandler
 .text.GPR_IRQ_IRQHandler
                0x60002a7c        0x8 ./startup/startup_mimxrt1021.o
                0x60002a7c                GPR_IRQ_IRQHandler
 .text.Reserved58_IRQHandler
                0x60002a84        0x8 ./startup/startup_mimxrt1021.o
                0x60002a84                Reserved58_IRQHandler
 .text.Reserved59_IRQHandler
                0x60002a8c        0x8 ./startup/startup_mimxrt1021.o
                0x60002a8c                Reserved59_IRQHandler
 .text.Reserved60_IRQHandler
                0x60002a94        0x8 ./startup/startup_mimxrt1021.o
                0x60002a94                Reserved60_IRQHandler
 .text.WDOG2_IRQHandler
                0x60002a9c        0x8 ./startup/startup_mimxrt1021.o
                0x60002a9c                WDOG2_IRQHandler
 .text.SNVS_HP_WRAPPER_IRQHandler
                0x60002aa4        0x8 ./startup/startup_mimxrt1021.o
                0x60002aa4                SNVS_HP_WRAPPER_IRQHandler
 .text.SNVS_HP_WRAPPER_TZ_IRQHandler
                0x60002aac        0x8 ./startup/startup_mimxrt1021.o
                0x60002aac                SNVS_HP_WRAPPER_TZ_IRQHandler
 .text.SNVS_LP_HP_WRAPPER_IRQHandler
                0x60002ab4        0x8 ./startup/startup_mimxrt1021.o
                0x60002ab4                SNVS_LP_HP_WRAPPER_IRQHandler
 .text.CSU_IRQHandler
                0x60002abc        0x8 ./startup/startup_mimxrt1021.o
                0x60002abc                CSU_IRQHandler
 .text.DCP_IRQHandler
                0x60002ac4        0x8 ./startup/startup_mimxrt1021.o
                0x60002ac4                DCP_IRQHandler
 .text.DCP_VMI_IRQHandler
                0x60002acc        0x8 ./startup/startup_mimxrt1021.o
                0x60002acc                DCP_VMI_IRQHandler
 .text.Reserved68_IRQHandler
                0x60002ad4        0x8 ./startup/startup_mimxrt1021.o
                0x60002ad4                Reserved68_IRQHandler
 .text.TRNG_IRQHandler
                0x60002adc        0x8 ./startup/startup_mimxrt1021.o
                0x60002adc                TRNG_IRQHandler
 .text.Reserved70_IRQHandler
                0x60002ae4        0x8 ./startup/startup_mimxrt1021.o
                0x60002ae4                Reserved70_IRQHandler
 .text.BEE_IRQHandler
                0x60002aec        0x8 ./startup/startup_mimxrt1021.o
                0x60002aec                BEE_IRQHandler
 .text.SAI1_IRQHandler
                0x60002af4        0x8 ./startup/startup_mimxrt1021.o
                0x60002af4                SAI1_IRQHandler
 .text.SAI2_IRQHandler
                0x60002afc        0x8 ./startup/startup_mimxrt1021.o
                0x60002afc                SAI2_IRQHandler
 .text.SAI3_RX_IRQHandler
                0x60002b04        0x8 ./startup/startup_mimxrt1021.o
                0x60002b04                SAI3_RX_IRQHandler
 .text.SAI3_TX_IRQHandler
                0x60002b0c        0x8 ./startup/startup_mimxrt1021.o
                0x60002b0c                SAI3_TX_IRQHandler
 .text.SPDIF_IRQHandler
                0x60002b14        0x8 ./startup/startup_mimxrt1021.o
                0x60002b14                SPDIF_IRQHandler
 .text.PMU_IRQHandler
                0x60002b1c        0x8 ./startup/startup_mimxrt1021.o
                0x60002b1c                PMU_IRQHandler
 .text.Reserved78_IRQHandler
                0x60002b24        0x8 ./startup/startup_mimxrt1021.o
                0x60002b24                Reserved78_IRQHandler
 .text.TEMP_LOW_HIGH_IRQHandler
                0x60002b2c        0x8 ./startup/startup_mimxrt1021.o
                0x60002b2c                TEMP_LOW_HIGH_IRQHandler
 .text.TEMP_PANIC_IRQHandler
                0x60002b34        0x8 ./startup/startup_mimxrt1021.o
                0x60002b34                TEMP_PANIC_IRQHandler
 .text.USB_PHY_IRQHandler
                0x60002b3c        0x8 ./startup/startup_mimxrt1021.o
                0x60002b3c                USB_PHY_IRQHandler
 .text.Reserved82_IRQHandler
                0x60002b44        0x8 ./startup/startup_mimxrt1021.o
                0x60002b44                Reserved82_IRQHandler
 .text.ADC1_IRQHandler
                0x60002b4c        0x8 ./startup/startup_mimxrt1021.o
                0x60002b4c                ADC1_IRQHandler
 .text.ADC2_IRQHandler
                0x60002b54        0x8 ./startup/startup_mimxrt1021.o
                0x60002b54                ADC2_IRQHandler
 .text.DCDC_IRQHandler
                0x60002b5c        0x8 ./startup/startup_mimxrt1021.o
                0x60002b5c                DCDC_IRQHandler
 .text.Reserved86_IRQHandler
                0x60002b64        0x8 ./startup/startup_mimxrt1021.o
                0x60002b64                Reserved86_IRQHandler
 .text.Reserved87_IRQHandler
                0x60002b6c        0x8 ./startup/startup_mimxrt1021.o
                0x60002b6c                Reserved87_IRQHandler
 .text.GPIO1_INT0_IRQHandler
                0x60002b74        0x8 ./startup/startup_mimxrt1021.o
                0x60002b74                GPIO1_INT0_IRQHandler
 .text.GPIO1_INT1_IRQHandler
                0x60002b7c        0x8 ./startup/startup_mimxrt1021.o
                0x60002b7c                GPIO1_INT1_IRQHandler
 .text.GPIO1_INT2_IRQHandler
                0x60002b84        0x8 ./startup/startup_mimxrt1021.o
                0x60002b84                GPIO1_INT2_IRQHandler
 .text.GPIO1_INT3_IRQHandler
                0x60002b8c        0x8 ./startup/startup_mimxrt1021.o
                0x60002b8c                GPIO1_INT3_IRQHandler
 .text.GPIO1_INT4_IRQHandler
                0x60002b94        0x8 ./startup/startup_mimxrt1021.o
                0x60002b94                GPIO1_INT4_IRQHandler
 .text.GPIO1_INT5_IRQHandler
                0x60002b9c        0x8 ./startup/startup_mimxrt1021.o
                0x60002b9c                GPIO1_INT5_IRQHandler
 .text.GPIO1_INT6_IRQHandler
                0x60002ba4        0x8 ./startup/startup_mimxrt1021.o
                0x60002ba4                GPIO1_INT6_IRQHandler
 .text.GPIO1_INT7_IRQHandler
                0x60002bac        0x8 ./startup/startup_mimxrt1021.o
                0x60002bac                GPIO1_INT7_IRQHandler
 .text.GPIO1_Combined_0_15_IRQHandler
                0x60002bb4        0x8 ./startup/startup_mimxrt1021.o
                0x60002bb4                GPIO1_Combined_0_15_IRQHandler
 .text.GPIO1_Combined_16_31_IRQHandler
                0x60002bbc        0x8 ./startup/startup_mimxrt1021.o
                0x60002bbc                GPIO1_Combined_16_31_IRQHandler
 .text.GPIO2_Combined_0_15_IRQHandler
                0x60002bc4        0x8 ./startup/startup_mimxrt1021.o
                0x60002bc4                GPIO2_Combined_0_15_IRQHandler
 .text.GPIO2_Combined_16_31_IRQHandler
                0x60002bcc        0x8 ./startup/startup_mimxrt1021.o
                0x60002bcc                GPIO2_Combined_16_31_IRQHandler
 .text.GPIO3_Combined_0_15_IRQHandler
                0x60002bd4        0x8 ./startup/startup_mimxrt1021.o
                0x60002bd4                GPIO3_Combined_0_15_IRQHandler
 .text.GPIO3_Combined_16_31_IRQHandler
                0x60002bdc        0x8 ./startup/startup_mimxrt1021.o
                0x60002bdc                GPIO3_Combined_16_31_IRQHandler
 .text.Reserved102_IRQHandler
                0x60002be4        0x8 ./startup/startup_mimxrt1021.o
                0x60002be4                Reserved102_IRQHandler
 .text.Reserved103_IRQHandler
                0x60002bec        0x8 ./startup/startup_mimxrt1021.o
                0x60002bec                Reserved103_IRQHandler
 .text.GPIO5_Combined_0_15_IRQHandler
                0x60002bf4        0x8 ./startup/startup_mimxrt1021.o
                0x60002bf4                GPIO5_Combined_0_15_IRQHandler
 .text.GPIO5_Combined_16_31_IRQHandler
                0x60002bfc        0x8 ./startup/startup_mimxrt1021.o
                0x60002bfc                GPIO5_Combined_16_31_IRQHandler
 .text.FLEXIO1_IRQHandler
                0x60002c04        0x8 ./startup/startup_mimxrt1021.o
                0x60002c04                FLEXIO1_IRQHandler
 .text.Reserved107_IRQHandler
                0x60002c0c        0x8 ./startup/startup_mimxrt1021.o
                0x60002c0c                Reserved107_IRQHandler
 .text.WDOG1_IRQHandler
                0x60002c14        0x8 ./startup/startup_mimxrt1021.o
                0x60002c14                WDOG1_IRQHandler
 .text.RTWDOG_IRQHandler
                0x60002c1c        0x8 ./startup/startup_mimxrt1021.o
                0x60002c1c                RTWDOG_IRQHandler
 .text.EWM_IRQHandler
                0x60002c24        0x8 ./startup/startup_mimxrt1021.o
                0x60002c24                EWM_IRQHandler
 .text.CCM_1_IRQHandler
                0x60002c2c        0x8 ./startup/startup_mimxrt1021.o
                0x60002c2c                CCM_1_IRQHandler
 .text.CCM_2_IRQHandler
                0x60002c34        0x8 ./startup/startup_mimxrt1021.o
                0x60002c34                CCM_2_IRQHandler
 .text.GPC_IRQHandler
                0x60002c3c        0x8 ./startup/startup_mimxrt1021.o
                0x60002c3c                GPC_IRQHandler
 .text.SRC_IRQHandler
                0x60002c44        0x8 ./startup/startup_mimxrt1021.o
                0x60002c44                SRC_IRQHandler
 .text.Reserved115_IRQHandler
                0x60002c4c        0x8 ./startup/startup_mimxrt1021.o
                0x60002c4c                Reserved115_IRQHandler
 .text.GPT1_IRQHandler
                0x60002c54        0x8 ./startup/startup_mimxrt1021.o
                0x60002c54                GPT1_IRQHandler
 .text.GPT2_IRQHandler
                0x60002c5c        0x8 ./startup/startup_mimxrt1021.o
                0x60002c5c                GPT2_IRQHandler
 .text.PWM1_0_IRQHandler
                0x60002c64        0x8 ./startup/startup_mimxrt1021.o
                0x60002c64                PWM1_0_IRQHandler
 .text.PWM1_1_IRQHandler
                0x60002c6c        0x8 ./startup/startup_mimxrt1021.o
                0x60002c6c                PWM1_1_IRQHandler
 .text.PWM1_2_IRQHandler
                0x60002c74        0x8 ./startup/startup_mimxrt1021.o
                0x60002c74                PWM1_2_IRQHandler
 .text.PWM1_3_IRQHandler
                0x60002c7c        0x8 ./startup/startup_mimxrt1021.o
                0x60002c7c                PWM1_3_IRQHandler
 .text.PWM1_FAULT_IRQHandler
                0x60002c84        0x8 ./startup/startup_mimxrt1021.o
                0x60002c84                PWM1_FAULT_IRQHandler
 .text.Reserved123_IRQHandler
                0x60002c8c        0x8 ./startup/startup_mimxrt1021.o
                0x60002c8c                Reserved123_IRQHandler
 .text.FLEXSPI_IRQHandler
                0x60002c94        0x8 ./startup/startup_mimxrt1021.o
                0x60002c94                FLEXSPI_IRQHandler
 .text.SEMC_IRQHandler
                0x60002c9c        0x8 ./startup/startup_mimxrt1021.o
                0x60002c9c                SEMC_IRQHandler
 .text.USDHC1_IRQHandler
                0x60002ca4        0x8 ./startup/startup_mimxrt1021.o
                0x60002ca4                USDHC1_IRQHandler
 .text.USDHC2_IRQHandler
                0x60002cac        0x8 ./startup/startup_mimxrt1021.o
                0x60002cac                USDHC2_IRQHandler
 .text.Reserved128_IRQHandler
                0x60002cb4        0x8 ./startup/startup_mimxrt1021.o
                0x60002cb4                Reserved128_IRQHandler
 .text.USB_OTG1_IRQHandler
                0x60002cbc        0x8 ./startup/startup_mimxrt1021.o
                0x60002cbc                USB_OTG1_IRQHandler
 .text.ENET_IRQHandler
                0x60002cc4        0x8 ./startup/startup_mimxrt1021.o
                0x60002cc4                ENET_IRQHandler
 .text.ENET_1588_Timer_IRQHandler
                0x60002ccc        0x8 ./startup/startup_mimxrt1021.o
                0x60002ccc                ENET_1588_Timer_IRQHandler
 .text.XBAR1_IRQ_0_1_IRQHandler
                0x60002cd4        0x8 ./startup/startup_mimxrt1021.o
                0x60002cd4                XBAR1_IRQ_0_1_IRQHandler
 .text.XBAR1_IRQ_2_3_IRQHandler
                0x60002cdc        0x8 ./startup/startup_mimxrt1021.o
                0x60002cdc                XBAR1_IRQ_2_3_IRQHandler
 .text.ADC_ETC_IRQ0_IRQHandler
                0x60002ce4        0x8 ./startup/startup_mimxrt1021.o
                0x60002ce4                ADC_ETC_IRQ0_IRQHandler
 .text.ADC_ETC_IRQ1_IRQHandler
                0x60002cec        0x8 ./startup/startup_mimxrt1021.o
                0x60002cec                ADC_ETC_IRQ1_IRQHandler
 .text.ADC_ETC_IRQ2_IRQHandler
                0x60002cf4        0x8 ./startup/startup_mimxrt1021.o
                0x60002cf4                ADC_ETC_IRQ2_IRQHandler
 .text.ADC_ETC_ERROR_IRQ_IRQHandler
                0x60002cfc        0x8 ./startup/startup_mimxrt1021.o
                0x60002cfc                ADC_ETC_ERROR_IRQ_IRQHandler
 .text.PIT_IRQHandler
                0x60002d04        0x8 ./startup/startup_mimxrt1021.o
                0x60002d04                PIT_IRQHandler
 .text.ACMP1_IRQHandler
                0x60002d0c        0x8 ./startup/startup_mimxrt1021.o
                0x60002d0c                ACMP1_IRQHandler
 .text.ACMP2_IRQHandler
                0x60002d14        0x8 ./startup/startup_mimxrt1021.o
                0x60002d14                ACMP2_IRQHandler
 .text.ACMP3_IRQHandler
                0x60002d1c        0x8 ./startup/startup_mimxrt1021.o
                0x60002d1c                ACMP3_IRQHandler
 .text.ACMP4_IRQHandler
                0x60002d24        0x8 ./startup/startup_mimxrt1021.o
                0x60002d24                ACMP4_IRQHandler
 .text.Reserved143_IRQHandler
                0x60002d2c        0x8 ./startup/startup_mimxrt1021.o
                0x60002d2c                Reserved143_IRQHandler
 .text.Reserved144_IRQHandler
                0x60002d34        0x8 ./startup/startup_mimxrt1021.o
                0x60002d34                Reserved144_IRQHandler
 .text.ENC1_IRQHandler
                0x60002d3c        0x8 ./startup/startup_mimxrt1021.o
                0x60002d3c                ENC1_IRQHandler
 .text.ENC2_IRQHandler
                0x60002d44        0x8 ./startup/startup_mimxrt1021.o
                0x60002d44                ENC2_IRQHandler
 .text.Reserved147_IRQHandler
                0x60002d4c        0x8 ./startup/startup_mimxrt1021.o
                0x60002d4c                Reserved147_IRQHandler
 .text.Reserved148_IRQHandler
                0x60002d54        0x8 ./startup/startup_mimxrt1021.o
                0x60002d54                Reserved148_IRQHandler
 .text.TMR1_IRQHandler
                0x60002d5c        0x8 ./startup/startup_mimxrt1021.o
                0x60002d5c                TMR1_IRQHandler
 .text.TMR2_IRQHandler
                0x60002d64        0x8 ./startup/startup_mimxrt1021.o
                0x60002d64                TMR2_IRQHandler
 .text.Reserved151_IRQHandler
                0x60002d6c        0x8 ./startup/startup_mimxrt1021.o
                0x60002d6c                Reserved151_IRQHandler
 .text.Reserved152_IRQHandler
                0x60002d74        0x8 ./startup/startup_mimxrt1021.o
                0x60002d74                Reserved152_IRQHandler
 .text.PWM2_0_IRQHandler
                0x60002d7c        0x8 ./startup/startup_mimxrt1021.o
                0x60002d7c                PWM2_0_IRQHandler
 .text.PWM2_1_IRQHandler
                0x60002d84        0x8 ./startup/startup_mimxrt1021.o
                0x60002d84                PWM2_1_IRQHandler
 .text.PWM2_2_IRQHandler
                0x60002d8c        0x8 ./startup/startup_mimxrt1021.o
                0x60002d8c                PWM2_2_IRQHandler
 .text.PWM2_3_IRQHandler
                0x60002d94        0x8 ./startup/startup_mimxrt1021.o
                0x60002d94                PWM2_3_IRQHandler
 .text.PWM2_FAULT_IRQHandler
                0x60002d9c        0x8 ./startup/startup_mimxrt1021.o
                0x60002d9c                PWM2_FAULT_IRQHandler
 .text.InputTask
                0x60002da4       0x4c ./source/Sentry_Simulator.o
                0x60002da4                InputTask
 .text.MainTask
                0x60002df0       0x48 ./source/Sentry_Simulator.o
                0x60002df0                MainTask
 .text.NetworkTask
                0x60002e38       0x4c ./source/Sentry_Simulator.o
                0x60002e38                NetworkTask
 .text.OutputTask
                0x60002e84       0x4c ./source/Sentry_Simulator.o
                0x60002e84                OutputTask
 .text.PrintStartupBanner
                0x60002ed0       0x78 ./source/Sentry_Simulator.o
                0x60002ed0                PrintStartupBanner
 .text.startup.main
                0x60002f48      0x130 ./source/Sentry_Simulator.o
                0x60002f48                main
 .text.vApplicationTickHook
                0x60003078       0x10 ./source/Sentry_Simulator.o
                0x60003078                vApplicationTickHook
 .text.vApplicationMallocFailedHook
                0x60003088       0x14 ./source/Sentry_Simulator.o
                0x60003088                vApplicationMallocFailedHook
 .text.vApplicationStackOverflowHook
                0x6000309c       0x14 ./source/Sentry_Simulator.o
                0x6000309c                vApplicationStackOverflowHook
 .text.vApplicationIdleHook
                0x600030b0       0x14 ./source/Sentry_Simulator.o
                0x600030b0                vApplicationIdleHook
 .text.HardFault_Handler
                0x600030c4       0x34 ./source/semihost_hardfault.o
                0x600030c4                HardFault_Handler
 .text.pvPortMalloc
                0x600030f8      0x174 ./freertos/freertos-kernel/portable/MemMang/heap_4.o
                0x600030f8                pvPortMalloc
 .text.vPortFree
                0x6000326c       0xc4 ./freertos/freertos-kernel/portable/MemMang/heap_4.o
                0x6000326c                vPortFree
 .text.xPortGetFreeHeapSize
                0x60003330        0xc ./freertos/freertos-kernel/portable/MemMang/heap_4.o
                0x60003330                xPortGetFreeHeapSize
 .text.prvPortStartFirstTask
                0x6000333c       0x28 ./freertos/freertos-kernel/portable/GCC/ARM_CM4F/port.o
 .text.vPortEnableVFP
                0x60003364       0x14 ./freertos/freertos-kernel/portable/GCC/ARM_CM4F/port.o
 .text.prvTaskExitError
                0x60003378       0x40 ./freertos/freertos-kernel/portable/GCC/ARM_CM4F/port.o
 .text.pxPortInitialiseStack
                0x600033b8       0x30 ./freertos/freertos-kernel/portable/GCC/ARM_CM4F/port.o
                0x600033b8                pxPortInitialiseStack
 .text.vPortEnterCritical
                0x600033e8       0x44 ./freertos/freertos-kernel/portable/GCC/ARM_CM4F/port.o
                0x600033e8                vPortEnterCritical
 .text.vPortExitCritical
                0x6000342c       0x28 ./freertos/freertos-kernel/portable/GCC/ARM_CM4F/port.o
                0x6000342c                vPortExitCritical
 .text.SysTick_Handler
                0x60003454       0x2c ./freertos/freertos-kernel/portable/GCC/ARM_CM4F/port.o
                0x60003454                SysTick_Handler
 .text.vPortSetupTimerInterrupt
                0x60003480       0x28 ./freertos/freertos-kernel/portable/GCC/ARM_CM4F/port.o
                0x60003480                vPortSetupTimerInterrupt
 .text.xPortStartScheduler
                0x600034a8      0x140 ./freertos/freertos-kernel/portable/GCC/ARM_CM4F/port.o
                0x600034a8                xPortStartScheduler
 .text.vListInitialise
                0x600035e8       0x18 ./freertos/freertos-kernel/list.o
                0x600035e8                vListInitialise
 .text.vListInitialiseItem
                0x60003600        0x8 ./freertos/freertos-kernel/list.o
                0x60003600                vListInitialiseItem
 .text.vListInsert
                0x60003608       0x30 ./freertos/freertos-kernel/list.o
                0x60003608                vListInsert
 .text.uxListRemove
                0x60003638       0x28 ./freertos/freertos-kernel/list.o
                0x60003638                uxListRemove
 .text.prvCopyDataToQueue
                0x60003660       0x84 ./freertos/freertos-kernel/queue.o
 .text.xQueueGenericReset
                0x600036e4       0xa0 ./freertos/freertos-kernel/queue.o
                0x600036e4                xQueueGenericReset
 .text.xQueueGenericCreate
                0x60003784       0x58 ./freertos/freertos-kernel/queue.o
                0x60003784                xQueueGenericCreate
 .text.xQueueGenericSend
                0x600037dc      0x304 ./freertos/freertos-kernel/queue.o
                0x600037dc                xQueueGenericSend
 .text.xQueueCreateMutex
                0x60003ae0       0x6c ./freertos/freertos-kernel/queue.o
                0x60003ae0                xQueueCreateMutex
 .text.xQueueReceive
                0x60003b4c      0x30c ./freertos/freertos-kernel/queue.o
                0x60003b4c                xQueueReceive
 .text.xQueueSemaphoreTake
                0x60003e58      0x304 ./freertos/freertos-kernel/queue.o
                0x60003e58                xQueueSemaphoreTake
 .text.vQueueAddToRegistry
                0x6000415c      0x148 ./freertos/freertos-kernel/queue.o
                0x6000415c                vQueueAddToRegistry
 .text.vQueueWaitForMessageRestricted
                0x600042a4       0xc8 ./freertos/freertos-kernel/queue.o
                0x600042a4                vQueueWaitForMessageRestricted
 .text.prvAddCurrentTaskToDelayedList
                0x6000436c       0xa0 ./freertos/freertos-kernel/tasks.o
 .text.prvIdleTask
                0x6000440c       0x70 ./freertos/freertos-kernel/tasks.o
 .text.xTaskCreate
                0x6000447c      0x218 ./freertos/freertos-kernel/tasks.o
                0x6000447c                xTaskCreate
 .text.vTaskStartScheduler
                0x60004694      0x230 ./freertos/freertos-kernel/tasks.o
                0x60004694                vTaskStartScheduler
 .text.vTaskSuspendAll
                0x600048c4       0x10 ./freertos/freertos-kernel/tasks.o
                0x600048c4                vTaskSuspendAll
 .text.xTaskGetTickCount
                0x600048d4        0xc ./freertos/freertos-kernel/tasks.o
                0x600048d4                xTaskGetTickCount
 .text.xTaskIncrementTick
                0x600048e0      0x1ac ./freertos/freertos-kernel/tasks.o
                0x600048e0                xTaskIncrementTick
 .text.xTaskResumeAll.part.0
                0x60004a8c      0x184 ./freertos/freertos-kernel/tasks.o
 .text.xTaskResumeAll
                0x60004c10       0x20 ./freertos/freertos-kernel/tasks.o
                0x60004c10                xTaskResumeAll
 .text.vTaskDelay
                0x60004c30       0x60 ./freertos/freertos-kernel/tasks.o
                0x60004c30                vTaskDelay
 .text.vTaskSwitchContext
                0x60004c90       0xa4 ./freertos/freertos-kernel/tasks.o
                0x60004c90                vTaskSwitchContext
 .text.vTaskPlaceOnEventList
                0x60004d34       0xbc ./freertos/freertos-kernel/tasks.o
                0x60004d34                vTaskPlaceOnEventList
 .text.vTaskPlaceOnEventListRestricted
                0x60004df0      0x108 ./freertos/freertos-kernel/tasks.o
                0x60004df0                vTaskPlaceOnEventListRestricted
 .text.xTaskRemoveFromEventList
                0x60004ef8       0xec ./freertos/freertos-kernel/tasks.o
                0x60004ef8                xTaskRemoveFromEventList
 .text.vTaskInternalSetTimeOutState
                0x60004fe4       0x18 ./freertos/freertos-kernel/tasks.o
                0x60004fe4                vTaskInternalSetTimeOutState
 .text.xTaskCheckForTimeOut
                0x60004ffc       0x84 ./freertos/freertos-kernel/tasks.o
                0x60004ffc                xTaskCheckForTimeOut
 .text.vTaskMissedYield
                0x60005080        0xc ./freertos/freertos-kernel/tasks.o
                0x60005080                vTaskMissedYield
 .text.xTaskGetSchedulerState
                0x6000508c       0x20 ./freertos/freertos-kernel/tasks.o
                0x6000508c                xTaskGetSchedulerState
 .text.xTaskPriorityInherit
                0x600050ac       0xa4 ./freertos/freertos-kernel/tasks.o
                0x600050ac                xTaskPriorityInherit
 .text.xTaskPriorityDisinherit
                0x60005150       0xb0 ./freertos/freertos-kernel/tasks.o
                0x60005150                xTaskPriorityDisinherit
 .text.vTaskPriorityDisinheritAfterTimeout
                0x60005200       0xb8 ./freertos/freertos-kernel/tasks.o
                0x60005200                vTaskPriorityDisinheritAfterTimeout
 .text.pvTaskIncrementMutexHeldCount
                0x600052b8       0x18 ./freertos/freertos-kernel/tasks.o
                0x600052b8                pvTaskIncrementMutexHeldCount
 .text.prvTimerTask
                0x600052d0      0x368 ./freertos/freertos-kernel/timers.o
 .text.xTimerCreateTimerTask
                0x60005638       0x98 ./freertos/freertos-kernel/timers.o
                0x60005638                xTimerCreateTimerTask
 .text.CLOCK_InitExternalClk
                0x600056d0       0x40 ./drivers/fsl_clock.o
                0x600056d0                CLOCK_InitExternalClk
 .text.CLOCK_SwitchOsc
                0x60005710       0x18 ./drivers/fsl_clock.o
                0x60005710                CLOCK_SwitchOsc
 .text.CLOCK_InitRcOsc24M
                0x60005728       0x14 ./drivers/fsl_clock.o
                0x60005728                CLOCK_InitRcOsc24M
 .text.CLOCK_InitSysPll
                0x6000573c       0x70 ./drivers/fsl_clock.o
                0x6000573c                CLOCK_InitSysPll
 .text.CLOCK_DeinitAudioPll
                0x600057ac       0x10 ./drivers/fsl_clock.o
                0x600057ac                CLOCK_DeinitAudioPll
 .text.CLOCK_InitEnetPll
                0x600057bc       0x6c ./drivers/fsl_clock.o
                0x600057bc                CLOCK_InitEnetPll
 .text.CLOCK_GetPllFreq
                0x60005828      0x19c ./drivers/fsl_clock.o
                0x60005828                CLOCK_GetPllFreq
 .text.CLOCK_InitSysPfd
                0x600059c4       0x34 ./drivers/fsl_clock.o
                0x600059c4                CLOCK_InitSysPfd
 .text.LPUART_Init
                0x600059f8      0x2e4 ./drivers/fsl_lpuart.o
                0x600059f8                LPUART_Init
 .text.LPUART_GetDefaultConfig
                0x60005cdc       0x2c ./drivers/fsl_lpuart.o
                0x60005cdc                LPUART_GetDefaultConfig
 .text.LPUART_WriteBlocking
                0x60005d08       0x2c ./drivers/fsl_lpuart.o
                0x60005d08                LPUART_WriteBlocking
 .text.LPUART1_DriverIRQHandler
                0x60005d34       0x20 ./drivers/fsl_lpuart.o
                0x60005d34                LPUART1_DriverIRQHandler
 .text.LPUART2_DriverIRQHandler
                0x60005d54       0x20 ./drivers/fsl_lpuart.o
                0x60005d54                LPUART2_DriverIRQHandler
 .text.LPUART3_DriverIRQHandler
                0x60005d74       0x20 ./drivers/fsl_lpuart.o
                0x60005d74                LPUART3_DriverIRQHandler
 .text.LPUART4_DriverIRQHandler
                0x60005d94       0x20 ./drivers/fsl_lpuart.o
                0x60005d94                LPUART4_DriverIRQHandler
 .text.LPUART5_DriverIRQHandler
                0x60005db4       0x20 ./drivers/fsl_lpuart.o
                0x60005db4                LPUART5_DriverIRQHandler
 .text.LPUART6_DriverIRQHandler
                0x60005dd4       0x20 ./drivers/fsl_lpuart.o
                0x60005dd4                LPUART6_DriverIRQHandler
 .text.LPUART7_DriverIRQHandler
                0x60005df4       0x20 ./drivers/fsl_lpuart.o
                0x60005df4                LPUART7_DriverIRQHandler
 .text.LPUART8_DriverIRQHandler
                0x60005e14       0x20 ./drivers/fsl_lpuart.o
                0x60005e14                LPUART8_DriverIRQHandler
 .text.SystemInitHook
                0x60005e34        0x4 ./device/system_MIMXRT1021.o
                0x60005e34                SystemInitHook
 .text.SystemInit
                0x60005e38       0xe8 ./device/system_MIMXRT1021.o
                0x60005e38                SystemInit
 .text.HAL_UartInit
                0x60005f20       0xdc ./component/uart/fsl_adapter_lpuart.o
                0x60005f20                HAL_UartInit
 .text.HAL_UartSendBlocking
                0x60005ffc       0x3c ./component/uart/fsl_adapter_lpuart.o
                0x60005ffc                HAL_UartSendBlocking
 .text.SerialManager_Init
                0x60006038       0x34 ./component/serial_manager/fsl_component_serial_manager.o
                0x60006038                SerialManager_Init
 .text.SerialManager_OpenWriteHandle
                0x6000606c       0x30 ./component/serial_manager/fsl_component_serial_manager.o
                0x6000606c                SerialManager_OpenWriteHandle
 .text.SerialManager_OpenReadHandle
                0x6000609c       0x38 ./component/serial_manager/fsl_component_serial_manager.o
                0x6000609c                SerialManager_OpenReadHandle
 .text.SerialManager_WriteBlocking
                0x600060d4       0x30 ./component/serial_manager/fsl_component_serial_manager.o
                0x600060d4                SerialManager_WriteBlocking
 .text.Serial_UartInit
                0x60006104       0x14 ./component/serial_manager/fsl_component_serial_port_uart.o
                0x60006104                Serial_UartInit
 .text.Serial_UartWrite
                0x60006118       0x18 ./component/serial_manager/fsl_component_serial_port_uart.o
                0x60006118                Serial_UartWrite
 .text.BOARD_InitDebugConsole
                0x60006130       0x70 ./board/board.o
                0x60006130                BOARD_InitDebugConsole
 .text.BOARD_ConfigMPU
                0x600061a0      0x2ac ./board/board.o
                0x600061a0                BOARD_ConfigMPU
 .text.BOARD_BootClockRUN
                0x6000644c      0x70c ./board/clock_config.o
                0x6000644c                BOARD_BootClockRUN
 .text.BOARD_InitBootClocks
                0x60006b58        0x4 ./board/clock_config.o
                0x60006b58                BOARD_InitBootClocks
 .text.BOARD_InitBootPins
                0x60006b5c       0x3c ./board/pin_mux.o
                0x60006b5c                BOARD_InitBootPins
 .text._initio  0x60006b98       0x78 c:/nxp/mcuxpressoide_11.8.1_1197/ide/plugins/com.nxp.mcuxpresso.tools.win32_11.8.1.202308071233/tools/bin/../lib/gcc/arm-none-eabi/12.2.1/../../../../arm-none-eabi/lib/thumb/v7e-m+dp/hard\libcr_c.a(initio.o)
                0x60006b98                _initio
 .text._Cwritebuf
                0x60006c10       0x6c c:/nxp/mcuxpressoide_11.8.1_1197/ide/plugins/com.nxp.mcuxpresso.tools.win32_11.8.1.202308071233/tools/bin/../lib/gcc/arm-none-eabi/12.2.1/../../../../arm-none-eabi/lib/thumb/v7e-m+dp/hard\libcr_c.a(_writebuf.o)
                0x60006c10                _Cwritebuf
 .text.fflush   0x60006c7c       0x3c c:/nxp/mcuxpressoide_11.8.1_1197/ide/plugins/com.nxp.mcuxpresso.tools.win32_11.8.1.202308071233/tools/bin/../lib/gcc/arm-none-eabi/12.2.1/../../../../arm-none-eabi/lib/thumb/v7e-m+dp/hard\libcr_c.a(fflush.o)
                0x60006c7c                fflush
 .text.fseek    0x60006cb8       0xf8 c:/nxp/mcuxpressoide_11.8.1_1197/ide/plugins/com.nxp.mcuxpresso.tools.win32_11.8.1.202308071233/tools/bin/../lib/gcc/arm-none-eabi/12.2.1/../../../../arm-none-eabi/lib/thumb/v7e-m+dp/hard\libcr_c.a(fseek.o)
                0x60006cb8                fseek
 .text.ftell    0x60006db0       0x44 c:/nxp/mcuxpressoide_11.8.1_1197/ide/plugins/com.nxp.mcuxpresso.tools.win32_11.8.1.202308071233/tools/bin/../lib/gcc/arm-none-eabi/12.2.1/../../../../arm-none-eabi/lib/thumb/v7e-m+dp/hard\libcr_c.a(ftell.o)
                0x60006db0                ftell
 .text.__main   0x60006df4        0xe c:/nxp/mcuxpressoide_11.8.1_1197/ide/plugins/com.nxp.mcuxpresso.tools.win32_11.8.1.202308071233/tools/bin/../lib/gcc/arm-none-eabi/12.2.1/../../../../arm-none-eabi/lib/thumb/v7e-m+dp/hard\libcr_nohost_nf.a(_cr__main.o)
                0x60006df4                __main
 .text.memset   0x60006e02        0x4 c:/nxp/mcuxpressoide_11.8.1_1197/ide/plugins/com.nxp.mcuxpresso.tools.win32_11.8.1.202308071233/tools/bin/../lib/gcc/arm-none-eabi/12.2.1/../../../../arm-none-eabi/lib/thumb/v7e-m+dp/hard\libcr_c.a(memset.o)
                0x60006e02                memset
 .text.free     0x60006e06       0x30 c:/nxp/mcuxpressoide_11.8.1_1197/ide/plugins/com.nxp.mcuxpresso.tools.win32_11.8.1.202308071233/tools/bin/../lib/gcc/arm-none-eabi/12.2.1/../../../../arm-none-eabi/lib/thumb/v7e-m+dp/hard\libcr_c.a(alloc.o)
                0x60006e06                free
 .text.setvbuf  0x60006e36       0x3e c:/nxp/mcuxpressoide_11.8.1_1197/ide/plugins/com.nxp.mcuxpresso.tools.win32_11.8.1.202308071233/tools/bin/../lib/gcc/arm-none-eabi/12.2.1/../../../../arm-none-eabi/lib/thumb/v7e-m+dp/hard\libcr_c.a(setvbuf.o)
                0x60006e36                setvbuf
 .text.strlen   0x60006e74       0x4e c:/nxp/mcuxpressoide_11.8.1_1197/ide/plugins/com.nxp.mcuxpresso.tools.win32_11.8.1.202308071233/tools/bin/../lib/gcc/arm-none-eabi/12.2.1/../../../../arm-none-eabi/lib/thumb/v7e-m+dp/hard\libcr_c.a(strlen.o)
                0x60006e74                strlen
 .text._deferredlazyseek
                0x60006ec2       0x40 c:/nxp/mcuxpressoide_11.8.1_1197/ide/plugins/com.nxp.mcuxpresso.tools.win32_11.8.1.202308071233/tools/bin/../lib/gcc/arm-none-eabi/12.2.1/../../../../arm-none-eabi/lib/thumb/v7e-m+dp/hard\libcr_c.a(_deferredlazyseek.o)
                0x60006ec2                _deferredlazyseek
 .text._fdopen  0x60006f02       0x68 c:/nxp/mcuxpressoide_11.8.1_1197/ide/plugins/com.nxp.mcuxpresso.tools.win32_11.8.1.202308071233/tools/bin/../lib/gcc/arm-none-eabi/12.2.1/../../../../arm-none-eabi/lib/thumb/v7e-m+dp/hard\libcr_c.a(_fdopen.o)
                0x60006f02                _fdopen
 .text._fflush  0x60006f6a       0x52 c:/nxp/mcuxpressoide_11.8.1_1197/ide/plugins/com.nxp.mcuxpresso.tools.win32_11.8.1.202308071233/tools/bin/../lib/gcc/arm-none-eabi/12.2.1/../../../../arm-none-eabi/lib/thumb/v7e-m+dp/hard\libcr_c.a(_fflush.o)
                0x60006f6a                _fflush
 .text.fclose   0x60006fbc       0x58 c:/nxp/mcuxpressoide_11.8.1_1197/ide/plugins/com.nxp.mcuxpresso.tools.win32_11.8.1.202308071233/tools/bin/../lib/gcc/arm-none-eabi/12.2.1/../../../../arm-none-eabi/lib/thumb/v7e-m+dp/hard\libcr_c.a(fclose.o)
                0x60006fbc                fclose
 .text.remove   0x60007014       0x14 c:/nxp/mcuxpressoide_11.8.1_1197/ide/plugins/com.nxp.mcuxpresso.tools.win32_11.8.1.202308071233/tools/bin/../lib/gcc/arm-none-eabi/12.2.1/../../../../arm-none-eabi/lib/thumb/v7e-m+dp/hard\libcr_c.a(remove.o)
                0x60007014                remove
 .text._do_fflush
                0x60007028       0x40 c:/nxp/mcuxpressoide_11.8.1_1197/ide/plugins/com.nxp.mcuxpresso.tools.win32_11.8.1.202308071233/tools/bin/../lib/gcc/arm-none-eabi/12.2.1/../../../../arm-none-eabi/lib/thumb/v7e-m+dp/hard\libcr_c.a(_do_fflush.o)
                0x60007028                _do_fflush
 .text.__aeabi_memset_lowlevel
                0x60007068       0x32 c:/nxp/mcuxpressoide_11.8.1_1197/ide/plugins/com.nxp.mcuxpresso.tools.win32_11.8.1.202308071233/tools/bin/../lib/gcc/arm-none-eabi/12.2.1/thumb/v7e-m+dp/hard\libcr_eabihelpers.a(memcpy.o)
                0x60007068                __aeabi_lowlevel_memset
 .text.__sys_close
                0x6000709a        0x6 c:/nxp/mcuxpressoide_11.8.1_1197/ide/plugins/com.nxp.mcuxpresso.tools.win32_11.8.1.202308071233/tools/bin/../lib/gcc/arm-none-eabi/12.2.1/../../../../arm-none-eabi/lib/thumb/v7e-m+dp/hard\libcr_nohost_nf.a(__sys_close.o)
                0x6000709a                __sys_close
 .text.__sys_flen
                0x600070a0        0x6 c:/nxp/mcuxpressoide_11.8.1_1197/ide/plugins/com.nxp.mcuxpresso.tools.win32_11.8.1.202308071233/tools/bin/../lib/gcc/arm-none-eabi/12.2.1/../../../../arm-none-eabi/lib/thumb/v7e-m+dp/hard\libcr_nohost_nf.a(__sys_flen.o)
                0x600070a0                __sys_flen
 .text.__sys_istty
                0x600070a6        0x6 c:/nxp/mcuxpressoide_11.8.1_1197/ide/plugins/com.nxp.mcuxpresso.tools.win32_11.8.1.202308071233/tools/bin/../lib/gcc/arm-none-eabi/12.2.1/../../../../arm-none-eabi/lib/thumb/v7e-m+dp/hard\libcr_nohost_nf.a(__sys_istty.o)
                0x600070a6                __sys_istty
 .text.__sys_remove
                0x600070ac        0x6 c:/nxp/mcuxpressoide_11.8.1_1197/ide/plugins/com.nxp.mcuxpresso.tools.win32_11.8.1.202308071233/tools/bin/../lib/gcc/arm-none-eabi/12.2.1/../../../../arm-none-eabi/lib/thumb/v7e-m+dp/hard\libcr_nohost_nf.a(__sys_remove.o)
                0x600070ac                __sys_remove
 .text.__sys_seek
                0x600070b2        0x6 c:/nxp/mcuxpressoide_11.8.1_1197/ide/plugins/com.nxp.mcuxpresso.tools.win32_11.8.1.202308071233/tools/bin/../lib/gcc/arm-none-eabi/12.2.1/../../../../arm-none-eabi/lib/thumb/v7e-m+dp/hard\libcr_nohost_nf.a(__sys_seek.o)
                0x600070b2                __sys_seek
 .text.__sys_tmpnam
                0x600070b8        0x6 c:/nxp/mcuxpressoide_11.8.1_1197/ide/plugins/com.nxp.mcuxpresso.tools.win32_11.8.1.202308071233/tools/bin/../lib/gcc/arm-none-eabi/12.2.1/../../../../arm-none-eabi/lib/thumb/v7e-m+dp/hard\libcr_nohost_nf.a(__sys_tmpnam.o)
                0x600070b8                __sys_tmpnam
 .text.__sys_write
                0x600070be        0x4 c:/nxp/mcuxpressoide_11.8.1_1197/ide/plugins/com.nxp.mcuxpresso.tools.win32_11.8.1.202308071233/tools/bin/../lib/gcc/arm-none-eabi/12.2.1/../../../../arm-none-eabi/lib/thumb/v7e-m+dp/hard\libcr_nohost_nf.a(__sys_write.o)
                0x600070be                __sys_write
 *freertos*/tasks.o(SORT_BY_ALIGNMENT(.rodata*))
 *fill*         0x600070c2        0x2 ff
 .rodata.vTaskStartScheduler.str1.4
                0x600070c4        0x5 ./freertos/freertos-kernel/tasks.o
 *(SORT_BY_ALIGNMENT(.rodata) SORT_BY_ALIGNMENT(.rodata.*) SORT_BY_ALIGNMENT(.constdata) SORT_BY_ALIGNMENT(.constdata.*))
 *fill*         0x600070c9        0x3 ff
 .rodata.__assertion_failed.str1.4
                0x600070cc       0x14 ./utilities/fsl_assert.o
 .rodata.CSWTCH.78
                0x600070e0        0xf ./utilities/fsl_str.o
 *fill*         0x600070ef        0x1 ff
 .rodata.InputTask.str1.4
                0x600070f0       0x39 ./source/Sentry_Simulator.o
 *fill*         0x60007129        0x3 ff
 .rodata.MainTask.str1.4
                0x6000712c       0x36 ./source/Sentry_Simulator.o
 *fill*         0x60007162        0x2 ff
 .rodata.NetworkTask.str1.4
                0x60007164       0x50 ./source/Sentry_Simulator.o
 .rodata.OutputTask.str1.4
                0x600071b4       0x41 ./source/Sentry_Simulator.o
 *fill*         0x600071f5        0x3 ff
 .rodata.PrintStartupBanner.str1.4
                0x600071f8      0x101 ./source/Sentry_Simulator.o
 *fill*         0x600072f9        0x3 ff
 .rodata.main.str1.4
                0x600072fc       0xe5 ./source/Sentry_Simulator.o
 *fill*         0x600073e1        0x3 ff
 .rodata.vApplicationMallocFailedHook.str1.4
                0x600073e4       0x43 ./source/Sentry_Simulator.o
 *fill*         0x60007427        0x1 ff
 .rodata.vApplicationStackOverflowHook.str1.4
                0x60007428       0x2c ./source/Sentry_Simulator.o
 .rodata.__FUNCTION__.0
                0x60007454       0x1e ./source/Sentry_Simulator.o
 *fill*         0x60007472        0x2 ff
 .rodata.__FUNCTION__.1
                0x60007474       0x1d ./source/Sentry_Simulator.o
 *fill*         0x60007491        0x3 ff
 .rodata.__FUNCTION__.3
                0x60007494        0xb ./source/Sentry_Simulator.o
 *fill*         0x6000749f        0x1 ff
 .rodata.__FUNCTION__.5
                0x600074a0        0xc ./source/Sentry_Simulator.o
 .rodata.__FUNCTION__.7
                0x600074ac        0x9 ./source/Sentry_Simulator.o
 *fill*         0x600074b5        0x3 ff
 .rodata.__FUNCTION__.9
                0x600074b8        0xa ./source/Sentry_Simulator.o
 *fill*         0x600074c2        0x2 ff
 .rodata.xTimerCreateTimerTask.str1.4
                0x600074c4       0x10 ./freertos/freertos-kernel/timers.o
 .rodata.CLOCK_InitExternalClk.str1.4
                0x600074d4       0x21 ./drivers/fsl_clock.o
 *fill*         0x600074f5        0x3 ff
 .rodata.CLOCK_GetPllFreq.str1.4
                0x600074f8       0x30 ./drivers/fsl_clock.o
 .rodata.enetRefClkFreq.0
                0x60007528       0x10 ./drivers/fsl_clock.o
 .rodata.LPUART_GetInstance.str1.4
                0x60007538       0x38 ./drivers/fsl_lpuart.o
 .rodata.LPUART_Init.str1.4
                0x60007570      0x12c ./drivers/fsl_lpuart.o
 .rodata.LPUART_GetDefaultConfig.str1.4
                0x6000769c       0x22 ./drivers/fsl_lpuart.o
 *fill*         0x600076be        0x2 ff
 .rodata.LPUART_WriteBlocking.str1.4
                0x600076c0       0x21 ./drivers/fsl_lpuart.o
 *fill*         0x600076e1        0x3 ff
 .rodata.s_lpuartClock
                0x600076e4       0x12 ./drivers/fsl_lpuart.o
 *fill*         0x600076f6        0x2 ff
 .rodata.HAL_UartInit.str1.4
                0x600076f8      0x116 ./component/uart/fsl_adapter_lpuart.o
 *fill*         0x6000780e        0x2 ff
 .rodata.HAL_UartSendBlocking.str1.4
                0x60007810       0x7b ./component/uart/fsl_adapter_lpuart.o
 *fill*         0x6000788b        0x1 ff
 .rodata.s_LpuartAdapterBase
                0x6000788c       0x24 ./component/uart/fsl_adapter_lpuart.o
 .rodata.BOARD_ConfigMPU.str1.4
                0x600078b0       0x69 ./board/board.o
 *fill*         0x60007919        0x3 ff
 .rodata.enetPllConfig_BOARD_BootClockRUN
                0x6000791c        0x5 ./board/clock_config.o
                0x6000791c                enetPllConfig_BOARD_BootClockRUN
 *fill*         0x60007921        0x3 ff
 .rodata.sysPllConfig_BOARD_BootClockRUN
                0x60007924       0x14 ./board/clock_config.o
                0x60007924                sysPllConfig_BOARD_BootClockRUN
 .rodata.__num_Ciob_streams
                0x60007938        0x4 c:/nxp/mcuxpressoide_11.8.1_1197/ide/plugins/com.nxp.mcuxpresso.tools.win32_11.8.1.202308071233/tools/bin/../lib/gcc/arm-none-eabi/12.2.1/../../../../arm-none-eabi/lib/thumb/v7e-m+dp/hard\libcr_nohost_nf.a(__ciob.o)
                0x60007938                __num_Ciob_streams
 .rodata._initio.str1.1
                0x6000793c        0x4 c:/nxp/mcuxpressoide_11.8.1_1197/ide/plugins/com.nxp.mcuxpresso.tools.win32_11.8.1.202308071233/tools/bin/../lib/gcc/arm-none-eabi/12.2.1/../../../../arm-none-eabi/lib/thumb/v7e-m+dp/hard\libcr_c.a(initio.o)
                0x60007940                . = ALIGN (0x4)

.glue_7         0x60007940        0x0
 .glue_7        0x60007940        0x0 linker stubs

.glue_7t        0x60007940        0x0
 .glue_7t       0x60007940        0x0 linker stubs

.vfp11_veneer   0x60007940        0x0
 .vfp11_veneer  0x60007940        0x0 linker stubs

.v4_bx          0x60007940        0x0
 .v4_bx         0x60007940        0x0 linker stubs

.iplt           0x60007940        0x0
 .iplt          0x60007940        0x0 ./xip/fsl_flexspi_nor_boot.o

.rel.dyn        0x60007940        0x0
 .rel.iplt      0x60007940        0x0 ./xip/fsl_flexspi_nor_boot.o

.ARM.extab
 *(SORT_BY_ALIGNMENT(.ARM.extab*) SORT_BY_ALIGNMENT(.gnu.linkonce.armextab.*))

.ARM.exidx      0x60007940        0x0
                0x60007940                __exidx_start = .
 *(SORT_BY_ALIGNMENT(.ARM.exidx*) SORT_BY_ALIGNMENT(.gnu.linkonce.armexidx.*))
                0x60007940                __exidx_end = .
                0x60007940                _etext = .

.data_RAM2      0x00000000        0x0 load address 0x60007940
 FILL mask 0xff
                [!provide]                PROVIDE (__start_data_RAM2 = .)
                [!provide]                PROVIDE (__start_data_SRAM_ITC = .)
 *(SORT_BY_ALIGNMENT(.ramfunc.$RAM2))
 *(SORT_BY_ALIGNMENT(.ramfunc.$SRAM_ITC))
 *(SORT_BY_ALIGNMENT(.data.$RAM2))
 *(SORT_BY_ALIGNMENT(.data.$SRAM_ITC))
 *(SORT_BY_ALIGNMENT(.data.$RAM2.*))
 *(SORT_BY_ALIGNMENT(.data.$SRAM_ITC.*))
                0x00000000                . = ALIGN (0x4)
                [!provide]                PROVIDE (__end_data_RAM2 = .)
                [!provide]                PROVIDE (__end_data_SRAM_ITC = .)

.data_RAM3      0x20200000        0x0 load address 0x60007940
 FILL mask 0xff
                [!provide]                PROVIDE (__start_data_RAM3 = .)
                [!provide]                PROVIDE (__start_data_SRAM_OC = .)
 *(SORT_BY_ALIGNMENT(.ramfunc.$RAM3))
 *(SORT_BY_ALIGNMENT(.ramfunc.$SRAM_OC))
 *(SORT_BY_ALIGNMENT(.data.$RAM3))
 *(SORT_BY_ALIGNMENT(.data.$SRAM_OC))
 *(SORT_BY_ALIGNMENT(.data.$RAM3.*))
 *(SORT_BY_ALIGNMENT(.data.$SRAM_OC.*))
                0x20200000                . = ALIGN (0x4)
                [!provide]                PROVIDE (__end_data_RAM3 = .)
                [!provide]                PROVIDE (__end_data_SRAM_OC = .)

.data_RAM4      0x80000000        0x0 load address 0x60007940
 FILL mask 0xff
                [!provide]                PROVIDE (__start_data_RAM4 = .)
                [!provide]                PROVIDE (__start_data_BOARD_SDRAM = .)
 *(SORT_BY_ALIGNMENT(.ramfunc.$RAM4))
 *(SORT_BY_ALIGNMENT(.ramfunc.$BOARD_SDRAM))
 *(SORT_BY_ALIGNMENT(.data.$RAM4))
 *(SORT_BY_ALIGNMENT(.data.$BOARD_SDRAM))
 *(SORT_BY_ALIGNMENT(.data.$RAM4.*))
 *(SORT_BY_ALIGNMENT(.data.$BOARD_SDRAM.*))
                0x80000000                . = ALIGN (0x4)
                [!provide]                PROVIDE (__end_data_RAM4 = .)
                [!provide]                PROVIDE (__end_data_BOARD_SDRAM = .)

.data_RAM5      0x81e00000        0x0 load address 0x60007940
 FILL mask 0xff
                [!provide]                PROVIDE (__start_data_RAM5 = .)
                [!provide]                PROVIDE (__start_data_NCACHE_REGION = .)
 *(SORT_BY_ALIGNMENT(.ramfunc.$RAM5))
 *(SORT_BY_ALIGNMENT(.ramfunc.$NCACHE_REGION))
 *(SORT_BY_ALIGNMENT(.data.$RAM5))
 *(SORT_BY_ALIGNMENT(.data.$NCACHE_REGION))
 *(SORT_BY_ALIGNMENT(.data.$RAM5.*))
 *(SORT_BY_ALIGNMENT(.data.$NCACHE_REGION.*))
                0x81e00000                . = ALIGN (0x4)
                [!provide]                PROVIDE (__end_data_RAM5 = .)
                [!provide]                PROVIDE (__end_data_NCACHE_REGION = .)

.uninit_RESERVED
                0x20000000        0x0
                0x20000000                _start_uninit_RESERVED = .
 *(SORT_BY_ALIGNMENT(.bss.$RESERVED*))
                0x20000000                . = ALIGN (0x4)
                0x20000000                _end_uninit_RESERVED = .

.data           0x20000000        0xc load address 0x60007940
 FILL mask 0xff
                0x20000000                _data = .
                [!provide]                PROVIDE (__start_data_RAM = .)
                [!provide]                PROVIDE (__start_data_SRAM_DTC = .)
 *(SORT_BY_ALIGNMENT(vtable))
 *(SORT_BY_ALIGNMENT(.ramfunc*))
 *(SORT_BY_ALIGNMENT(CodeQuickAccess))
 *(SORT_BY_ALIGNMENT(DataQuickAccess))
 *(SORT_BY_ALIGNMENT(RamFunction))
 *(SORT_BY_ALIGNMENT(NonCacheable.init))
 *(SORT_BY_ALIGNMENT(.data*))
 .data.uxCriticalNesting
                0x20000000        0x4 ./freertos/freertos-kernel/portable/GCC/ARM_CM4F/port.o
 .data.uxTopUsedPriority
                0x20000004        0x4 ./freertos/freertos-kernel/tasks.o
                0x20000004                uxTopUsedPriority
 .data.SystemCoreClock
                0x20000008        0x4 ./device/system_MIMXRT1021.o
                0x20000008                SystemCoreClock
                0x2000000c                . = ALIGN (0x4)
                0x2000000c                _edata = .
                [!provide]                PROVIDE (__end_data_RAM = .)
                [!provide]                PROVIDE (__end_data_SRAM_DTC = .)

.igot.plt       0x2000000c        0x0 load address 0x6000794c
 .igot.plt      0x2000000c        0x0 ./xip/fsl_flexspi_nor_boot.o

.bss_RAM2       0x00000000        0x0
                [!provide]                PROVIDE (__start_bss_RAM2 = .)
                [!provide]                PROVIDE (__start_bss_SRAM_ITC = .)
 *(SORT_BY_ALIGNMENT(.bss.$RAM2))
 *(SORT_BY_ALIGNMENT(.bss.$SRAM_ITC))
 *(SORT_BY_ALIGNMENT(.bss.$RAM2.*))
 *(SORT_BY_ALIGNMENT(.bss.$SRAM_ITC.*))
                0x00000000                . = ALIGN ((. != 0x0)?0x4:0x1)
                [!provide]                PROVIDE (__end_bss_RAM2 = .)
                [!provide]                PROVIDE (__end_bss_SRAM_ITC = .)

.bss_RAM3       0x20200000        0x0
                [!provide]                PROVIDE (__start_bss_RAM3 = .)
                [!provide]                PROVIDE (__start_bss_SRAM_OC = .)
 *(SORT_BY_ALIGNMENT(.bss.$RAM3))
 *(SORT_BY_ALIGNMENT(.bss.$SRAM_OC))
 *(SORT_BY_ALIGNMENT(.bss.$RAM3.*))
 *(SORT_BY_ALIGNMENT(.bss.$SRAM_OC.*))
                0x20200000                . = ALIGN ((. != 0x0)?0x4:0x1)
                [!provide]                PROVIDE (__end_bss_RAM3 = .)
                [!provide]                PROVIDE (__end_bss_SRAM_OC = .)

.bss_RAM4       0x80000000        0x0
                [!provide]                PROVIDE (__start_bss_RAM4 = .)
                [!provide]                PROVIDE (__start_bss_BOARD_SDRAM = .)
 *(SORT_BY_ALIGNMENT(.bss.$RAM4))
 *(SORT_BY_ALIGNMENT(.bss.$BOARD_SDRAM))
 *(SORT_BY_ALIGNMENT(.bss.$RAM4.*))
 *(SORT_BY_ALIGNMENT(.bss.$BOARD_SDRAM.*))
                0x80000000                . = ALIGN ((. != 0x0)?0x4:0x1)
                [!provide]                PROVIDE (__end_bss_RAM4 = .)
                [!provide]                PROVIDE (__end_bss_BOARD_SDRAM = .)

.bss_RAM5       0x81e00000        0x0
                [!provide]                PROVIDE (__start_bss_RAM5 = .)
                [!provide]                PROVIDE (__start_bss_NCACHE_REGION = .)
 *(SORT_BY_ALIGNMENT(.bss.$RAM5))
 *(SORT_BY_ALIGNMENT(.bss.$NCACHE_REGION))
 *(SORT_BY_ALIGNMENT(.bss.$RAM5.*))
 *(SORT_BY_ALIGNMENT(.bss.$NCACHE_REGION.*))
                0x81e00000                . = ALIGN ((. != 0x0)?0x4:0x1)
                [!provide]                PROVIDE (__end_bss_RAM5 = .)
                [!provide]                PROVIDE (__end_bss_NCACHE_REGION = .)

.bss            0x20000010     0x2ae0
                0x20000010                _bss = .
                [!provide]                PROVIDE (__start_bss_RAM = .)
                [!provide]                PROVIDE (__start_bss_SRAM_DTC = .)
 *(SORT_BY_ALIGNMENT(NonCacheable))
 *(SORT_BY_ALIGNMENT(.bss*))
 .bss.xQueueRegistry
                0x20000010       0x40 ./freertos/freertos-kernel/queue.o
                0x20000010                xQueueRegistry
 .bss.g_serialHandle
                0x20000050        0x4 ./utilities/fsl_debug_console.o
                0x20000050                g_serialHandle
 .bss.s_debugConsoleState
                0x20000054       0x20 ./utilities/fsl_debug_console.o
 .bss.ulCount.2
                0x20000074        0x4 ./source/Sentry_Simulator.o
 .bss.xDiagnosticMutex
                0x20000078        0x4 ./source/Sentry_Simulator.o
                0x20000078                xDiagnosticMutex
 .bss.xNumberOfSuccessfulFrees
                0x2000007c        0x4 ./freertos/freertos-kernel/portable/MemMang/heap_4.o
 .bss.xNumberOfSuccessfulAllocations
                0x20000080        0x4 ./freertos/freertos-kernel/portable/MemMang/heap_4.o
 .bss.xMinimumEverFreeBytesRemaining
                0x20000084        0x4 ./freertos/freertos-kernel/portable/MemMang/heap_4.o
 .bss.xFreeBytesRemaining
                0x20000088        0x4 ./freertos/freertos-kernel/portable/MemMang/heap_4.o
 .bss.pxEnd     0x2000008c        0x4 ./freertos/freertos-kernel/portable/MemMang/heap_4.o
 .bss.xStart    0x20000090        0x8 ./freertos/freertos-kernel/portable/MemMang/heap_4.o
 .bss.ucHeap    0x20000098     0x2800 ./freertos/freertos-kernel/portable/MemMang/heap_4.o
 .bss.ulMaxPRIGROUPValue
                0x20002898        0x4 ./freertos/freertos-kernel/portable/GCC/ARM_CM4F/port.o
 .bss.uxSchedulerSuspended
                0x2000289c        0x4 ./freertos/freertos-kernel/tasks.o
 .bss.xIdleTaskHandle
                0x200028a0        0x4 ./freertos/freertos-kernel/tasks.o
 .bss.xNextTaskUnblockTime
                0x200028a4        0x4 ./freertos/freertos-kernel/tasks.o
 .bss.uxTaskNumber
                0x200028a8        0x4 ./freertos/freertos-kernel/tasks.o
 .bss.xNumOfOverflows
                0x200028ac        0x4 ./freertos/freertos-kernel/tasks.o
 .bss.xYieldPending
                0x200028b0        0x4 ./freertos/freertos-kernel/tasks.o
 .bss.xPendedTicks
                0x200028b4        0x4 ./freertos/freertos-kernel/tasks.o
 .bss.xSchedulerRunning
                0x200028b8        0x4 ./freertos/freertos-kernel/tasks.o
 .bss.uxTopReadyPriority
                0x200028bc        0x4 ./freertos/freertos-kernel/tasks.o
 .bss.xTickCount
                0x200028c0        0x4 ./freertos/freertos-kernel/tasks.o
 .bss.uxCurrentNumberOfTasks
                0x200028c4        0x4 ./freertos/freertos-kernel/tasks.o
 .bss.xSuspendedTaskList
                0x200028c8       0x14 ./freertos/freertos-kernel/tasks.o
 .bss.uxDeletedTasksWaitingCleanUp
                0x200028dc        0x4 ./freertos/freertos-kernel/tasks.o
 .bss.xTasksWaitingTermination
                0x200028e0       0x14 ./freertos/freertos-kernel/tasks.o
 .bss.xPendingReadyList
                0x200028f4       0x14 ./freertos/freertos-kernel/tasks.o
 .bss.pxOverflowDelayedTaskList
                0x20002908        0x4 ./freertos/freertos-kernel/tasks.o
 .bss.pxDelayedTaskList
                0x2000290c        0x4 ./freertos/freertos-kernel/tasks.o
 .bss.xDelayedTaskList2
                0x20002910       0x14 ./freertos/freertos-kernel/tasks.o
 .bss.xDelayedTaskList1
                0x20002924       0x14 ./freertos/freertos-kernel/tasks.o
 .bss.pxReadyTasksLists
                0x20002938       0x64 ./freertos/freertos-kernel/tasks.o
 .bss.pxCurrentTCB
                0x2000299c        0x4 ./freertos/freertos-kernel/tasks.o
                0x2000299c                pxCurrentTCB
 .bss.xLastTime.0
                0x200029a0        0x4 ./freertos/freertos-kernel/timers.o
 .bss.xTimerTaskHandle
                0x200029a4        0x4 ./freertos/freertos-kernel/timers.o
 .bss.xTimerQueue
                0x200029a8        0x4 ./freertos/freertos-kernel/timers.o
 .bss.pxOverflowTimerList
                0x200029ac        0x4 ./freertos/freertos-kernel/timers.o
 .bss.pxCurrentTimerList
                0x200029b0        0x4 ./freertos/freertos-kernel/timers.o
 .bss.xActiveTimerList2
                0x200029b4       0x14 ./freertos/freertos-kernel/timers.o
 .bss.xActiveTimerList1
                0x200029c8       0x14 ./freertos/freertos-kernel/timers.o
 .bss.g_rtcXtalFreq
                0x200029dc        0x4 ./drivers/fsl_clock.o
                0x200029dc                g_rtcXtalFreq
 .bss.g_xtalFreq
                0x200029e0        0x4 ./drivers/fsl_clock.o
                0x200029e0                g_xtalFreq
 .bss.s_lpuartIsr
                0x200029e4       0x24 ./drivers/fsl_lpuart.o
                0x200029e4                s_lpuartIsr
 .bss.s_lpuartHandle
                0x20002a08       0x24 ./drivers/fsl_lpuart.o
                0x20002a08                s_lpuartHandle
 .bss.errno     0x20002a2c        0x4 c:/nxp/mcuxpressoide_11.8.1_1197/ide/plugins/com.nxp.mcuxpresso.tools.win32_11.8.1.202308071233/tools/bin/../lib/gcc/arm-none-eabi/12.2.1/../../../../arm-none-eabi/lib/thumb/v7e-m+dp/hard\libcr_c.a(errno.o)
                0x20002a2c                errno
 .bss.__Ciob    0x20002a30       0xb4 c:/nxp/mcuxpressoide_11.8.1_1197/ide/plugins/com.nxp.mcuxpresso.tools.win32_11.8.1.202308071233/tools/bin/../lib/gcc/arm-none-eabi/12.2.1/../../../../arm-none-eabi/lib/thumb/v7e-m+dp/hard\libcr_nohost_nf.a(__ciob.o)
                0x20002a30                __Ciob
 .bss.luiCounter.4
                0x20002ae4        0x2 ./source/Sentry_Simulator.o
 .bss.luiCounter.6
                0x20002ae6        0x2 ./source/Sentry_Simulator.o
 .bss.luiCounter.8
                0x20002ae8        0x2 ./source/Sentry_Simulator.o
 .bss.luiCounter.10
                0x20002aea        0x2 ./source/Sentry_Simulator.o
 .bss.s_debugConsoleReadWaitSemaphore
                0x20002aec        0x1 ./utilities/fsl_debug_console.o
 .bss.ucMaxSysCallPriority
                0x20002aed        0x1 ./freertos/freertos-kernel/portable/GCC/ARM_CM4F/port.o
 *(SORT_BY_ALIGNMENT(COMMON))
                0x20002af0                . = ALIGN (0x4)
 *fill*         0x20002aee        0x2 
                0x20002af0                _ebss = .
                [!provide]                PROVIDE (__end_bss_RAM = .)
                [!provide]                PROVIDE (__end_bss_SRAM_DTC = .)
                [!provide]                PROVIDE (end = .)

.noinit_RAM2    0x00000000        0x0
                [!provide]                PROVIDE (__start_noinit_RAM2 = .)
                [!provide]                PROVIDE (__start_noinit_SRAM_ITC = .)
 *(SORT_BY_ALIGNMENT(.noinit.$RAM2))
 *(SORT_BY_ALIGNMENT(.noinit.$SRAM_ITC))
 *(SORT_BY_ALIGNMENT(.noinit.$RAM2.*))
 *(SORT_BY_ALIGNMENT(.noinit.$SRAM_ITC.*))
                0x00000000                . = ALIGN (0x4)
                [!provide]                PROVIDE (__end_noinit_RAM2 = .)
                [!provide]                PROVIDE (__end_noinit_SRAM_ITC = .)

.noinit_RAM3    0x20200000        0x0
                [!provide]                PROVIDE (__start_noinit_RAM3 = .)
                [!provide]                PROVIDE (__start_noinit_SRAM_OC = .)
 *(SORT_BY_ALIGNMENT(.noinit.$RAM3))
 *(SORT_BY_ALIGNMENT(.noinit.$SRAM_OC))
 *(SORT_BY_ALIGNMENT(.noinit.$RAM3.*))
 *(SORT_BY_ALIGNMENT(.noinit.$SRAM_OC.*))
                0x20200000                . = ALIGN (0x4)
                [!provide]                PROVIDE (__end_noinit_RAM3 = .)
                [!provide]                PROVIDE (__end_noinit_SRAM_OC = .)

.noinit_RAM4    0x80000000        0x0
                [!provide]                PROVIDE (__start_noinit_RAM4 = .)
                [!provide]                PROVIDE (__start_noinit_BOARD_SDRAM = .)
 *(SORT_BY_ALIGNMENT(.noinit.$RAM4))
 *(SORT_BY_ALIGNMENT(.noinit.$BOARD_SDRAM))
 *(SORT_BY_ALIGNMENT(.noinit.$RAM4.*))
 *(SORT_BY_ALIGNMENT(.noinit.$BOARD_SDRAM.*))
                0x80000000                . = ALIGN (0x4)
                [!provide]                PROVIDE (__end_noinit_RAM4 = .)
                [!provide]                PROVIDE (__end_noinit_BOARD_SDRAM = .)

.noinit_RAM5    0x81e00000        0x0
                [!provide]                PROVIDE (__start_noinit_RAM5 = .)
                [!provide]                PROVIDE (__start_noinit_NCACHE_REGION = .)
 *(SORT_BY_ALIGNMENT(.noinit.$RAM5))
 *(SORT_BY_ALIGNMENT(.noinit.$NCACHE_REGION))
 *(SORT_BY_ALIGNMENT(.noinit.$RAM5.*))
 *(SORT_BY_ALIGNMENT(.noinit.$NCACHE_REGION.*))
                0x81e00000                . = ALIGN (0x4)
                [!provide]                PROVIDE (__end_noinit_RAM5 = .)
                [!provide]                PROVIDE (__end_noinit_NCACHE_REGION = .)

.noinit         0x20002af0        0x0
                0x20002af0                _noinit = .
                [!provide]                PROVIDE (__start_noinit_RAM = .)
                [!provide]                PROVIDE (__start_noinit_SRAM_DTC = .)
 *(SORT_BY_ALIGNMENT(.noinit*))
                0x20002af0                . = ALIGN (0x4)
                0x20002af0                _end_noinit = .
                [!provide]                PROVIDE (__end_noinit_RAM = .)
                [!provide]                PROVIDE (__end_noinit_SRAM_DTC = .)
                0x00001000                _HeapSize = 0x1000

.heap           0x20002af0     0x1000
                0x20002af0                _pvHeapStart = .
                0x20003af0                . = (. + _HeapSize)
 *fill*         0x20002af0     0x1000 
                0x20003af0                . = ALIGN (0x4)
                0x20003af0                _pvHeapLimit = .
                0x00001000                _StackSize = 0x1000

.heap2stackfill
                0x20003af0     0x1000
                0x20004af0                . = (. + _StackSize)
 *fill*         0x20003af0     0x1000 

.stack          0x2000f000        0x0
                0x2000f000                _vStackBase = .
                0x2000f000                . = ALIGN (0x4)
                0x20010000                _vStackTop = (. + _StackSize)
                0x60002000                _image_start = LOADADDR (.text)
                0x6000794c                _image_end = (LOADADDR (.data) + SIZEOF (.data))
                0x0000594c                _image_size = (_image_end - _image_start)
OUTPUT(Sentry_Simulator.axf elf32-littlearm)
LOAD linker stubs

.debug_info     0x00000000    0x23e7a
 .debug_info    0x00000000      0x802 ./xip/evkmimxrt1020_flexspi_nor_config.o
 .debug_info    0x00000802      0x45e ./xip/fsl_flexspi_nor_boot.o
 .debug_info    0x00000c60       0xf1 ./utilities/fsl_assert.o
 .debug_info    0x00000d51     0x163e ./utilities/fsl_debug_console.o
 .debug_info    0x0000238f       0x25 ./utilities/fsl_memcpy.o
 .debug_info    0x000023b4     0x13d5 ./utilities/fsl_str.o
 .debug_info    0x00003789     0x1272 ./startup/startup_mimxrt1021.o
 .debug_info    0x000049fb      0xd3c ./source/Sentry_Simulator.o
 .debug_info    0x00005737       0x3d ./source/semihost_hardfault.o
 .debug_info    0x00005774      0x6a4 ./freertos/freertos-kernel/portable/MemMang/heap_4.o
 .debug_info    0x00005e18      0x5d7 ./freertos/freertos-kernel/portable/GCC/ARM_CM4F/port.o
 .debug_info    0x000063ef      0x2b0 ./freertos/freertos-kernel/list.o
 .debug_info    0x0000669f     0x317a ./freertos/freertos-kernel/queue.o
 .debug_info    0x00009819     0x3dfa ./freertos/freertos-kernel/tasks.o
 .debug_info    0x0000d613     0x1abb ./freertos/freertos-kernel/timers.o
 .debug_info    0x0000f0ce     0x402b ./drivers/fsl_clock.o
 .debug_info    0x000130f9     0x3faa ./drivers/fsl_lpuart.o
 .debug_info    0x000170a3      0xbc5 ./device/system_MIMXRT1021.o
 .debug_info    0x00017c68      0xdb4 ./component/uart/fsl_adapter_lpuart.o
 .debug_info    0x00018a1c     0x11f2 ./component/serial_manager/fsl_component_serial_manager.o
 .debug_info    0x00019c0e      0x5b8 ./component/serial_manager/fsl_component_serial_port_uart.o
 .debug_info    0x0001a1c6     0x1269 ./board/board.o
 .debug_info    0x0001b42f     0x8028 ./board/clock_config.o
 .debug_info    0x00023457      0xa23 ./board/pin_mux.o

.debug_abbrev   0x00000000     0x3f3d
 .debug_abbrev  0x00000000      0x113 ./xip/evkmimxrt1020_flexspi_nor_config.o
 .debug_abbrev  0x00000113       0xe8 ./xip/fsl_flexspi_nor_boot.o
 .debug_abbrev  0x000001fb       0xa4 ./utilities/fsl_assert.o
 .debug_abbrev  0x0000029f      0x3f8 ./utilities/fsl_debug_console.o
 .debug_abbrev  0x00000697       0x14 ./utilities/fsl_memcpy.o
 .debug_abbrev  0x000006ab      0x361 ./utilities/fsl_str.o
 .debug_abbrev  0x00000a0c      0x14f ./startup/startup_mimxrt1021.o
 .debug_abbrev  0x00000b5b      0x257 ./source/Sentry_Simulator.o
 .debug_abbrev  0x00000db2       0x2f ./source/semihost_hardfault.o
 .debug_abbrev  0x00000de1      0x327 ./freertos/freertos-kernel/portable/MemMang/heap_4.o
 .debug_abbrev  0x00001108      0x2a4 ./freertos/freertos-kernel/portable/GCC/ARM_CM4F/port.o
 .debug_abbrev  0x000013ac      0x10c ./freertos/freertos-kernel/list.o
 .debug_abbrev  0x000014b8      0x46b ./freertos/freertos-kernel/queue.o
 .debug_abbrev  0x00001923      0x53d ./freertos/freertos-kernel/tasks.o
 .debug_abbrev  0x00001e60      0x427 ./freertos/freertos-kernel/timers.o
 .debug_abbrev  0x00002287      0x537 ./drivers/fsl_clock.o
 .debug_abbrev  0x000027be      0x53c ./drivers/fsl_lpuart.o
 .debug_abbrev  0x00002cfa      0x19d ./device/system_MIMXRT1021.o
 .debug_abbrev  0x00002e97      0x26e ./component/uart/fsl_adapter_lpuart.o
 .debug_abbrev  0x00003105      0x325 ./component/serial_manager/fsl_component_serial_manager.o
 .debug_abbrev  0x0000342a      0x1c8 ./component/serial_manager/fsl_component_serial_port_uart.o
 .debug_abbrev  0x000035f2      0x33d ./board/board.o
 .debug_abbrev  0x0000392f      0x3e3 ./board/clock_config.o
 .debug_abbrev  0x00003d12      0x22b ./board/pin_mux.o

.debug_aranges  0x00000000      0xf50
 .debug_aranges
                0x00000000       0x18 ./xip/evkmimxrt1020_flexspi_nor_config.o
 .debug_aranges
                0x00000018       0x18 ./xip/fsl_flexspi_nor_boot.o
 .debug_aranges
                0x00000030       0x20 ./utilities/fsl_assert.o
 .debug_aranges
                0x00000050       0xa8 ./utilities/fsl_debug_console.o
 .debug_aranges
                0x000000f8       0x20 ./utilities/fsl_memcpy.o
 .debug_aranges
                0x00000118       0x28 ./utilities/fsl_str.o
 .debug_aranges
                0x00000140      0x4f0 ./startup/startup_mimxrt1021.o
 .debug_aranges
                0x00000630       0x68 ./source/Sentry_Simulator.o
 .debug_aranges
                0x00000698       0x20 ./source/semihost_hardfault.o
 .debug_aranges
                0x000006b8       0x50 ./freertos/freertos-kernel/portable/MemMang/heap_4.o
 .debug_aranges
                0x00000708       0x80 ./freertos/freertos-kernel/portable/GCC/ARM_CM4F/port.o
 .debug_aranges
                0x00000788       0x40 ./freertos/freertos-kernel/list.o
 .debug_aranges
                0x000007c8       0xf8 ./freertos/freertos-kernel/queue.o
 .debug_aranges
                0x000008c0      0x1d0 ./freertos/freertos-kernel/tasks.o
 .debug_aranges
                0x00000a90       0xa8 ./freertos/freertos-kernel/timers.o
 .debug_aranges
                0x00000b38      0x138 ./drivers/fsl_clock.o
 .debug_aranges
                0x00000c70      0x128 ./drivers/fsl_lpuart.o
 .debug_aranges
                0x00000d98       0x30 ./device/system_MIMXRT1021.o
 .debug_aranges
                0x00000dc8       0x48 ./component/uart/fsl_adapter_lpuart.o
 .debug_aranges
                0x00000e10       0x70 ./component/serial_manager/fsl_component_serial_manager.o
 .debug_aranges
                0x00000e80       0x48 ./component/serial_manager/fsl_component_serial_port_uart.o
 .debug_aranges
                0x00000ec8       0x30 ./board/board.o
 .debug_aranges
                0x00000ef8       0x30 ./board/clock_config.o
 .debug_aranges
                0x00000f28       0x28 ./board/pin_mux.o

.debug_macro    0x00000000    0x286ea
 .debug_macro   0x00000000      0x142 ./xip/evkmimxrt1020_flexspi_nor_config.o
 .debug_macro   0x00000142      0xb14 ./xip/evkmimxrt1020_flexspi_nor_config.o
 .debug_macro   0x00000c56       0x10 ./xip/evkmimxrt1020_flexspi_nor_config.o
 .debug_macro   0x00000c66      0x12e ./xip/evkmimxrt1020_flexspi_nor_config.o
 .debug_macro   0x00000d94      0x5b3 ./xip/evkmimxrt1020_flexspi_nor_config.o
 .debug_macro   0x00001347       0x22 ./xip/evkmimxrt1020_flexspi_nor_config.o
 .debug_macro   0x00001369       0x16 ./xip/evkmimxrt1020_flexspi_nor_config.o
 .debug_macro   0x0000137f       0x22 ./xip/evkmimxrt1020_flexspi_nor_config.o
 .debug_macro   0x000013a1       0x10 ./xip/evkmimxrt1020_flexspi_nor_config.o
 .debug_macro   0x000013b1       0x4d ./xip/evkmimxrt1020_flexspi_nor_config.o
 .debug_macro   0x000013fe       0x1c ./xip/evkmimxrt1020_flexspi_nor_config.o
 .debug_macro   0x0000141a       0x22 ./xip/evkmimxrt1020_flexspi_nor_config.o
 .debug_macro   0x0000143c       0xfb ./xip/evkmimxrt1020_flexspi_nor_config.o
 .debug_macro   0x00001537     0x1313 ./xip/evkmimxrt1020_flexspi_nor_config.o
 .debug_macro   0x0000284a      0x11f ./xip/evkmimxrt1020_flexspi_nor_config.o
 .debug_macro   0x00002969       0x22 ./xip/evkmimxrt1020_flexspi_nor_config.o
 .debug_macro   0x0000298b       0x1c ./xip/evkmimxrt1020_flexspi_nor_config.o
 .debug_macro   0x000029a7    0x201e7 ./xip/evkmimxrt1020_flexspi_nor_config.o
 .debug_macro   0x00022b8e      0x87d ./xip/evkmimxrt1020_flexspi_nor_config.o
 .debug_macro   0x0002340b       0x7a ./xip/evkmimxrt1020_flexspi_nor_config.o
 .debug_macro   0x00023485       0xb6 ./xip/evkmimxrt1020_flexspi_nor_config.o
 .debug_macro   0x0002353b      0x21e ./xip/evkmimxrt1020_flexspi_nor_config.o
 .debug_macro   0x00023759      0x1a4 ./xip/evkmimxrt1020_flexspi_nor_config.o
 .debug_macro   0x000238fd      0x163 ./xip/fsl_flexspi_nor_boot.o
 .debug_macro   0x00023a60      0x233 ./xip/fsl_flexspi_nor_boot.o
 .debug_macro   0x00023c93       0x10 ./xip/fsl_flexspi_nor_boot.o
 .debug_macro   0x00023ca3      0x136 ./xip/fsl_flexspi_nor_boot.o
 .debug_macro   0x00023dd9       0x7c ./xip/fsl_flexspi_nor_boot.o
 .debug_macro   0x00023e55      0x1c2 ./utilities/fsl_assert.o