../CMSIS/DSP/Source/FastMathFunctions/arm_cos_f32.c:70:11:arm_cos_f32	0	static
../CMSIS/DSP/Source/FastMathFunctions/arm_cos_q15.c:49:7:arm_cos_q15	0	static
../CMSIS/DSP/Source/FastMathFunctions/arm_cos_q31.c:49:7:arm_cos_q31	8	static
../CMSIS/DSP/Source/FastMathFunctions/arm_sin_f32.c:71:11:arm_sin_f32	0	static
../CMSIS/DSP/Source/FastMathFunctions/arm_sin_q15.c:49:7:arm_sin_q15	0	static
../CMSIS/DSP/Source/FastMathFunctions/arm_sin_q31.c:49:7:arm_sin_q31	8	static
../CMSIS/DSP/Source/FastMathFunctions/arm_sqrt_q15.c:50:12:arm_sqrt_q15	8	static
../CMSIS/DSP/Source/FastMathFunctions/arm_sqrt_q31.c:50:12:arm_sqrt_q31	16	static
../CMSIS/DSP/Source/FastMathFunctions/arm_vexp_f32.c:36:6:arm_vexp_f32	16	static
../CMSIS/DSP/Source/FastMathFunctions/arm_vlog_f32.c:36:6:arm_vlog_f32	16	static
../CMSIS/DSP/Source/FastMathFunctions/arm_divide_q15.c:60:12:arm_divide_q15	32	static
