../drivers/fsl_lpuart.c:1882:6:LPUART_TransferHandleIRQ	32	static
../drivers/fsl_lpuart.c:159:10:LPUART_GetInstance	8	static
../drivers/fsl_lpuart.c:194:8:LPUART_TransferGetRxRingBufferLength	8	static
../drivers/fsl_lpuart.c:300:10:LPUART_Init	40	static
../drivers/fsl_lpuart.c:524:6:LPUART_Deinit	8	static
../drivers/fsl_lpuart.c:588:6:LPUART_GetDefaultConfig	8	static
../drivers/fsl_lpuart.c:633:10:LPUART_SetBaudRate	32	static
../drivers/fsl_lpuart.c:733:6:LPUART_Enable9bitMode	8	static
../drivers/fsl_lpuart.c:767:6:LPUART_SendAddress	8	static
../drivers/fsl_lpuart.c:789:6:LPUART_EnableInterrupts	4	static
../drivers/fsl_lpuart.c:831:6:LPUART_DisableInterrupts	4	static
../drivers/fsl_lpuart.c:879:10:LPUART_GetEnabledInterrupts	4	static
../drivers/fsl_lpuart.c:917:10:LPUART_GetStatusFlags	0	static
../drivers/fsl_lpuart.c:950:10:LPUART_ClearStatusFlags	4	static
../drivers/fsl_lpuart.c:1000:10:LPUART_WriteBlocking	8	static
../drivers/fsl_lpuart.c:1065:10:LPUART_ReadBlocking	8	static
../drivers/fsl_lpuart.c:1200:6:LPUART_TransferCreateHandle	24	static
../drivers/fsl_lpuart.c:1265:6:LPUART_TransferStartRingBuffer	8	static
../drivers/fsl_lpuart.c:1294:6:LPUART_TransferStopRingBuffer	8	static
../drivers/fsl_lpuart.c:1332:10:LPUART_TransferSendNonBlocking	8	static
../drivers/fsl_lpuart.c:1375:6:LPUART_TransferAbortSend	8	static
../drivers/fsl_lpuart.c:1400:10:LPUART_TransferGetSendCount	16	static
../drivers/fsl_lpuart.c:1458:10:LPUART_TransferReceiveNonBlocking	24	static
../drivers/fsl_lpuart.c:1597:6:LPUART_TransferAbortReceive	8	static
../drivers/fsl_lpuart.c:1628:10:LPUART_TransferGetReceiveCount	8	static
../drivers/fsl_lpuart.c:1940:6:LPUART_TransferHandleErrorIRQ	0	static
../drivers/fsl_lpuart.c:2035:6:LPUART1_DriverIRQHandler	8	static
../drivers/fsl_lpuart.c:2060:6:LPUART2_DriverIRQHandler	8	static
../drivers/fsl_lpuart.c:2084:6:LPUART3_DriverIRQHandler	8	static
../drivers/fsl_lpuart.c:2108:6:LPUART4_DriverIRQHandler	8	static
../drivers/fsl_lpuart.c:2132:6:LPUART5_DriverIRQHandler	8	static
../drivers/fsl_lpuart.c:2156:6:LPUART6_DriverIRQHandler	8	static
../drivers/fsl_lpuart.c:2180:6:LPUART7_DriverIRQHandler	8	static
../drivers/fsl_lpuart.c:2204:6:LPUART8_DriverIRQHandler	8	static
