../CMSIS/DSP/Source/ComplexMathFunctions/arm_cmplx_conj_f32.c:123:6:arm_cmplx_conj_f32	0	static
../CMSIS/DSP/Source/ComplexMathFunctions/arm_cmplx_conj_q15.c:101:6:arm_cmplx_conj_q15	8	static
../CMSIS/DSP/Source/ComplexMathFunctions/arm_cmplx_conj_q31.c:107:6:arm_cmplx_conj_q31	12	static
../CMSIS/DSP/Source/ComplexMathFunctions/arm_cmplx_dot_prod_f32.c:183:6:arm_cmplx_dot_prod_f32	0	static
../CMSIS/DSP/Source/ComplexMathFunctions/arm_cmplx_dot_prod_q15.c:159:6:arm_cmplx_dot_prod_q15	56	static
../CMSIS/DSP/Source/ComplexMathFunctions/arm_cmplx_dot_prod_q31.c:163:6:arm_cmplx_dot_prod_q31	56	static
../CMSIS/DSP/Source/ComplexMathFunctions/arm_cmplx_mag_f32.c:156:6:arm_cmplx_mag_f32	24	static
../CMSIS/DSP/Source/ComplexMathFunctions/arm_cmplx_mag_q15.c:109:6:arm_cmplx_mag_q15	24	static
../CMSIS/DSP/Source/ComplexMathFunctions/arm_cmplx_mag_q31.c:122:6:arm_cmplx_mag_q31	16	static
../CMSIS/DSP/Source/ComplexMathFunctions/arm_cmplx_mag_squared_f32.c:122:6:arm_cmplx_mag_squared_f32	0	static
../CMSIS/DSP/Source/ComplexMathFunctions/arm_cmplx_mag_squared_q15.c:109:6:arm_cmplx_mag_squared_q15	24	static
../CMSIS/DSP/Source/ComplexMathFunctions/arm_cmplx_mag_squared_q31.c:108:6:arm_cmplx_mag_squared_q31	4	static
../CMSIS/DSP/Source/ComplexMathFunctions/arm_cmplx_mult_cmplx_f32.c:182:6:arm_cmplx_mult_cmplx_f32	0	static
../CMSIS/DSP/Source/ComplexMathFunctions/arm_cmplx_mult_cmplx_q15.c:173:6:arm_cmplx_mult_cmplx_q15	32	static
../CMSIS/DSP/Source/ComplexMathFunctions/arm_cmplx_mult_cmplx_q31.c:168:6:arm_cmplx_mult_cmplx_q31	36	static
../CMSIS/DSP/Source/ComplexMathFunctions/arm_cmplx_mult_real_f32.c:126:6:arm_cmplx_mult_real_f32	0	static
../CMSIS/DSP/Source/ComplexMathFunctions/arm_cmplx_mult_real_q15.c:108:6:arm_cmplx_mult_real_q15	16	static
../CMSIS/DSP/Source/ComplexMathFunctions/arm_cmplx_mult_real_q31.c:108:6:arm_cmplx_mult_real_q31	20	static
