../CMSIS/DSP/Source/MatrixFunctions/arm_mat_add_f32.c:217:12:arm_mat_add_f32	4	static
../CMSIS/DSP/Source/MatrixFunctions/arm_mat_add_q15.c:131:12:arm_mat_add_q15	8	static
../CMSIS/DSP/Source/MatrixFunctions/arm_mat_add_q31.c:130:12:arm_mat_add_q31	8	static
../CMSIS/DSP/Source/MatrixFunctions/arm_mat_cmplx_mult_f32.c:1181:12:arm_mat_cmplx_mult_f32	32	static
../CMSIS/DSP/Source/MatrixFunctions/arm_mat_cmplx_mult_q15.c:315:12:arm_mat_cmplx_mult_q15	112	static
../CMSIS/DSP/Source/MatrixFunctions/arm_mat_cmplx_mult_q31.c:837:12:arm_mat_cmplx_mult_q31	72	static
../CMSIS/DSP/Source/MatrixFunctions/arm_mat_init_f32.c:58:6:arm_mat_init_f32	0	static
../CMSIS/DSP/Source/MatrixFunctions/arm_mat_init_q15.c:49:6:arm_mat_init_q15	0	static
../CMSIS/DSP/Source/MatrixFunctions/arm_mat_init_q31.c:54:6:arm_mat_init_q31	0	static
../CMSIS/DSP/Source/MatrixFunctions/arm_mat_inverse_f32.c:975:12:arm_mat_inverse_f32	64	static
../CMSIS/DSP/Source/MatrixFunctions/arm_mat_inverse_f64.c:51:12:arm_mat_inverse_f64	64	static
../CMSIS/DSP/Source/MatrixFunctions/arm_mat_mult_f64.c:67:12:arm_mat_mult_f64	48	static
../CMSIS/DSP/Source/MatrixFunctions/arm_mat_mult_f32.c:846:12:arm_mat_mult_f32	28	static
../CMSIS/DSP/Source/MatrixFunctions/arm_mat_mult_fast_q15.c:67:12:arm_mat_mult_fast_q15	192	static
../CMSIS/DSP/Source/MatrixFunctions/arm_mat_mult_fast_q31.c:66:12:arm_mat_mult_fast_q31	112	static
../CMSIS/DSP/Source/MatrixFunctions/arm_mat_mult_q7.c:579:12:arm_mat_mult_q7	64	static
../CMSIS/DSP/Source/MatrixFunctions/arm_mat_mult_q15.c:592:12:arm_mat_mult_q15	112	static
../CMSIS/DSP/Source/MatrixFunctions/arm_mat_mult_q31.c:626:12:arm_mat_mult_q31	48	static
../CMSIS/DSP/Source/MatrixFunctions/arm_mat_scale_f32.c:207:12:arm_mat_scale_f32	0	static
../CMSIS/DSP/Source/MatrixFunctions/arm_mat_scale_q15.c:133:12:arm_mat_scale_q15	4	static
../CMSIS/DSP/Source/MatrixFunctions/arm_mat_scale_q31.c:132:12:arm_mat_scale_q31	20	static
../CMSIS/DSP/Source/MatrixFunctions/arm_mat_sub_f64.c:61:12:arm_mat_sub_f64	8	static
../CMSIS/DSP/Source/MatrixFunctions/arm_mat_sub_f32.c:214:12:arm_mat_sub_f32	4	static
../CMSIS/DSP/Source/MatrixFunctions/arm_mat_sub_q15.c:128:12:arm_mat_sub_q15	8	static
../CMSIS/DSP/Source/MatrixFunctions/arm_mat_sub_q31.c:132:12:arm_mat_sub_q31	8	static
../CMSIS/DSP/Source/MatrixFunctions/arm_mat_trans_f32.c:226:12:arm_mat_trans_f32	20	static
../CMSIS/DSP/Source/MatrixFunctions/arm_mat_trans_f64.c:58:12:arm_mat_trans_f64	24	static
../CMSIS/DSP/Source/MatrixFunctions/arm_mat_trans_q7.c:113:12:arm_mat_trans_q7	16	static
../CMSIS/DSP/Source/MatrixFunctions/arm_mat_trans_q15.c:99:12:arm_mat_trans_q15	20	static
../CMSIS/DSP/Source/MatrixFunctions/arm_mat_trans_q31.c:93:12:arm_mat_trans_q31	20	static
../CMSIS/DSP/Source/MatrixFunctions/arm_mat_vec_mult_f32.c:290:6:arm_mat_vec_mult_f32	64	static
../CMSIS/DSP/Source/MatrixFunctions/arm_mat_vec_mult_q31.c:266:6:arm_mat_vec_mult_q31	104	static
../CMSIS/DSP/Source/MatrixFunctions/arm_mat_vec_mult_q15.c:269:6:arm_mat_vec_mult_q15	152	static
../CMSIS/DSP/Source/MatrixFunctions/arm_mat_vec_mult_q7.c:279:6:arm_mat_vec_mult_q7	136	static
../CMSIS/DSP/Source/MatrixFunctions/arm_mat_cmplx_trans_f32.c:68:12:arm_mat_cmplx_trans_f32	16	static
../CMSIS/DSP/Source/MatrixFunctions/arm_mat_cmplx_trans_q31.c:63:12:arm_mat_cmplx_trans_q31	20	static
../CMSIS/DSP/Source/MatrixFunctions/arm_mat_cmplx_trans_q15.c:60:12:arm_mat_cmplx_trans_q15	72	static
../CMSIS/DSP/Source/MatrixFunctions/arm_mat_cholesky_f64.c:55:12:arm_mat_cholesky_f64	56	static
../CMSIS/DSP/Source/MatrixFunctions/arm_mat_cholesky_f32.c:367:12:arm_mat_cholesky_f32	56	static
../CMSIS/DSP/Source/MatrixFunctions/arm_mat_solve_upper_triangular_f32.c:247:14:arm_mat_solve_upper_triangular_f32	56	static
../CMSIS/DSP/Source/MatrixFunctions/arm_mat_solve_lower_triangular_f32.c:255:14:arm_mat_solve_lower_triangular_f32	36	static
../CMSIS/DSP/Source/MatrixFunctions/arm_mat_solve_upper_triangular_f64.c:49:14:arm_mat_solve_upper_triangular_f64	56	static
../CMSIS/DSP/Source/MatrixFunctions/arm_mat_solve_lower_triangular_f64.c:49:14:arm_mat_solve_lower_triangular_f64	36	static
../CMSIS/DSP/Source/MatrixFunctions/arm_mat_ldlt_f32.c:368:12:arm_mat_ldlt_f32	80	static
../CMSIS/DSP/Source/MatrixFunctions/arm_mat_ldlt_f64.c:77:12:arm_mat_ldlt_f64	80	static
