../freertos/freertos-kernel/stream_buffer.c:1248:15:prvWriteBytesToBuffer.part.0	24	static
../freertos/freertos-kernel/stream_buffer.c:1294:15:prvReadBytesFromBuffer	24	static
../freertos/freertos-kernel/stream_buffer.c:321:26:xStreamBufferGenericCreate	24	static
../freertos/freertos-kernel/stream_buffer.c:477:6:vStreamBufferDelete	0	static
../freertos/freertos-kernel/stream_buffer.c:510:12:xStreamBufferReset	32	static
../freertos/freertos-kernel/stream_buffer.c:567:12:xStreamBufferSetTriggerLevel	0	static
../freertos/freertos-kernel/stream_buffer.c:597:8:xStreamBufferSpacesAvailable	8	static
../freertos/freertos-kernel/stream_buffer.c:630:8:xStreamBufferBytesAvailable	0	static
../freertos/freertos-kernel/stream_buffer.c:642:8:xStreamBufferSend	64	static
../freertos/freertos-kernel/stream_buffer.c:773:8:xStreamBufferSendFromISR	40	static
../freertos/freertos-kernel/stream_buffer.c:874:8:xStreamBufferReceive	48	static
../freertos/freertos-kernel/stream_buffer.c:978:8:xStreamBufferNextMessageLengthBytes	24	static
../freertos/freertos-kernel/stream_buffer.c:1018:8:xStreamBufferReceiveFromISR	56	static
../freertos/freertos-kernel/stream_buffer.c:1127:12:xStreamBufferIsEmpty	0	static
../freertos/freertos-kernel/stream_buffer.c:1151:12:xStreamBufferIsFull	4	static
../freertos/freertos-kernel/stream_buffer.c:1186:12:xStreamBufferSendCompletedFromISR	24	static
../freertos/freertos-kernel/stream_buffer.c:1217:12:xStreamBufferReceiveCompletedFromISR	24	static
../freertos/freertos-kernel/stream_buffer.c:1400:17:uxStreamBufferGetStreamBufferNumber	0	static
../freertos/freertos-kernel/stream_buffer.c:1410:10:vStreamBufferSetStreamBufferNumber	0	static
../freertos/freertos-kernel/stream_buffer.c:1421:13:ucStreamBufferGetStreamBufferType	0	static
